2026-09-30 20:07:53,751 8m_16mtoken: parameters=8530176, target steps=7813, processed tokens=16001024, resume step=0
2026-09-30 20:07:55,888 step=1 train=9.21034 val=None lr=1.92308e-06
2026-09-30 20:07:56,392 step=10 train=9.21033 val=None lr=1.92308e-05
2026-09-30 20:07:56,961 step=20 train=9.21031 val=None lr=3.84615e-05
2026-09-30 20:07:57,473 step=30 train=9.21025 val=None lr=5.76923e-05
2026-09-30 20:07:58,017 step=40 train=9.21015 val=None lr=7.69231e-05
2026-09-30 20:07:58,549 step=50 train=9.20995 val=None lr=9.61538e-05
2026-09-30 20:07:59,140 step=60 train=9.20956 val=None lr=0.000115385
2026-09-30 20:07:59,621 step=70 train=9.20880 val=None lr=0.000134615
2026-09-30 20:08:00,216 step=80 train=9.20773 val=None lr=0.000153846
2026-09-30 20:08:00,718 step=90 train=9.20635 val=None lr=0.000173077
2026-09-30 20:08:01,630 step=100 train=9.20347 val=9.203293132781983 lr=0.000192308
2026-09-30 20:08:02,187 step=110 train=9.20008 val=None lr=0.000211538
2026-09-30 20:08:02,698 step=120 train=9.19496 val=None lr=0.000230769
2026-09-30 20:08:03,234 step=130 train=9.18773 val=None lr=0.00025
2026-09-30 20:08:03,741 step=140 train=9.17692 val=None lr=0.000269231
2026-09-30 20:08:04,286 step=150 train=9.15361 val=None lr=0.000288462
2026-09-30 20:08:05,281 step=160 train=9.11613 val=None lr=0.0003
2026-09-30 20:08:05,924 step=170 train=9.05777 val=None lr=0.000299998
2026-09-30 20:08:06,580 step=180 train=8.97359 val=None lr=0.000299993
2026-09-30 20:08:07,200 step=190 train=8.90302 val=None lr=0.000299987
2026-09-30 20:08:08,187 step=200 train=8.81943 val=8.81739001274109 lr=0.000299978
2026-09-30 20:08:08,730 step=210 train=8.73536 val=None lr=0.000299967
2026-09-30 20:08:09,373 step=220 train=8.64449 val=None lr=0.000299953
2026-09-30 20:08:09,866 step=230 train=8.56920 val=None lr=0.000299938
2026-09-30 20:08:10,469 step=240 train=8.47642 val=None lr=0.00029992
2026-09-30 20:08:09,025 step=250 train=8.38241 val=None lr=0.0002999
2026-09-30 20:08:09,639 step=260 train=8.26280 val=None lr=0.000299877
2026-09-30 20:08:10,346 step=270 train=8.15341 val=None lr=0.000299852
2026-09-30 20:08:10,988 step=280 train=8.06504 val=None lr=0.000299825
2026-09-30 20:08:11,647 step=290 train=7.92908 val=None lr=0.000299796
2026-09-30 20:08:12,566 step=300 train=7.77285 val=7.786469101905823 lr=0.000299764
2026-09-30 20:08:13,043 step=310 train=7.66581 val=None lr=0.000299731
2026-09-30 20:08:13,559 step=320 train=7.54739 val=None lr=0.000299695
2026-09-30 20:08:14,217 step=330 train=7.50139 val=None lr=0.000299656
2026-09-30 20:08:14,942 step=340 train=7.35125 val=None lr=0.000299615
2026-09-30 20:08:15,565 step=350 train=7.19218 val=None lr=0.000299573
2026-09-30 20:08:16,216 step=360 train=7.02334 val=None lr=0.000299527
2026-09-30 20:08:16,891 step=370 train=6.99846 val=None lr=0.00029948
2026-09-30 20:08:17,497 step=380 train=6.89295 val=None lr=0.00029943
2026-09-30 20:08:18,009 step=390 train=6.76527 val=None lr=0.000299378
2026-09-30 20:08:19,092 step=400 train=6.55903 val=6.621091222763061 lr=0.000299324
2026-09-30 20:08:19,605 step=410 train=6.61005 val=None lr=0.000299268
2026-09-30 20:08:20,122 step=420 train=6.54243 val=None lr=0.000299209
2026-09-30 20:08:20,665 step=430 train=6.38047 val=None lr=0.000299148
2026-09-30 20:08:21,181 step=440 train=6.24504 val=None lr=0.000299085
2026-09-30 20:08:21,821 step=450 train=6.17739 val=None lr=0.000299019
2026-09-30 20:08:22,356 step=460 train=6.23478 val=None lr=0.000298951
2026-09-30 20:08:22,968 step=470 train=6.16430 val=None lr=0.000298881
2026-09-30 20:08:23,698 step=480 train=6.07559 val=None lr=0.000298809
2026-09-30 20:08:24,237 step=490 train=6.04314 val=None lr=0.000298734
2026-09-30 20:08:25,305 step=500 train=5.87071 val=5.900082993507385 lr=0.000298658
2026-09-30 20:08:26,660 step=510 train=5.96690 val=None lr=0.000298579
2026-09-30 20:08:27,391 step=520 train=5.71681 val=None lr=0.000298497
2026-09-30 20:08:28,130 step=530 train=5.82575 val=None lr=0.000298414
2026-09-30 20:08:28,663 step=540 train=5.64894 val=None lr=0.000298328
2026-09-30 20:08:29,157 step=550 train=5.83639 val=None lr=0.00029824
2026-09-30 20:08:29,734 step=560 train=5.59186 val=None lr=0.00029815
2026-09-30 20:08:30,381 step=570 train=5.67392 val=None lr=0.000298057
2026-09-30 20:08:31,120 step=580 train=5.62382 val=None lr=0.000297962
2026-09-30 20:08:31,737 step=590 train=5.60843 val=None lr=0.000297865
2026-09-30 20:08:32,966 step=600 train=5.54560 val=5.505052089691162 lr=0.000297766
2026-09-30 20:08:33,760 step=610 train=5.54169 val=None lr=0.000297665
2026-09-30 20:08:34,350 step=620 train=5.34511 val=None lr=0.000297561
2026-09-30 20:08:34,985 step=630 train=5.46873 val=None lr=0.000297455
2026-09-30 20:08:35,778 step=640 train=5.34865 val=None lr=0.000297347
2026-09-30 20:08:36,302 step=650 train=5.52770 val=None lr=0.000297237
2026-09-30 20:08:36,866 step=660 train=5.38148 val=None lr=0.000297124
2026-09-30 20:08:37,420 step=670 train=5.39916 val=None lr=0.000297009
2026-09-30 20:08:37,977 step=680 train=5.25289 val=None lr=0.000296892
2026-09-30 20:08:38,519 step=690 train=5.37439 val=None lr=0.000296773
2026-09-30 20:08:39,445 step=700 train=5.06708 val=5.140215229988098 lr=0.000296651
2026-09-30 20:08:40,043 step=710 train=5.06146 val=None lr=0.000296528
2026-09-30 20:08:40,586 step=720 train=5.11259 val=None lr=0.000296402
2026-09-30 20:08:41,174 step=730 train=5.14582 val=None lr=0.000296273
2026-09-30 20:08:39,775 step=740 train=4.87253 val=None lr=0.000296143
2026-09-30 20:08:40,310 step=750 train=5.11888 val=None lr=0.000296011
2026-09-30 20:08:40,907 step=760 train=4.92786 val=None lr=0.000295876
2026-09-30 20:08:41,650 step=770 train=4.86511 val=None lr=0.000295739
2026-09-30 20:08:42,234 step=780 train=4.97304 val=None lr=0.0002956
2026-09-30 20:08:42,863 step=790 train=4.99303 val=None lr=0.000295458
2026-09-30 20:08:43,872 step=800 train=5.02911 val=4.8056707859039305 lr=0.000295315
2026-09-30 20:08:44,434 step=810 train=4.85139 val=None lr=0.000295169
2026-09-30 20:08:44,957 step=820 train=4.90562 val=None lr=0.000295021
2026-09-30 20:08:45,550 step=830 train=4.65197 val=None lr=0.000294871
2026-09-30 20:08:46,066 step=840 train=4.91312 val=None lr=0.000294719
2026-09-30 20:08:46,617 step=850 train=4.71717 val=None lr=0.000294564
2026-09-30 20:08:47,139 step=860 train=4.69199 val=None lr=0.000294407
2026-09-30 20:08:47,761 step=870 train=4.69972 val=None lr=0.000294249
2026-09-30 20:08:48,260 step=880 train=4.53029 val=None lr=0.000294088
2026-09-30 20:08:48,802 step=890 train=4.70134 val=None lr=0.000293924
2026-09-30 20:08:49,695 step=900 train=4.70274 val=4.531466126441956 lr=0.000293759
2026-09-30 20:08:50,320 step=910 train=4.48961 val=None lr=0.000293591
2026-09-30 20:08:50,847 step=920 train=4.60496 val=None lr=0.000293422
2026-09-30 20:08:51,402 step=930 train=4.52962 val=None lr=0.00029325
2026-09-30 20:08:51,902 step=940 train=4.32722 val=None lr=0.000293076
2026-09-30 20:08:52,419 step=950 train=4.31739 val=None lr=0.0002929
2026-09-30 20:08:53,014 step=960 train=4.35986 val=None lr=0.000292721
2026-09-30 20:08:53,543 step=970 train=4.64943 val=None lr=0.000292541
2026-09-30 20:08:54,202 step=980 train=4.53698 val=None lr=0.000292358
2026-09-30 20:08:54,742 step=990 train=4.32726 val=None lr=0.000292173
2026-09-30 20:08:55,832 step=1000 train=4.33487 val=4.338516187667847 lr=0.000291986
2026-09-30 20:08:56,705 step=1010 train=4.43904 val=None lr=0.000291797
2026-09-30 20:08:57,284 step=1020 train=4.62221 val=None lr=0.000291606
2026-09-30 20:08:57,962 step=1030 train=4.22211 val=None lr=0.000291413
2026-09-30 20:08:58,500 step=1040 train=4.21179 val=None lr=0.000291217
2026-09-30 20:08:59,067 step=1050 train=4.16398 val=None lr=0.00029102
2026-09-30 20:08:59,578 step=1060 train=3.98421 val=None lr=0.00029082
2026-09-30 20:09:00,115 step=1070 train=4.11379 val=None lr=0.000290618
2026-09-30 20:09:00,739 step=1080 train=4.06903 val=None lr=0.000290414
2026-09-30 20:09:01,338 step=1090 train=4.44381 val=None lr=0.000290208
2026-09-30 20:09:02,237 step=1100 train=4.12603 val=4.21064453125 lr=0.00029
2026-09-30 20:09:02,756 step=1110 train=4.48548 val=None lr=0.00028979
2026-09-30 20:09:03,294 step=1120 train=4.18067 val=None lr=0.000289578
2026-09-30 20:09:03,817 step=1130 train=4.16045 val=None lr=0.000289363
2026-09-30 20:09:04,378 step=1140 train=4.26540 val=None lr=0.000289147
2026-09-30 20:09:04,918 step=1150 train=4.21157 val=None lr=0.000288928
2026-09-30 20:09:05,534 step=1160 train=4.37152 val=None lr=0.000288707
2026-09-30 20:09:06,125 step=1170 train=4.23497 val=None lr=0.000288484
2026-09-30 20:09:06,645 step=1180 train=4.20992 val=None lr=0.000288259
2026-09-30 20:09:07,152 step=1190 train=4.03790 val=None lr=0.000288032
2026-09-30 20:09:08,164 step=1200 train=4.34141 val=4.123856019973755 lr=0.000287803
2026-09-30 20:09:08,692 step=1210 train=4.40924 val=None lr=0.000287572
2026-09-30 20:09:09,337 step=1220 train=4.38003 val=None lr=0.000287339
2026-09-30 20:09:09,856 step=1230 train=4.29871 val=None lr=0.000287104
2026-09-30 20:09:10,406 step=1240 train=4.21344 val=None lr=0.000286867
2026-09-30 20:09:10,942 step=1250 train=4.02054 val=None lr=0.000286627
2026-09-30 20:09:11,463 step=1260 train=3.89338 val=None lr=0.000286386
2026-09-30 20:09:09,999 step=1270 train=4.01249 val=None lr=0.000286143
2026-09-30 20:09:10,531 step=1280 train=4.07751 val=None lr=0.000285897
2026-09-30 20:09:11,102 step=1290 train=4.06565 val=None lr=0.00028565
2026-09-30 20:09:12,056 step=1300 train=4.05400 val=4.058246624469757 lr=0.0002854
2026-09-30 20:09:12,846 step=1310 train=4.05419 val=None lr=0.000285149
2026-09-30 20:09:13,543 step=1320 train=4.29751 val=None lr=0.000284895
2026-09-30 20:09:14,029 step=1330 train=4.16375 val=None lr=0.000284639
2026-09-30 20:09:14,517 step=1340 train=4.07670 val=None lr=0.000284382
2026-09-30 20:09:15,154 step=1350 train=3.84335 val=None lr=0.000284122
2026-09-30 20:09:15,695 step=1360 train=3.99123 val=None lr=0.000283861
2026-09-30 20:09:16,290 step=1370 train=4.02277 val=None lr=0.000283597
2026-09-30 20:09:16,923 step=1380 train=4.05772 val=None lr=0.000283331
2026-09-30 20:09:17,442 step=1390 train=4.03054 val=None lr=0.000283064
2026-09-30 20:09:18,333 step=1400 train=4.09194 val=4.011910080909729 lr=0.000282794
2026-09-30 20:09:18,906 step=1410 train=4.03132 val=None lr=0.000282522
2026-09-30 20:09:19,391 step=1420 train=3.92376 val=None lr=0.000282249
2026-09-30 20:09:19,976 step=1430 train=4.02730 val=None lr=0.000281973
2026-09-30 20:09:20,454 step=1440 train=4.02396 val=None lr=0.000281696
2026-09-30 20:09:20,990 step=1450 train=4.09435 val=None lr=0.000281416
2026-09-30 20:09:21,508 step=1460 train=3.99933 val=None lr=0.000281135
2026-09-30 20:09:22,134 step=1470 train=3.95446 val=None lr=0.000280852
2026-09-30 20:09:22,773 step=1480 train=3.91801 val=None lr=0.000280566
2026-09-30 20:09:23,477 step=1490 train=4.00421 val=None lr=0.000280279
2026-09-30 20:09:24,443 step=1500 train=4.13121 val=3.974467158317566 lr=0.00027999
2026-09-30 20:09:25,615 step=1510 train=4.15964 val=None lr=0.000279699
2026-09-30 20:09:26,090 step=1520 train=4.00016 val=None lr=0.000279406
2026-09-30 20:09:26,569 step=1530 train=4.06798 val=None lr=0.000279111
2026-09-30 20:09:27,056 step=1540 train=4.04165 val=None lr=0.000278814
2026-09-30 20:09:27,717 step=1550 train=3.80910 val=None lr=0.000278515
2026-09-30 20:09:28,786 step=1560 train=3.72668 val=None lr=0.000278214
2026-09-30 20:09:29,477 step=1570 train=4.42973 val=None lr=0.000277911
2026-09-30 20:09:30,029 step=1580 train=3.86416 val=None lr=0.000277607
2026-09-30 20:09:30,623 step=1590 train=4.08741 val=None lr=0.0002773
2026-09-30 20:09:31,589 step=1600 train=3.89402 val=3.9453441739082336 lr=0.000276992
2026-09-30 20:09:32,345 step=1610 train=4.02746 val=None lr=0.000276682
2026-09-30 20:09:32,895 step=1620 train=3.88642 val=None lr=0.00027637
2026-09-30 20:09:33,378 step=1630 train=3.66424 val=None lr=0.000276056
2026-09-30 20:09:33,910 step=1640 train=3.66692 val=None lr=0.00027574
2026-09-30 20:09:34,416 step=1650 train=4.17825 val=None lr=0.000275422
2026-09-30 20:09:34,961 step=1660 train=3.92764 val=None lr=0.000275102
2026-09-30 20:09:35,709 step=1670 train=3.98376 val=None lr=0.000274781
2026-09-30 20:09:36,219 step=1680 train=4.07453 val=None lr=0.000274458
2026-09-30 20:09:36,709 step=1690 train=4.06042 val=None lr=0.000274133
2026-09-30 20:09:37,645 step=1700 train=4.06778 val=3.9170128226280214 lr=0.000273806
2026-09-30 20:09:38,176 step=1710 train=3.97135 val=None lr=0.000273477
2026-09-30 20:09:38,651 step=1720 train=3.72043 val=None lr=0.000273146
2026-09-30 20:09:39,152 step=1730 train=3.98385 val=None lr=0.000272814
2026-09-30 20:09:39,739 step=1740 train=3.89125 val=None lr=0.000272479
2026-09-30 20:09:40,286 step=1750 train=4.12459 val=None lr=0.000272143
2026-09-30 20:09:40,799 step=1760 train=4.07595 val=None lr=0.000271806
2026-09-30 20:09:41,261 step=1770 train=3.93947 val=None lr=0.000271466
2026-09-30 20:09:41,840 step=1780 train=4.20629 val=None lr=0.000271124
2026-09-30 20:09:40,251 step=1790 train=4.03631 val=None lr=0.000270781
2026-09-30 20:09:41,228 step=1800 train=4.08773 val=3.8979381203651426 lr=0.000270436
2026-09-30 20:09:41,819 step=1810 train=4.09190 val=None lr=0.000270089
2026-09-30 20:09:42,388 step=1820 train=4.18690 val=None lr=0.000269741
2026-09-30 20:09:42,923 step=1830 train=3.67120 val=None lr=0.00026939
2026-09-30 20:09:43,471 step=1840 train=3.88642 val=None lr=0.000269038
2026-09-30 20:09:44,027 step=1850 train=3.76921 val=None lr=0.000268685
2026-09-30 20:09:44,535 step=1860 train=3.92263 val=None lr=0.000268329
2026-09-30 20:09:45,090 step=1870 train=3.66688 val=None lr=0.000267972
2026-09-30 20:09:45,661 step=1880 train=3.94305 val=None lr=0.000267613
2026-09-30 20:09:46,158 step=1890 train=4.26081 val=None lr=0.000267252
2026-09-30 20:09:47,049 step=1900 train=3.70860 val=3.8768309712409974 lr=0.000266889
2026-09-30 20:09:47,578 step=1910 train=4.01132 val=None lr=0.000266525
2026-09-30 20:09:48,125 step=1920 train=3.77895 val=None lr=0.000266159
2026-09-30 20:09:48,658 step=1930 train=3.96414 val=None lr=0.000265791
2026-09-30 20:09:49,148 step=1940 train=4.01253 val=None lr=0.000265422
2026-09-30 20:09:49,611 step=1950 train=3.80936 val=None lr=0.000265051
2026-09-30 20:09:50,161 step=1960 train=4.04443 val=None lr=0.000264678
2026-09-30 20:09:50,936 step=1970 train=3.96262 val=None lr=0.000264304
2026-09-30 20:09:51,677 step=1980 train=3.96773 val=None lr=0.000263928
2026-09-30 20:09:52,264 step=1990 train=3.60755 val=None lr=0.00026355
2026-09-30 20:09:53,347 step=2000 train=4.01433 val=3.8589853048324585 lr=0.000263171
2026-09-30 20:09:54,366 step=2010 train=3.94044 val=None lr=0.00026279
2026-09-30 20:09:54,958 step=2020 train=3.85254 val=None lr=0.000262407
2026-09-30 20:09:55,558 step=2030 train=3.73738 val=None lr=0.000262023
2026-09-30 20:09:56,053 step=2040 train=3.99132 val=None lr=0.000261637
2026-09-30 20:09:56,645 step=2050 train=3.99504 val=None lr=0.000261249
2026-09-30 20:09:57,295 step=2060 train=3.82872 val=None lr=0.00026086
2026-09-30 20:09:57,842 step=2070 train=4.00887 val=None lr=0.000260469
2026-09-30 20:09:58,322 step=2080 train=3.91405 val=None lr=0.000260077
2026-09-30 20:09:58,845 step=2090 train=3.76442 val=None lr=0.000259683
2026-09-30 20:09:59,886 step=2100 train=3.83179 val=3.8422235012054444 lr=0.000259287
2026-09-30 20:10:00,397 step=2110 train=3.95264 val=None lr=0.00025889
2026-09-30 20:10:01,002 step=2120 train=3.78655 val=None lr=0.000258491
2026-09-30 20:10:01,554 step=2130 train=3.83551 val=None lr=0.000258091
2026-09-30 20:10:02,219 step=2140 train=3.68776 val=None lr=0.000257689
2026-09-30 20:10:02,822 step=2150 train=3.50160 val=None lr=0.000257285
2026-09-30 20:10:03,300 step=2160 train=4.04087 val=None lr=0.00025688
2026-09-30 20:10:04,002 step=2170 train=3.76071 val=None lr=0.000256474
2026-09-30 20:10:04,737 step=2180 train=3.90667 val=None lr=0.000256066
2026-09-30 20:10:05,243 step=2190 train=3.94676 val=None lr=0.000255656
2026-09-30 20:10:06,124 step=2200 train=3.71271 val=3.821234607696533 lr=0.000255245
2026-09-30 20:10:06,685 step=2210 train=3.79343 val=None lr=0.000254832
2026-09-30 20:10:07,295 step=2220 train=3.87834 val=None lr=0.000254418
2026-09-30 20:10:07,738 step=2230 train=3.97533 val=None lr=0.000254002
2026-09-30 20:10:08,318 step=2240 train=3.83871 val=None lr=0.000253585
2026-09-30 20:10:09,013 step=2250 train=3.83749 val=None lr=0.000253166
2026-09-30 20:10:09,736 step=2260 train=3.69914 val=None lr=0.000252746
2026-09-30 20:10:10,323 step=2270 train=4.01812 val=None lr=0.000252324
2026-09-30 20:10:10,905 step=2280 train=3.78735 val=None lr=0.000251901
2026-09-30 20:10:11,480 step=2290 train=3.77121 val=None lr=0.000251477
2026-09-30 20:10:12,409 step=2300 train=3.87056 val=3.7892929315567017 lr=0.000251051
2026-09-30 20:10:10,828 step=2310 train=3.73154 val=None lr=0.000250623
2026-09-30 20:10:11,352 step=2320 train=4.18478 val=None lr=0.000250194
2026-09-30 20:10:11,830 step=2330 train=3.91447 val=None lr=0.000249764
2026-09-30 20:10:12,369 step=2340 train=3.61210 val=None lr=0.000249332
2026-09-30 20:10:12,889 step=2350 train=3.84733 val=None lr=0.000248899
2026-09-30 20:10:13,567 step=2360 train=3.94126 val=None lr=0.000248464
2026-09-30 20:10:14,080 step=2370 train=3.70030 val=None lr=0.000248028
2026-09-30 20:10:14,569 step=2380 train=3.97333 val=None lr=0.000247591
2026-09-30 20:10:15,230 step=2390 train=3.88819 val=None lr=0.000247152
2026-09-30 20:10:16,028 step=2400 train=3.73881 val=3.7596690177917482 lr=0.000246711
2026-09-30 20:10:16,622 step=2410 train=3.94455 val=None lr=0.00024627
2026-09-30 20:10:17,095 step=2420 train=3.69929 val=None lr=0.000245827
2026-09-30 20:10:17,695 step=2430 train=3.76263 val=None lr=0.000245383
2026-09-30 20:10:18,216 step=2440 train=3.89264 val=None lr=0.000244937
2026-09-30 20:10:18,978 step=2450 train=4.02581 val=None lr=0.00024449
2026-09-30 20:10:19,444 step=2460 train=3.62031 val=None lr=0.000244041
2026-09-30 20:10:19,955 step=2470 train=3.66883 val=None lr=0.000243592
2026-09-30 20:10:20,466 step=2480 train=3.91227 val=None lr=0.000243141
2026-09-30 20:10:20,957 step=2490 train=3.80877 val=None lr=0.000242688
2026-09-30 20:10:21,969 step=2500 train=3.77454 val=3.7197048664093018 lr=0.000242235
2026-09-30 20:10:22,831 step=2510 train=3.94574 val=None lr=0.00024178
2026-09-30 20:10:23,418 step=2520 train=3.93723 val=None lr=0.000241324
2026-09-30 20:10:23,992 step=2530 train=3.64326 val=None lr=0.000240866
2026-09-30 20:10:24,553 step=2540 train=3.58181 val=None lr=0.000240407
2026-09-30 20:10:25,166 step=2550 train=3.74679 val=None lr=0.000239947
2026-09-30 20:10:25,729 step=2560 train=3.54585 val=None lr=0.000239486
2026-09-30 20:10:26,302 step=2570 train=3.70674 val=None lr=0.000239023
2026-09-30 20:10:26,879 step=2580 train=3.50146 val=None lr=0.00023856
2026-09-30 20:10:27,421 step=2590 train=3.76385 val=None lr=0.000238094
2026-09-30 20:10:28,336 step=2600 train=3.72286 val=3.685411584377289 lr=0.000237628
2026-09-30 20:10:28,924 step=2610 train=3.85850 val=None lr=0.000237161
2026-09-30 20:10:29,437 step=2620 train=3.73897 val=None lr=0.000236692
2026-09-30 20:10:30,077 step=2630 train=3.87839 val=None lr=0.000236222
2026-09-30 20:10:30,788 step=2640 train=3.57295 val=None lr=0.000235751
2026-09-30 20:10:31,257 step=2650 train=3.63534 val=None lr=0.000235279
2026-09-30 20:10:31,880 step=2660 train=3.88686 val=None lr=0.000234805
2026-09-30 20:10:32,347 step=2670 train=3.57703 val=None lr=0.00023433
2026-09-30 20:10:32,855 step=2680 train=3.80976 val=None lr=0.000233855
2026-09-30 20:10:33,470 step=2690 train=3.97728 val=None lr=0.000233378
2026-09-30 20:10:34,496 step=2700 train=3.87230 val=3.644708037376404 lr=0.000232899
2026-09-30 20:10:35,015 step=2710 train=3.96883 val=None lr=0.00023242
2026-09-30 20:10:35,499 step=2720 train=3.80262 val=None lr=0.00023194
2026-09-30 20:10:36,086 step=2730 train=3.56205 val=None lr=0.000231458
2026-09-30 20:10:36,705 step=2740 train=3.55687 val=None lr=0.000230975
2026-09-30 20:10:37,347 step=2750 train=3.84317 val=None lr=0.000230492
2026-09-30 20:10:37,865 step=2760 train=3.77343 val=None lr=0.000230007
2026-09-30 20:10:38,351 step=2770 train=3.80915 val=None lr=0.000229521
2026-09-30 20:10:38,965 step=2780 train=3.68385 val=None lr=0.000229034
2026-09-30 20:10:39,547 step=2790 train=3.58747 val=None lr=0.000228545
2026-09-30 20:10:40,423 step=2800 train=3.59251 val=3.6102665066719055 lr=0.000228056
2026-09-30 20:10:40,903 step=2810 train=3.61183 val=None lr=0.000227566
2026-09-30 20:10:41,350 step=2820 train=3.60550 val=None lr=0.000227075
2026-09-30 20:10:41,829 step=2830 train=3.64998 val=None lr=0.000226582
2026-09-30 20:10:42,342 step=2840 train=3.69754 val=None lr=0.000226089
2026-09-30 20:10:42,806 step=2850 train=3.54280 val=None lr=0.000225594
2026-09-30 20:10:41,174 step=2860 train=3.69813 val=None lr=0.000225099
2026-09-30 20:10:41,633 step=2870 train=3.63677 val=None lr=0.000224602
2026-09-30 20:10:42,148 step=2880 train=3.47242 val=None lr=0.000224105
2026-09-30 20:10:42,691 step=2890 train=3.99188 val=None lr=0.000223606
2026-09-30 20:10:43,650 step=2900 train=3.76585 val=3.5761804938316346 lr=0.000223107
2026-09-30 20:10:44,265 step=2910 train=3.67612 val=None lr=0.000222606
2026-09-30 20:10:44,776 step=2920 train=3.61597 val=None lr=0.000222105
2026-09-30 20:10:45,297 step=2930 train=3.46245 val=None lr=0.000221603
2026-09-30 20:10:45,843 step=2940 train=3.77643 val=None lr=0.000221099
2026-09-30 20:10:46,464 step=2950 train=3.65184 val=None lr=0.000220595
2026-09-30 20:10:46,987 step=2960 train=3.79817 val=None lr=0.00022009
2026-09-30 20:10:47,644 step=2970 train=3.90320 val=None lr=0.000219584
2026-09-30 20:10:48,194 step=2980 train=3.60028 val=None lr=0.000219077
2026-09-30 20:10:48,910 step=2990 train=3.31564 val=None lr=0.000218569
2026-09-30 20:10:50,681 step=3000 train=3.89110 val=3.5480980277061462 lr=0.00021806
2026-09-30 20:10:51,562 step=3010 train=3.47499 val=None lr=0.00021755
2026-09-30 20:10:52,115 step=3020 train=3.74604 val=None lr=0.000217039
2026-09-30 20:10:52,696 step=3030 train=3.42628 val=None lr=0.000216528
2026-09-30 20:10:53,364 step=3040 train=3.54989 val=None lr=0.000216016
2026-09-30 20:10:53,921 step=3050 train=3.84933 val=None lr=0.000215502
2026-09-30 20:10:54,430 step=3060 train=3.63213 val=None lr=0.000214988
2026-09-30 20:10:55,041 step=3070 train=3.41666 val=None lr=0.000214473
2026-09-30 20:10:55,625 step=3080 train=3.48597 val=None lr=0.000213957
2026-09-30 20:10:56,142 step=3090 train=3.43395 val=None lr=0.000213441
2026-09-30 20:10:57,081 step=3100 train=3.52400 val=3.5184099316596984 lr=0.000212923
2026-09-30 20:10:57,639 step=3110 train=3.78840 val=None lr=0.000212405
2026-09-30 20:10:58,161 step=3120 train=3.36650 val=None lr=0.000211886
2026-09-30 20:10:58,689 step=3130 train=3.69906 val=None lr=0.000211366
2026-09-30 20:10:59,226 step=3140 train=3.49909 val=None lr=0.000210846
2026-09-30 20:10:59,787 step=3150 train=3.71105 val=None lr=0.000210324
2026-09-30 20:11:00,417 step=3160 train=3.63242 val=None lr=0.000209802
2026-09-30 20:11:01,123 step=3170 train=3.49873 val=None lr=0.000209279
2026-09-30 20:11:01,909 step=3180 train=3.65002 val=None lr=0.000208756
2026-09-30 20:11:02,575 step=3190 train=3.69365 val=None lr=0.000208231
2026-09-30 20:11:03,610 step=3200 train=3.55140 val=3.4965784907341004 lr=0.000207706
2026-09-30 20:11:04,187 step=3210 train=3.41774 val=None lr=0.000207181
2026-09-30 20:11:04,625 step=3220 train=3.55537 val=None lr=0.000206654
2026-09-30 20:11:05,138 step=3230 train=3.42861 val=None lr=0.000206127
2026-09-30 20:11:05,658 step=3240 train=3.51665 val=None lr=0.000205599
2026-09-30 20:11:06,155 step=3250 train=3.59627 val=None lr=0.00020507
2026-09-30 20:11:06,754 step=3260 train=3.35411 val=None lr=0.000204541
2026-09-30 20:11:07,233 step=3270 train=3.50108 val=None lr=0.000204011
2026-09-30 20:11:07,946 step=3280 train=3.53818 val=None lr=0.000203481
2026-09-30 20:11:08,575 step=3290 train=3.72457 val=None lr=0.000202949
2026-09-30 20:11:09,509 step=3300 train=3.71299 val=3.471578574180603 lr=0.000202417
2026-09-30 20:11:10,115 step=3310 train=3.63382 val=None lr=0.000201885
2026-09-30 20:11:10,685 step=3320 train=3.50223 val=None lr=0.000201352
2026-09-30 20:11:11,321 step=3330 train=3.33744 val=None lr=0.000200818
2026-09-30 20:11:12,086 step=3340 train=3.47991 val=None lr=0.000200284
2026-09-30 20:11:12,623 step=3350 train=3.50632 val=None lr=0.000199749
2026-09-30 20:11:11,351 step=3360 train=3.41269 val=None lr=0.000199213
2026-09-30 20:11:11,971 step=3370 train=3.50911 val=None lr=0.000198677
2026-09-30 20:11:12,729 step=3380 train=3.35668 val=None lr=0.000198141
2026-09-30 20:11:13,267 step=3390 train=3.34210 val=None lr=0.000197603
2026-09-30 20:11:14,104 step=3400 train=3.43662 val=3.4490641951560974 lr=0.000197066
2026-09-30 20:11:14,659 step=3410 train=3.60166 val=None lr=0.000196527
2026-09-30 20:11:15,263 step=3420 train=3.78714 val=None lr=0.000195988
2026-09-30 20:11:15,996 step=3430 train=3.62768 val=None lr=0.000195449
2026-09-30 20:11:16,606 step=3440 train=3.35757 val=None lr=0.000194909
2026-09-30 20:11:17,127 step=3450 train=3.49394 val=None lr=0.000194369
2026-09-30 20:11:17,741 step=3460 train=3.39347 val=None lr=0.000193828
2026-09-30 20:11:18,309 step=3470 train=3.38201 val=None lr=0.000193287
2026-09-30 20:11:18,951 step=3480 train=3.38683 val=None lr=0.000192745
2026-09-30 20:11:19,628 step=3490 train=3.44176 val=None lr=0.000192202
2026-09-30 20:11:20,787 step=3500 train=3.62248 val=3.4249048471450805 lr=0.00019166
2026-09-30 20:11:21,994 step=3510 train=3.63771 val=None lr=0.000191116
2026-09-30 20:11:22,725 step=3520 train=3.29478 val=None lr=0.000190573
2026-09-30 20:11:23,263 step=3530 train=3.38850 val=None lr=0.000190029
2026-09-30 20:11:23,835 step=3540 train=3.32068 val=None lr=0.000189484
2026-09-30 20:11:24,528 step=3550 train=3.53328 val=None lr=0.000188939
2026-09-30 20:11:25,074 step=3560 train=3.62242 val=None lr=0.000188394
2026-09-30 20:11:25,640 step=3570 train=3.45975 val=None lr=0.000187848
2026-09-30 20:11:26,171 step=3580 train=3.68874 val=None lr=0.000187302
2026-09-30 20:11:26,792 step=3590 train=3.33730 val=None lr=0.000186756
2026-09-30 20:11:27,857 step=3600 train=3.52959 val=3.4054303765296936 lr=0.000186209
2026-09-30 20:11:28,547 step=3610 train=3.25022 val=None lr=0.000185662
2026-09-30 20:11:29,092 step=3620 train=3.44132 val=None lr=0.000185114
2026-09-30 20:11:29,631 step=3630 train=3.44542 val=None lr=0.000184566
2026-09-30 20:11:30,243 step=3640 train=3.56090 val=None lr=0.000184018
2026-09-30 20:11:30,916 step=3650 train=3.26257 val=None lr=0.00018347
2026-09-30 20:11:31,556 step=3660 train=3.34786 val=None lr=0.000182921
2026-09-30 20:11:32,184 step=3670 train=3.34367 val=None lr=0.000182372
2026-09-30 20:11:32,767 step=3680 train=3.46578 val=None lr=0.000181822
2026-09-30 20:11:33,238 step=3690 train=3.25189 val=None lr=0.000181272
2026-09-30 20:11:34,265 step=3700 train=3.45126 val=3.3842323064804076 lr=0.000180722
2026-09-30 20:11:34,791 step=3710 train=3.36199 val=None lr=0.000180172
2026-09-30 20:11:35,456 step=3720 train=3.48021 val=None lr=0.000179622
2026-09-30 20:11:35,963 step=3730 train=3.30650 val=None lr=0.000179071
2026-09-30 20:11:36,503 step=3740 train=3.72510 val=None lr=0.00017852
2026-09-30 20:11:37,230 step=3750 train=3.50707 val=None lr=0.000177969
2026-09-30 20:11:37,898 step=3760 train=3.21634 val=None lr=0.000177417
2026-09-30 20:11:38,362 step=3770 train=3.53075 val=None lr=0.000176866
2026-09-30 20:11:38,910 step=3780 train=3.24137 val=None lr=0.000176314
2026-09-30 20:11:39,402 step=3790 train=3.34581 val=None lr=0.000175762
2026-09-30 20:11:40,280 step=3800 train=3.59639 val=3.368806254863739 lr=0.00017521
2026-09-30 20:11:40,820 step=3810 train=3.36224 val=None lr=0.000174657
2026-09-30 20:11:41,294 step=3820 train=3.54847 val=None lr=0.000174105
2026-09-30 20:11:41,890 step=3830 train=3.49118 val=None lr=0.000173552
2026-09-30 20:11:42,417 step=3840 train=3.26694 val=None lr=0.000172999
2026-09-30 20:11:42,964 step=3850 train=3.31466 val=None lr=0.000172446
2026-09-30 20:11:43,474 step=3860 train=3.55686 val=None lr=0.000171893
2026-09-30 20:11:41,945 step=3870 train=3.33494 val=None lr=0.00017134
2026-09-30 20:11:42,505 step=3880 train=3.46639 val=None lr=0.000170786
2026-09-30 20:11:43,050 step=3890 train=3.79672 val=None lr=0.000170233
2026-09-30 20:11:44,013 step=3900 train=3.70211 val=3.3465404152870177 lr=0.000169679
2026-09-30 20:11:44,570 step=3910 train=3.29536 val=None lr=0.000169126
2026-09-30 20:11:45,028 step=3920 train=3.49192 val=None lr=0.000168572
2026-09-30 20:11:45,603 step=3930 train=3.29978 val=None lr=0.000168018
2026-09-30 20:11:46,224 step=3940 train=3.35318 val=None lr=0.000167465
2026-09-30 20:11:46,735 step=3950 train=3.29186 val=None lr=0.000166911
2026-09-30 20:11:47,321 step=3960 train=3.35464 val=None lr=0.000166357
2026-09-30 20:11:47,859 step=3970 train=3.24441 val=None lr=0.000165803
2026-09-30 20:11:48,328 step=3980 train=3.67477 val=None lr=0.000165249
2026-09-30 20:11:48,876 step=3990 train=3.10261 val=None lr=0.000164695
2026-09-30 20:11:49,807 step=4000 train=3.29351 val=3.3263936400413514 lr=0.000164141
2026-09-30 20:11:50,640 step=4010 train=3.37664 val=None lr=0.000163588
2026-09-30 20:11:51,120 step=4020 train=3.41010 val=None lr=0.000163034
2026-09-30 20:11:51,707 step=4030 train=3.56814 val=None lr=0.00016248
2026-09-30 20:11:52,312 step=4040 train=3.63462 val=None lr=0.000161926
2026-09-30 20:11:52,822 step=4050 train=3.21419 val=None lr=0.000161372
2026-09-30 20:11:53,403 step=4060 train=3.60030 val=None lr=0.000160819
2026-09-30 20:11:53,841 step=4070 train=3.41799 val=None lr=0.000160265
2026-09-30 20:11:54,373 step=4080 train=3.42020 val=None lr=0.000159712
2026-09-30 20:11:54,891 step=4090 train=3.30894 val=None lr=0.000159158
2026-09-30 20:11:55,942 step=4100 train=3.49225 val=3.3098251819610596 lr=0.000158605
2026-09-30 20:11:56,541 step=4110 train=3.51995 val=None lr=0.000158052
2026-09-30 20:11:57,163 step=4120 train=3.23673 val=None lr=0.000157499
2026-09-30 20:11:57,736 step=4130 train=3.36036 val=None lr=0.000156946
2026-09-30 20:11:58,332 step=4140 train=3.36909 val=None lr=0.000156393
2026-09-30 20:11:58,800 step=4150 train=3.35823 val=None lr=0.00015584
2026-09-30 20:11:59,338 step=4160 train=3.20369 val=None lr=0.000155288
2026-09-30 20:11:59,815 step=4170 train=3.37716 val=None lr=0.000154735
2026-09-30 20:12:00,353 step=4180 train=3.40320 val=None lr=0.000154183
2026-09-30 20:12:00,931 step=4190 train=3.12064 val=None lr=0.000153631
2026-09-30 20:12:02,005 step=4200 train=3.45482 val=3.2957334756851195 lr=0.000153079
2026-09-30 20:12:02,923 step=4210 train=3.57544 val=None lr=0.000152528
2026-09-30 20:12:03,528 step=4220 train=3.33151 val=None lr=0.000151976
2026-09-30 20:12:04,012 step=4230 train=3.40450 val=None lr=0.000151425
2026-09-30 20:12:04,612 step=4240 train=3.38327 val=None lr=0.000150874
2026-09-30 20:12:05,150 step=4250 train=3.65993 val=None lr=0.000150323
2026-09-30 20:12:05,646 step=4260 train=3.39214 val=None lr=0.000149773
2026-09-30 20:12:06,184 step=4270 train=3.39575 val=None lr=0.000149223
2026-09-30 20:12:06,700 step=4280 train=3.38807 val=None lr=0.000148673
2026-09-30 20:12:07,289 step=4290 train=3.41115 val=None lr=0.000148123
2026-09-30 20:12:08,200 step=4300 train=3.37437 val=3.2782288551330567 lr=0.000147573
2026-09-30 20:12:08,753 step=4310 train=3.37460 val=None lr=0.000147024
2026-09-30 20:12:09,226 step=4320 train=3.79985 val=None lr=0.000146476
2026-09-30 20:12:09,841 step=4330 train=3.41990 val=None lr=0.000145927
2026-09-30 20:12:10,441 step=4340 train=3.25606 val=None lr=0.000145379
2026-09-30 20:12:11,094 step=4350 train=3.35995 val=None lr=0.000144831
2026-09-30 20:12:11,552 step=4360 train=3.10861 val=None lr=0.000144284
2026-09-30 20:12:12,283 step=4370 train=3.37670 val=None lr=0.000143736
2026-09-30 20:12:12,932 step=4380 train=3.09117 val=None lr=0.00014319
2026-09-30 20:12:13,489 step=4390 train=3.55106 val=None lr=0.000142643
2026-09-30 20:12:12,361 step=4400 train=3.18706 val=3.2670501351356505 lr=0.000142097
2026-09-30 20:12:12,952 step=4410 train=3.17359 val=None lr=0.000141551
2026-09-30 20:12:13,500 step=4420 train=3.07630 val=None lr=0.000141006
2026-09-30 20:12:14,066 step=4430 train=3.54419 val=None lr=0.000140461
2026-09-30 20:12:14,618 step=4440 train=3.45672 val=None lr=0.000139917
2026-09-30 20:12:15,098 step=4450 train=3.44420 val=None lr=0.000139373
2026-09-30 20:12:15,638 step=4460 train=3.15045 val=None lr=0.000138829
2026-09-30 20:12:16,227 step=4470 train=3.42452 val=None lr=0.000138286
2026-09-30 20:12:16,746 step=4480 train=3.34333 val=None lr=0.000137743
2026-09-30 20:12:17,257 step=4490 train=3.42715 val=None lr=0.000137201
2026-09-30 20:12:18,224 step=4500 train=3.13710 val=3.250464069843292 lr=0.000136659
2026-09-30 20:12:19,217 step=4510 train=3.29606 val=None lr=0.000136118
2026-09-30 20:12:19,782 step=4520 train=3.24990 val=None lr=0.000135577
2026-09-30 20:12:20,364 step=4530 train=3.29069 val=None lr=0.000135037
2026-09-30 20:12:20,874 step=4540 train=3.28995 val=None lr=0.000134497
2026-09-30 20:12:21,398 step=4550 train=3.05165 val=None lr=0.000133958
2026-09-30 20:12:21,977 step=4560 train=3.41188 val=None lr=0.000133419
2026-09-30 20:12:22,506 step=4570 train=3.31695 val=None lr=0.000132881
2026-09-30 20:12:23,144 step=4580 train=3.16699 val=None lr=0.000132343
2026-09-30 20:12:23,800 step=4590 train=3.28036 val=None lr=0.000131806
2026-09-30 20:12:24,608 step=4600 train=3.30207 val=3.243821609020233 lr=0.000131269
2026-09-30 20:12:25,141 step=4610 train=3.56802 val=None lr=0.000130733
2026-09-30 20:12:26,078 step=4620 train=3.37800 val=None lr=0.000130198
2026-09-30 20:12:26,628 step=4630 train=3.58203 val=None lr=0.000129663
2026-09-30 20:12:27,232 step=4640 train=3.43325 val=None lr=0.000129129
2026-09-30 20:12:27,698 step=4650 train=3.29901 val=None lr=0.000128595
2026-09-30 20:12:28,198 step=4660 train=3.18258 val=None lr=0.000128062
2026-09-30 20:12:28,756 step=4670 train=3.26839 val=None lr=0.000127529
2026-09-30 20:12:29,322 step=4680 train=3.37703 val=None lr=0.000126998
2026-09-30 20:12:29,936 step=4690 train=3.13909 val=None lr=0.000126466
2026-09-30 20:12:30,838 step=4700 train=3.42872 val=3.229083836078644 lr=0.000125936
2026-09-30 20:12:31,449 step=4710 train=3.26894 val=None lr=0.000125406
2026-09-30 20:12:31,926 step=4720 train=3.28517 val=None lr=0.000124877
2026-09-30 20:12:32,532 step=4730 train=3.19099 val=None lr=0.000124348
2026-09-30 20:12:33,031 step=4740 train=3.52435 val=None lr=0.00012382
2026-09-30 20:12:33,534 step=4750 train=3.42496 val=None lr=0.000123293
2026-09-30 20:12:34,033 step=4760 train=3.14232 val=None lr=0.000122767
2026-09-30 20:12:34,539 step=4770 train=3.20111 val=None lr=0.000122241
2026-09-30 20:12:35,062 step=4780 train=3.56067 val=None lr=0.000121716
2026-09-30 20:12:35,559 step=4790 train=3.27886 val=None lr=0.000121192
2026-09-30 20:12:36,634 step=4800 train=3.63816 val=3.2209362387657166 lr=0.000120668
2026-09-30 20:12:37,316 step=4810 train=3.22188 val=None lr=0.000120145
2026-09-30 20:12:37,990 step=4820 train=3.34507 val=None lr=0.000119623
2026-09-30 20:12:38,652 step=4830 train=3.29728 val=None lr=0.000119102
2026-09-30 20:12:39,177 step=4840 train=3.22554 val=None lr=0.000118582
2026-09-30 20:12:39,673 step=4850 train=3.39979 val=None lr=0.000118062
2026-09-30 20:12:40,152 step=4860 train=3.04093 val=None lr=0.000117543
2026-09-30 20:12:40,660 step=4870 train=3.12214 val=None lr=0.000117025
2026-09-30 20:12:41,185 step=4880 train=3.18986 val=None lr=0.000116507
2026-09-30 20:12:41,691 step=4890 train=3.13880 val=None lr=0.000115991
2026-09-30 20:12:42,555 step=4900 train=3.17619 val=3.209572160243988 lr=0.000115475
2026-09-30 20:12:43,108 step=4910 train=3.29757 val=None lr=0.00011496
2026-09-30 20:12:43,694 step=4920 train=3.31859 val=None lr=0.000114446
2026-09-30 20:12:44,209 step=4930 train=3.43960 val=None lr=0.000113933
2026-09-30 20:12:42,670 step=4940 train=3.39112 val=None lr=0.000113421
2026-09-30 20:12:43,215 step=4950 train=3.14418 val=None lr=0.000112909
2026-09-30 20:12:43,725 step=4960 train=2.91047 val=None lr=0.000112399
2026-09-30 20:12:44,224 step=4970 train=3.23120 val=None lr=0.000111889
2026-09-30 20:12:44,743 step=4980 train=3.06388 val=None lr=0.00011138
2026-09-30 20:12:45,263 step=4990 train=3.49294 val=None lr=0.000110873
2026-09-30 20:12:46,225 step=5000 train=3.48073 val=3.202563965320587 lr=0.000110366
2026-09-30 20:12:47,186 step=5010 train=3.25911 val=None lr=0.00010986
2026-09-30 20:12:47,827 step=5020 train=3.34714 val=None lr=0.000109354
2026-09-30 20:12:48,317 step=5030 train=3.29827 val=None lr=0.00010885
2026-09-30 20:12:48,941 step=5040 train=3.19219 val=None lr=0.000108347
2026-09-30 20:12:49,523 step=5050 train=3.30490 val=None lr=0.000107845
2026-09-30 20:12:50,106 step=5060 train=3.48688 val=None lr=0.000107343
2026-09-30 20:12:50,667 step=5070 train=3.31187 val=None lr=0.000106843
2026-09-30 20:12:51,376 step=5080 train=3.63894 val=None lr=0.000106344
2026-09-30 20:12:51,955 step=5090 train=3.21371 val=None lr=0.000105845
2026-09-30 20:12:52,897 step=5100 train=3.40583 val=3.192063868045807 lr=0.000105348
2026-09-30 20:12:53,465 step=5110 train=3.41788 val=None lr=0.000104852
2026-09-30 20:12:53,978 step=5120 train=3.35095 val=None lr=0.000104356
2026-09-30 20:12:54,445 step=5130 train=3.05186 val=None lr=0.000103862
2026-09-30 20:12:55,094 step=5140 train=3.26063 val=None lr=0.000103369
2026-09-30 20:12:55,789 step=5150 train=3.32240 val=None lr=0.000102876
2026-09-30 20:12:56,340 step=5160 train=3.42013 val=None lr=0.000102385
2026-09-30 20:12:56,941 step=5170 train=3.09374 val=None lr=0.000101895
2026-09-30 20:12:57,491 step=5180 train=3.33240 val=None lr=0.000101406
2026-09-30 20:12:58,007 step=5190 train=3.02912 val=None lr=0.000100918
2026-09-30 20:12:59,021 step=5200 train=3.53575 val=3.1835172533988954 lr=0.000100431
2026-09-30 20:12:59,640 step=5210 train=3.06097 val=None lr=9.99448e-05
2026-09-30 20:13:00,176 step=5220 train=3.43151 val=None lr=9.946e-05
2026-09-30 20:13:00,729 step=5230 train=3.18863 val=None lr=9.89763e-05
2026-09-30 20:13:01,313 step=5240 train=3.27144 val=None lr=9.84938e-05
2026-09-30 20:13:01,839 step=5250 train=3.20131 val=None lr=9.80123e-05
2026-09-30 20:13:02,353 step=5260 train=3.16895 val=None lr=9.7532e-05
2026-09-30 20:13:02,958 step=5270 train=3.30163 val=None lr=9.70528e-05
2026-09-30 20:13:03,538 step=5280 train=3.54694 val=None lr=9.65747e-05
2026-09-30 20:13:04,009 step=5290 train=3.16900 val=None lr=9.60978e-05
2026-09-30 20:13:04,990 step=5300 train=3.40965 val=3.175224578380585 lr=9.56221e-05
2026-09-30 20:13:05,639 step=5310 train=3.09774 val=None lr=9.51475e-05
2026-09-30 20:13:06,184 step=5320 train=3.35140 val=None lr=9.46742e-05
2026-09-30 20:13:06,712 step=5330 train=3.25205 val=None lr=9.42019e-05
2026-09-30 20:13:07,359 step=5340 train=3.21588 val=None lr=9.37309e-05
2026-09-30 20:13:07,980 step=5350 train=3.08072 val=None lr=9.32611e-05
2026-09-30 20:13:08,665 step=5360 train=3.43219 val=None lr=9.27925e-05
2026-09-30 20:13:09,302 step=5370 train=3.28706 val=None lr=9.23251e-05
2026-09-30 20:13:09,814 step=5380 train=3.09584 val=None lr=9.18589e-05
2026-09-30 20:13:10,382 step=5390 train=3.23824 val=None lr=9.1394e-05
2026-09-30 20:13:11,406 step=5400 train=3.20374 val=3.1711639881134035 lr=9.09303e-05
2026-09-30 20:13:11,914 step=5410 train=3.30744 val=None lr=9.04679e-05
2026-09-30 20:13:12,416 step=5420 train=3.05717 val=None lr=9.00067e-05
2026-09-30 20:13:13,151 step=5430 train=3.33359 val=None lr=8.95467e-05
2026-09-30 20:13:13,745 step=5440 train=3.20536 val=None lr=8.90881e-05
2026-09-30 20:13:14,449 step=5450 train=3.24308 val=None lr=8.86307e-05
2026-09-30 20:13:12,853 step=5460 train=3.48955 val=None lr=8.81746e-05
2026-09-30 20:13:13,350 step=5470 train=3.16565 val=None lr=8.77198e-05
2026-09-30 20:13:13,999 step=5480 train=3.17619 val=None lr=8.72662e-05
2026-09-30 20:13:14,551 step=5490 train=3.18760 val=None lr=8.6814e-05
2026-09-30 20:13:15,891 step=5500 train=3.25274 val=3.1612088561058043 lr=8.63632e-05
2026-09-30 20:13:16,728 step=5510 train=2.98417 val=None lr=8.59136e-05
2026-09-30 20:13:17,265 step=5520 train=3.16263 val=None lr=8.54654e-05
2026-09-30 20:13:17,911 step=5530 train=3.16000 val=None lr=8.50185e-05
2026-09-30 20:13:18,419 step=5540 train=3.04935 val=None lr=8.45729e-05
2026-09-30 20:13:18,968 step=5550 train=3.52429 val=None lr=8.41288e-05
2026-09-30 20:13:19,458 step=5560 train=3.30296 val=None lr=8.36859e-05
2026-09-30 20:13:19,967 step=5570 train=3.30357 val=None lr=8.32445e-05
2026-09-30 20:13:20,458 step=5580 train=3.26097 val=None lr=8.28044e-05
2026-09-30 20:13:20,967 step=5590 train=3.16808 val=None lr=8.23657e-05
2026-09-30 20:13:21,931 step=5600 train=3.45994 val=3.1571351408958437 lr=8.19284e-05
2026-09-30 20:13:22,555 step=5610 train=3.16184 val=None lr=8.14925e-05
2026-09-30 20:13:23,091 step=5620 train=3.07552 val=None lr=8.1058e-05
2026-09-30 20:13:23,645 step=5630 train=3.00841 val=None lr=8.06249e-05
2026-09-30 20:13:24,145 step=5640 train=3.23908 val=None lr=8.01932e-05
2026-09-30 20:13:24,667 step=5650 train=3.38713 val=None lr=7.9763e-05
2026-09-30 20:13:25,268 step=5660 train=3.26200 val=None lr=7.93342e-05
2026-09-30 20:13:25,945 step=5670 train=3.15039 val=None lr=7.89068e-05
2026-09-30 20:13:26,549 step=5680 train=3.39192 val=None lr=7.84809e-05
2026-09-30 20:13:27,054 step=5690 train=3.17515 val=None lr=7.80564e-05
2026-09-30 20:13:27,925 step=5700 train=3.36007 val=3.149147593975067 lr=7.76334e-05
2026-09-30 20:13:28,533 step=5710 train=3.30514 val=None lr=7.72119e-05
2026-09-30 20:13:29,087 step=5720 train=3.30988 val=None lr=7.67919e-05
2026-09-30 20:13:29,696 step=5730 train=3.29095 val=None lr=7.63733e-05
2026-09-30 20:13:30,269 step=5740 train=3.19220 val=None lr=7.59562e-05
2026-09-30 20:13:30,895 step=5750 train=3.00530 val=None lr=7.55406e-05
2026-09-30 20:13:31,424 step=5760 train=3.27980 val=None lr=7.51266e-05
2026-09-30 20:13:31,933 step=5770 train=3.24647 val=None lr=7.4714e-05
2026-09-30 20:13:32,479 step=5780 train=3.32772 val=None lr=7.4303e-05
2026-09-30 20:13:33,001 step=5790 train=3.49535 val=None lr=7.38935e-05
2026-09-30 20:13:33,894 step=5800 train=3.38130 val=3.1429459929466246 lr=7.34855e-05
2026-09-30 20:13:34,487 step=5810 train=3.15302 val=None lr=7.30791e-05
2026-09-30 20:13:34,967 step=5820 train=3.28244 val=None lr=7.26742e-05
2026-09-30 20:13:35,502 step=5830 train=3.38174 val=None lr=7.22709e-05
2026-09-30 20:13:35,996 step=5840 train=3.20375 val=None lr=7.18691e-05
2026-09-30 20:13:36,533 step=5850 train=3.08001 val=None lr=7.14689e-05
2026-09-30 20:13:36,992 step=5860 train=3.23947 val=None lr=7.10703e-05
2026-09-30 20:13:37,481 step=5870 train=2.98407 val=None lr=7.06732e-05
2026-09-30 20:13:37,950 step=5880 train=2.96658 val=None lr=7.02778e-05
2026-09-30 20:13:38,515 step=5890 train=3.17084 val=None lr=6.98839e-05
2026-09-30 20:13:39,333 step=5900 train=2.99290 val=3.13821622133255 lr=6.94916e-05
2026-09-30 20:13:39,817 step=5910 train=3.25757 val=None lr=6.9101e-05
2026-09-30 20:13:40,325 step=5920 train=3.49179 val=None lr=6.87119e-05
2026-09-30 20:13:40,870 step=5930 train=3.11001 val=None lr=6.83245e-05
2026-09-30 20:13:41,359 step=5940 train=2.97555 val=None lr=6.79387e-05
2026-09-30 20:13:41,899 step=5950 train=3.23863 val=None lr=6.75546e-05
2026-09-30 20:13:42,418 step=5960 train=3.20605 val=None lr=6.71721e-05
2026-09-30 20:13:43,080 step=5970 train=3.16078 val=None lr=6.67912e-05
2026-09-30 20:13:43,605 step=5980 train=3.15912 val=None lr=6.6412e-05
2026-09-30 20:13:44,131 step=5990 train=3.34852 val=None lr=6.60344e-05
2026-09-30 20:13:45,037 step=6000 train=3.05429 val=3.1329768180847166 lr=6.56585e-05
2026-09-30 20:13:45,886 step=6010 train=3.13866 val=None lr=6.52843e-05
2026-09-30 20:13:46,366 step=6020 train=3.13189 val=None lr=6.49118e-05
2026-09-30 20:13:47,012 step=6030 train=3.31177 val=None lr=6.45409e-05
2026-09-30 20:13:47,544 step=6040 train=3.45174 val=None lr=6.41717e-05
2026-09-30 20:13:48,185 step=6050 train=3.23083 val=None lr=6.38043e-05
2026-09-30 20:13:48,819 step=6060 train=3.12802 val=None lr=6.34385e-05
2026-09-30 20:13:49,308 step=6070 train=3.18348 val=None lr=6.30744e-05
2026-09-30 20:13:49,776 step=6080 train=3.29017 val=None lr=6.27121e-05
2026-09-30 20:13:50,306 step=6090 train=3.27036 val=None lr=6.23515e-05
2026-09-30 20:13:51,336 step=6100 train=3.34710 val=3.128129816055298 lr=6.19926e-05
2026-09-30 20:13:51,927 step=6110 train=3.37383 val=None lr=6.16354e-05
2026-09-30 20:13:52,432 step=6120 train=3.11503 val=None lr=6.128e-05
2026-09-30 20:13:52,951 step=6130 train=3.00972 val=None lr=6.09264e-05
2026-09-30 20:13:53,463 step=6140 train=3.23375 val=None lr=6.05744e-05
2026-09-30 20:13:53,997 step=6150 train=3.16100 val=None lr=6.02243e-05
2026-09-30 20:13:54,551 step=6160 train=3.30828 val=None lr=5.98759e-05
2026-09-30 20:13:55,109 step=6170 train=3.24344 val=None lr=5.95293e-05
2026-09-30 20:13:55,622 step=6180 train=3.15500 val=None lr=5.91844e-05
2026-09-30 20:13:56,103 step=6190 train=3.38921 val=None lr=5.88413e-05
2026-09-30 20:13:56,987 step=6200 train=3.38133 val=3.123061680793762 lr=5.85001e-05
2026-09-30 20:13:57,499 step=6210 train=3.25014 val=None lr=5.81606e-05
2026-09-30 20:13:58,178 step=6220 train=3.09119 val=None lr=5.78229e-05
2026-09-30 20:13:58,782 step=6230 train=3.32535 val=None lr=5.7487e-05
2026-09-30 20:13:59,359 step=6240 train=2.99333 val=None lr=5.71529e-05
2026-09-30 20:13:59,943 step=6250 train=3.06598 val=None lr=5.68207e-05
2026-09-30 20:13:57,786 step=6260 train=2.90355 val=None lr=5.64902e-05
2026-09-30 20:13:58,305 step=6270 train=3.27808 val=None lr=5.61616e-05
2026-09-30 20:13:58,812 step=6280 train=3.22663 val=None lr=5.58348e-05
2026-09-30 20:13:59,439 step=6290 train=3.17782 val=None lr=5.55099e-05
2026-09-30 20:14:00,518 step=6300 train=3.52634 val=3.1203941702842712 lr=5.51868e-05
2026-09-30 20:14:01,089 step=6310 train=3.07117 val=None lr=5.48655e-05
2026-09-30 20:14:01,677 step=6320 train=3.62457 val=None lr=5.45461e-05
2026-09-30 20:14:02,224 step=6330 train=3.23366 val=None lr=5.42286e-05
2026-09-30 20:14:02,743 step=6340 train=3.17213 val=None lr=5.39129e-05
2026-09-30 20:14:03,258 step=6350 train=3.01174 val=None lr=5.35991e-05
2026-09-30 20:14:03,869 step=6360 train=3.04186 val=None lr=5.32872e-05
2026-09-30 20:14:04,446 step=6370 train=3.37075 val=None lr=5.29771e-05
2026-09-30 20:14:05,035 step=6380 train=3.00196 val=None lr=5.2669e-05
2026-09-30 20:14:05,571 step=6390 train=3.08979 val=None lr=5.23627e-05
2026-09-30 20:14:06,487 step=6400 train=3.31089 val=3.1140841126441954 lr=5.20583e-05
2026-09-30 20:14:07,101 step=6410 train=2.99537 val=None lr=5.17558e-05
2026-09-30 20:14:07,788 step=6420 train=3.14365 val=None lr=5.14553e-05
2026-09-30 20:14:08,334 step=6430 train=3.15771 val=None lr=5.11566e-05
2026-09-30 20:14:08,903 step=6440 train=3.36951 val=None lr=5.08599e-05
2026-09-30 20:14:09,404 step=6450 train=3.47789 val=None lr=5.05651e-05
2026-09-30 20:14:09,986 step=6460 train=3.06379 val=None lr=5.02722e-05
2026-09-30 20:14:10,471 step=6470 train=3.22058 val=None lr=4.99812e-05
2026-09-30 20:14:10,988 step=6480 train=3.27124 val=None lr=4.96922e-05
2026-09-30 20:14:11,553 step=6490 train=2.93066 val=None lr=4.94051e-05
2026-09-30 20:14:12,499 step=6500 train=3.25103 val=3.1119975090026855 lr=4.912e-05
2026-09-30 20:14:13,532 step=6510 train=3.21983 val=None lr=4.88368e-05
2026-09-30 20:14:14,110 step=6520 train=2.86514 val=None lr=4.85555e-05
2026-09-30 20:14:14,832 step=6530 train=2.95407 val=None lr=4.82763e-05
2026-09-30 20:14:15,324 step=6540 train=3.28509 val=None lr=4.7999e-05
2026-09-30 20:14:15,867 step=6550 train=3.21366 val=None lr=4.77236e-05
2026-09-30 20:14:16,471 step=6560 train=3.12251 val=None lr=4.74503e-05
2026-09-30 20:14:17,028 step=6570 train=3.27433 val=None lr=4.71789e-05
2026-09-30 20:14:17,595 step=6580 train=3.07350 val=None lr=4.69095e-05
2026-09-30 20:14:18,084 step=6590 train=3.15556 val=None lr=4.66421e-05
2026-09-30 20:14:19,043 step=6600 train=3.30836 val=3.108172905445099 lr=4.63767e-05
2026-09-30 20:14:19,581 step=6610 train=2.92759 val=None lr=4.61132e-05
2026-09-30 20:14:20,127 step=6620 train=3.14463 val=None lr=4.58518e-05
2026-09-30 20:14:20,695 step=6630 train=3.40212 val=None lr=4.55924e-05
2026-09-30 20:14:21,407 step=6640 train=3.04603 val=None lr=4.5335e-05
2026-09-30 20:14:22,104 step=6650 train=3.10154 val=None lr=4.50796e-05
2026-09-30 20:14:22,618 step=6660 train=3.32725 val=None lr=4.48262e-05
2026-09-30 20:14:23,180 step=6670 train=3.15319 val=None lr=4.45749e-05
2026-09-30 20:14:23,697 step=6680 train=3.21709 val=None lr=4.43255e-05
2026-09-30 20:14:24,187 step=6690 train=3.30256 val=None lr=4.40783e-05
2026-09-30 20:14:25,146 step=6700 train=2.96404 val=3.104994165897369 lr=4.3833e-05
2026-09-30 20:14:25,692 step=6710 train=3.05268 val=None lr=4.35898e-05
2026-09-30 20:14:26,229 step=6720 train=2.87448 val=None lr=4.33486e-05
2026-09-30 20:14:26,745 step=6730 train=3.27435 val=None lr=4.31095e-05
2026-09-30 20:14:27,251 step=6740 train=3.35844 val=None lr=4.28724e-05
2026-09-30 20:14:27,796 step=6750 train=3.29795 val=None lr=4.26374e-05
2026-09-30 20:14:28,444 step=6760 train=3.24845 val=None lr=4.24044e-05
2026-09-30 20:14:28,978 step=6770 train=3.35022 val=None lr=4.21735e-05
2026-09-30 20:14:29,533 step=6780 train=3.37287 val=None lr=4.19447e-05
2026-09-30 20:14:30,037 step=6790 train=3.05134 val=None lr=4.1718e-05
2026-09-30 20:14:28,919 step=6800 train=3.18940 val=3.1030413269996644 lr=4.14933e-05
2026-09-30 20:14:29,557 step=6810 train=3.25668 val=None lr=4.12707e-05
2026-09-30 20:14:30,114 step=6820 train=3.24904 val=None lr=4.10502e-05
2026-09-30 20:14:30,659 step=6830 train=3.09016 val=None lr=4.08317e-05
2026-09-30 20:14:31,185 step=6840 train=3.36619 val=None lr=4.06154e-05
2026-09-30 20:14:31,728 step=6850 train=3.18173 val=None lr=4.04012e-05
2026-09-30 20:14:32,379 step=6860 train=3.29805 val=None lr=4.0189e-05
2026-09-30 20:14:33,023 step=6870 train=2.89247 val=None lr=3.9979e-05
2026-09-30 20:14:33,612 step=6880 train=3.35975 val=None lr=3.9771e-05
2026-09-30 20:14:34,157 step=6890 train=2.89829 val=None lr=3.95652e-05
2026-09-30 20:14:35,215 step=6900 train=3.02080 val=3.0989803791046144 lr=3.93615e-05
2026-09-30 20:14:35,752 step=6910 train=3.13307 val=None lr=3.91598e-05
2026-09-30 20:14:36,517 step=6920 train=2.89041 val=None lr=3.89604e-05
2026-09-30 20:14:37,174 step=6930 train=3.22815 val=None lr=3.8763e-05
2026-09-30 20:14:37,715 step=6940 train=3.09069 val=None lr=3.85677e-05
2026-09-30 20:14:38,523 step=6950 train=3.42920 val=None lr=3.83746e-05
2026-09-30 20:14:39,118 step=6960 train=3.14596 val=None lr=3.81836e-05
2026-09-30 20:14:39,724 step=6970 train=3.34289 val=None lr=3.79948e-05
2026-09-30 20:14:40,367 step=6980 train=3.41254 val=None lr=3.78081e-05
2026-09-30 20:14:41,218 step=6990 train=3.26383 val=None lr=3.76235e-05
2026-09-30 20:14:42,193 step=7000 train=3.29705 val=3.096609365940094 lr=3.74411e-05
2026-09-30 20:14:43,181 step=7010 train=2.98134 val=None lr=3.72608e-05
2026-09-30 20:14:44,204 step=7020 train=3.18663 val=None lr=3.70827e-05
2026-09-30 20:14:44,805 step=7030 train=2.97704 val=None lr=3.69067e-05
2026-09-30 20:14:45,398 step=7040 train=3.01654 val=None lr=3.67329e-05
2026-09-30 20:14:45,899 step=7050 train=3.16309 val=None lr=3.65612e-05
2026-09-30 20:14:46,597 step=7060 train=3.35155 val=None lr=3.63917e-05
2026-09-30 20:14:47,226 step=7070 train=3.00931 val=None lr=3.62244e-05
2026-09-30 20:14:47,861 step=7080 train=3.08448 val=None lr=3.60592e-05
2026-09-30 20:14:48,463 step=7090 train=3.11560 val=None lr=3.58962e-05
2026-09-30 20:14:49,303 step=7100 train=3.20167 val=3.0933388352394102 lr=3.57354e-05
2026-09-30 20:14:49,856 step=7110 train=3.27285 val=None lr=3.55768e-05
2026-09-30 20:14:50,424 step=7120 train=3.32081 val=None lr=3.54203e-05
2026-09-30 20:14:50,988 step=7130 train=3.15626 val=None lr=3.5266e-05
2026-09-30 20:14:51,528 step=7140 train=3.17282 val=None lr=3.51139e-05
2026-09-30 20:14:52,073 step=7150 train=3.20419 val=None lr=3.4964e-05
2026-09-30 20:14:52,613 step=7160 train=2.90830 val=None lr=3.48163e-05
2026-09-30 20:14:53,189 step=7170 train=3.04798 val=None lr=3.46708e-05
2026-09-30 20:14:53,810 step=7180 train=3.01320 val=None lr=3.45274e-05
2026-09-30 20:14:54,381 step=7190 train=3.13196 val=None lr=3.43863e-05
2026-09-30 20:14:55,311 step=7200 train=3.25069 val=3.0915796995162963 lr=3.42473e-05
2026-09-30 20:14:55,995 step=7210 train=3.28502 val=None lr=3.41106e-05
2026-09-30 20:14:56,457 step=7220 train=2.89399 val=None lr=3.39761e-05
2026-09-30 20:14:57,043 step=7230 train=3.13185 val=None lr=3.38437e-05
2026-09-30 20:14:57,745 step=7240 train=3.26878 val=None lr=3.37136e-05
2026-09-30 20:14:58,208 step=7250 train=3.10835 val=None lr=3.35857e-05
2026-09-30 20:14:58,721 step=7260 train=2.85727 val=None lr=3.346e-05
2026-09-30 20:14:59,277 step=7270 train=2.91044 val=None lr=3.33365e-05
2026-09-30 20:14:59,852 step=7280 train=2.91935 val=None lr=3.32152e-05
2026-09-30 20:15:00,605 step=7290 train=3.15232 val=None lr=3.30962e-05
2026-09-30 20:14:59,450 step=7300 train=3.15590 val=3.090213692188263 lr=3.29793e-05
2026-09-30 20:15:00,115 step=7310 train=3.29609 val=None lr=3.28647e-05
2026-09-30 20:15:00,708 step=7320 train=3.18564 val=None lr=3.27523e-05
2026-09-30 20:15:01,290 step=7330 train=3.22626 val=None lr=3.26422e-05
2026-09-30 20:15:01,928 step=7340 train=2.99380 val=None lr=3.25342e-05
2026-09-30 20:15:02,538 step=7350 train=3.10656 val=None lr=3.24285e-05
2026-09-30 20:15:03,111 step=7360 train=3.05384 val=None lr=3.2325e-05
2026-09-30 20:15:03,676 step=7370 train=3.24016 val=None lr=3.22238e-05
2026-09-30 20:15:04,251 step=7380 train=3.26160 val=None lr=3.21248e-05
2026-09-30 20:15:04,915 step=7390 train=3.20731 val=None lr=3.2028e-05
2026-09-30 20:15:06,060 step=7400 train=3.17109 val=3.0880645394325255 lr=3.19335e-05
2026-09-30 20:15:06,672 step=7410 train=3.40963 val=None lr=3.18412e-05
2026-09-30 20:15:07,220 step=7420 train=3.05777 val=None lr=3.17512e-05
2026-09-30 20:15:07,809 step=7430 train=3.16954 val=None lr=3.16634e-05
2026-09-30 20:15:08,476 step=7440 train=3.15086 val=None lr=3.15778e-05
2026-09-30 20:15:09,175 step=7450 train=3.10642 val=None lr=3.14945e-05
2026-09-30 20:15:09,936 step=7460 train=3.16504 val=None lr=3.14134e-05
2026-09-30 20:15:10,587 step=7470 train=3.02889 val=None lr=3.13346e-05
2026-09-30 20:15:11,344 step=7480 train=3.11711 val=None lr=3.12581e-05
2026-09-30 20:15:11,891 step=7490 train=3.23341 val=None lr=3.11837e-05
2026-09-30 20:15:12,828 step=7500 train=2.87344 val=3.0846283078193664 lr=3.11117e-05
2026-09-30 20:15:13,816 step=7510 train=3.19829 val=None lr=3.10419e-05
2026-09-30 20:15:14,639 step=7520 train=3.16700 val=None lr=3.09743e-05
2026-09-30 20:15:15,387 step=7530 train=3.06228 val=None lr=3.0909e-05
2026-09-30 20:15:15,973 step=7540 train=2.91573 val=None lr=3.0846e-05
2026-09-30 20:15:16,454 step=7550 train=3.04701 val=None lr=3.07852e-05
2026-09-30 20:15:17,158 step=7560 train=3.08058 val=None lr=3.07267e-05
2026-09-30 20:15:17,708 step=7570 train=3.10832 val=None lr=3.06704e-05
2026-09-30 20:15:18,262 step=7580 train=3.16797 val=None lr=3.06164e-05
2026-09-30 20:15:18,745 step=7590 train=3.19326 val=None lr=3.05647e-05
2026-09-30 20:15:20,064 step=7600 train=3.03296 val=3.082345259189606 lr=3.05152e-05
2026-09-30 20:15:20,598 step=7610 train=3.20650 val=None lr=3.0468e-05
2026-09-30 20:15:21,142 step=7620 train=3.11981 val=None lr=3.0423e-05
2026-09-30 20:15:21,680 step=7630 train=3.43646 val=None lr=3.03804e-05
2026-09-30 20:15:22,189 step=7640 train=3.10793 val=None lr=3.03399e-05
2026-09-30 20:15:22,737 step=7650 train=3.61834 val=None lr=3.03018e-05
2026-09-30 20:15:23,293 step=7660 train=2.96557 val=None lr=3.02659e-05
2026-09-30 20:15:23,802 step=7670 train=2.98060 val=None lr=3.02323e-05
2026-09-30 20:15:24,441 step=7680 train=3.01150 val=None lr=3.02009e-05
2026-09-30 20:15:24,960 step=7690 train=3.25617 val=None lr=3.01719e-05
2026-09-30 20:15:25,826 step=7700 train=3.34825 val=3.0807541728019716 lr=3.01451e-05
2026-09-30 20:15:26,386 step=7710 train=3.53983 val=None lr=3.01205e-05
2026-09-30 20:15:26,949 step=7720 train=3.44239 val=None lr=3.00983e-05
2026-09-30 20:15:27,489 step=7730 train=3.15352 val=None lr=3.00783e-05
2026-09-30 20:15:28,121 step=7740 train=3.22816 val=None lr=3.00605e-05
2026-09-30 20:15:28,718 step=7750 train=3.19303 val=None lr=3.00451e-05
2026-09-30 20:15:29,286 step=7760 train=3.33467 val=None lr=3.00319e-05
2026-09-30 20:15:29,797 step=7770 train=3.15288 val=None lr=3.0021e-05
2026-09-30 20:15:30,329 step=7780 train=3.17388 val=None lr=3.00124e-05
2026-09-30 20:15:29,033 step=7790 train=3.11952 val=None lr=3.0006e-05
2026-09-30 20:15:30,468 step=7800 train=3.17497 val=3.0789661169052125 lr=3.00019e-05
2026-09-30 20:15:31,020 step=7810 train=3.19367 val=None lr=3.00001e-05
2026-09-30 20:15:31,559 step=7813 train=3.29245 val=3.0789241552352906 lr=3e-05
2026-09-30 20:15:31,856 Completed: final validation loss 3.078924
