2026-10-01 09:57:32,336 32m_16mtoken: parameters=30693888, target steps=7813, processed tokens=16001024, resume step=0
2026-10-01 09:57:32,542 step=1 train=9.21034 val=None lr=1.92308e-06
2026-10-01 09:57:33,578 step=10 train=9.21033 val=None lr=1.92308e-05
2026-10-01 09:57:34,719 step=20 train=9.21028 val=None lr=3.84615e-05
2026-10-01 09:57:35,971 step=30 train=9.21018 val=None lr=5.76923e-05
2026-10-01 09:57:37,137 step=40 train=9.20999 val=None lr=7.69231e-05
2026-10-01 09:57:38,346 step=50 train=9.20959 val=None lr=9.61538e-05
2026-10-01 09:57:39,444 step=60 train=9.20882 val=None lr=0.000115385
2026-10-01 09:57:40,569 step=70 train=9.20735 val=None lr=0.000134615
2026-10-01 09:57:41,718 step=80 train=9.20518 val=None lr=0.000153846
2026-10-01 09:57:43,009 step=90 train=9.20241 val=None lr=0.000173077
2026-10-01 09:57:45,259 step=100 train=9.19653 val=9.195963430404664 lr=0.000192308
2026-10-01 09:57:46,462 step=110 train=9.18798 val=None lr=0.000211538
2026-10-01 09:57:47,595 step=120 train=9.17023 val=None lr=0.000230769
2026-10-01 09:57:48,778 step=130 train=9.13092 val=None lr=0.00025
2026-10-01 09:57:49,955 step=140 train=9.05855 val=None lr=0.000269231
2026-10-01 09:57:51,242 step=150 train=8.97337 val=None lr=0.000288462
2026-10-01 09:57:52,593 step=160 train=8.87643 val=None lr=0.0003
2026-10-01 09:57:53,869 step=170 train=8.77436 val=None lr=0.000299998
2026-10-01 09:57:54,181 step=180 train=8.63692 val=None lr=0.000299993
2026-10-01 09:57:55,541 step=190 train=8.50388 val=None lr=0.000299987
2026-10-01 09:57:57,886 step=200 train=8.33925 val=8.340886211395263 lr=0.000299978
2026-10-01 09:57:59,339 step=210 train=8.18318 val=None lr=0.000299967
2026-10-01 09:58:00,776 step=220 train=8.00762 val=None lr=0.000299953
2026-10-01 09:58:02,197 step=230 train=7.89595 val=None lr=0.000299938
2026-10-01 09:58:03,781 step=240 train=7.72197 val=None lr=0.00029992
2026-10-01 09:58:05,002 step=250 train=7.56243 val=None lr=0.0002999
2026-10-01 09:58:06,287 step=260 train=7.35881 val=None lr=0.000299877
2026-10-01 09:58:07,615 step=270 train=7.20683 val=None lr=0.000299852
2026-10-01 09:58:08,807 step=280 train=7.08960 val=None lr=0.000299825
2026-10-01 09:58:10,008 step=290 train=6.89256 val=None lr=0.000299796
2026-10-01 09:58:12,175 step=300 train=6.66855 val=6.7026034116745 lr=0.000299764
2026-10-01 09:58:13,532 step=310 train=6.54329 val=None lr=0.000299731
2026-10-01 09:58:14,785 step=320 train=6.40946 val=None lr=0.000299695
2026-10-01 09:58:16,091 step=330 train=6.44673 val=None lr=0.000299656
2026-10-01 09:58:17,367 step=340 train=6.27369 val=None lr=0.000299615
2026-10-01 09:58:18,606 step=350 train=6.11438 val=None lr=0.000299573
2026-10-01 09:58:19,842 step=360 train=5.93684 val=None lr=0.000299527
2026-10-01 09:58:21,027 step=370 train=6.04404 val=None lr=0.00029948
2026-10-01 09:58:22,242 step=380 train=5.99661 val=None lr=0.00029943
2026-10-01 09:58:23,554 step=390 train=5.90282 val=None lr=0.000299378
2026-10-01 09:58:26,000 step=400 train=5.67566 val=5.815970420837402 lr=0.000299324
2026-10-01 09:58:25,959 step=410 train=5.89675 val=None lr=0.000299268
2026-10-01 09:58:27,323 step=420 train=5.89458 val=None lr=0.000299209
2026-10-01 09:58:28,736 step=430 train=5.74826 val=None lr=0.000299148
2026-10-01 09:58:30,000 step=440 train=5.62681 val=None lr=0.000299085
2026-10-01 09:58:31,294 step=450 train=5.56883 val=None lr=0.000299019
2026-10-01 09:58:32,435 step=460 train=5.64481 val=None lr=0.000298951
2026-10-01 09:58:33,589 step=470 train=5.59354 val=None lr=0.000298881
2026-10-01 09:58:35,046 step=480 train=5.53067 val=None lr=0.000298809
2026-10-01 09:58:36,225 step=490 train=5.47591 val=None lr=0.000298734
2026-10-01 09:58:38,625 step=500 train=5.28528 val=5.314470982551574 lr=0.000298658
2026-10-01 09:58:41,085 step=510 train=5.40570 val=None lr=0.000298579
2026-10-01 09:58:42,384 step=520 train=5.10271 val=None lr=0.000298497
2026-10-01 09:58:43,643 step=530 train=5.20267 val=None lr=0.000298414
2026-10-01 09:58:44,808 step=540 train=5.00162 val=None lr=0.000298328
2026-10-01 09:58:46,127 step=550 train=5.27392 val=None lr=0.00029824
2026-10-01 09:58:47,359 step=560 train=4.91929 val=None lr=0.00029815
2026-10-01 09:58:48,777 step=570 train=5.03415 val=None lr=0.000298057
2026-10-01 09:58:50,082 step=580 train=4.96311 val=None lr=0.000297962
2026-10-01 09:58:51,445 step=590 train=4.95692 val=None lr=0.000297865
2026-10-01 09:58:53,715 step=600 train=4.86473 val=4.797384548187256 lr=0.000297766
2026-10-01 09:58:54,842 step=610 train=4.84148 val=None lr=0.000297665
2026-10-01 09:58:55,997 step=620 train=4.57451 val=None lr=0.000297561
2026-10-01 09:58:57,298 step=630 train=4.76016 val=None lr=0.000297455
2026-10-01 09:58:57,274 step=640 train=4.64376 val=None lr=0.000297347
2026-10-01 09:58:58,623 step=650 train=4.83648 val=None lr=0.000297237
2026-10-01 09:58:59,774 step=660 train=4.69933 val=None lr=0.000297124
2026-10-01 09:59:00,947 step=670 train=4.73575 val=None lr=0.000297009
2026-10-01 09:59:02,286 step=680 train=4.55325 val=None lr=0.000296892
2026-10-01 09:59:03,624 step=690 train=4.72791 val=None lr=0.000296773
2026-10-01 09:59:05,807 step=700 train=4.29035 val=4.417208576202393 lr=0.000296651
2026-10-01 09:59:07,155 step=710 train=4.32480 val=None lr=0.000296528
2026-10-01 09:59:08,326 step=720 train=4.41240 val=None lr=0.000296402
2026-10-01 09:59:09,557 step=730 train=4.46709 val=None lr=0.000296273
2026-10-01 09:59:11,070 step=740 train=4.20922 val=None lr=0.000296143
2026-10-01 09:59:12,545 step=750 train=4.47387 val=None lr=0.000296011
2026-10-01 09:59:13,741 step=760 train=4.26130 val=None lr=0.000295876
2026-10-01 09:59:15,123 step=770 train=4.25422 val=None lr=0.000295739
2026-10-01 09:59:16,391 step=780 train=4.35219 val=None lr=0.0002956
2026-10-01 09:59:17,634 step=790 train=4.40771 val=None lr=0.000295458
2026-10-01 09:59:20,352 step=800 train=4.46389 val=4.201813292503357 lr=0.000295315
2026-10-01 09:59:21,512 step=810 train=4.28984 val=None lr=0.000295169
2026-10-01 09:59:22,856 step=820 train=4.38581 val=None lr=0.000295021
2026-10-01 09:59:23,990 step=830 train=4.08264 val=None lr=0.000294871
2026-10-01 09:59:25,179 step=840 train=4.42051 val=None lr=0.000294719
2026-10-01 09:59:26,655 step=850 train=4.18733 val=None lr=0.000294564
2026-10-01 09:59:28,019 step=860 train=4.19266 val=None lr=0.000294407
2026-10-01 09:59:28,132 step=870 train=4.23515 val=None lr=0.000294249
2026-10-01 09:59:29,342 step=880 train=4.06958 val=None lr=0.000294088
2026-10-01 09:59:30,582 step=890 train=4.26005 val=None lr=0.000293924
2026-10-01 09:59:33,065 step=900 train=4.31805 val=4.077278065681457 lr=0.000293759
2026-10-01 09:59:34,217 step=910 train=4.03969 val=None lr=0.000293591
2026-10-01 09:59:35,441 step=920 train=4.19193 val=None lr=0.000293422
2026-10-01 09:59:36,766 step=930 train=4.13315 val=None lr=0.00029325
2026-10-01 09:59:38,207 step=940 train=3.90683 val=None lr=0.000293076
2026-10-01 09:59:39,682 step=950 train=3.89859 val=None lr=0.0002929
2026-10-01 09:59:41,080 step=960 train=3.97736 val=None lr=0.000292721
2026-10-01 09:59:42,453 step=970 train=4.29472 val=None lr=0.000292541
2026-10-01 09:59:43,743 step=980 train=4.20657 val=None lr=0.000292358
2026-10-01 09:59:45,266 step=990 train=3.99805 val=None lr=0.000292173
2026-10-01 09:59:48,089 step=1000 train=4.02322 val=4.000130844116211 lr=0.000291986
2026-10-01 09:59:50,460 step=1010 train=4.09260 val=None lr=0.000291797
2026-10-01 09:59:51,697 step=1020 train=4.32233 val=None lr=0.000291606
2026-10-01 09:59:52,922 step=1030 train=3.91575 val=None lr=0.000291413
2026-10-01 09:59:54,325 step=1040 train=3.89520 val=None lr=0.000291217
2026-10-01 09:59:55,745 step=1050 train=3.90740 val=None lr=0.00029102
2026-10-01 09:59:57,034 step=1060 train=3.68467 val=None lr=0.00029082
2026-10-01 09:59:58,425 step=1070 train=3.83633 val=None lr=0.000290618
2026-10-01 09:59:59,712 step=1080 train=3.75501 val=None lr=0.000290414
2026-10-01 09:59:59,908 step=1090 train=4.16744 val=None lr=0.000290208
2026-10-01 10:00:02,460 step=1100 train=3.85915 val=3.945049262046814 lr=0.00029
2026-10-01 10:00:03,648 step=1110 train=4.20841 val=None lr=0.00028979
2026-10-01 10:00:04,827 step=1120 train=3.93195 val=None lr=0.000289578
2026-10-01 10:00:06,193 step=1130 train=3.90127 val=None lr=0.000289363
2026-10-01 10:00:07,479 step=1140 train=4.04903 val=None lr=0.000289147
2026-10-01 10:00:08,829 step=1150 train=3.99342 val=None lr=0.000288928
2026-10-01 10:00:10,183 step=1160 train=4.09347 val=None lr=0.000288707
2026-10-01 10:00:11,370 step=1170 train=3.99449 val=None lr=0.000288484
2026-10-01 10:00:12,711 step=1180 train=4.00707 val=None lr=0.000288259
2026-10-01 10:00:14,135 step=1190 train=3.80292 val=None lr=0.000288032
2026-10-01 10:00:16,480 step=1200 train=4.13352 val=3.902700412273407 lr=0.000287803
2026-10-01 10:00:17,721 step=1210 train=4.16826 val=None lr=0.000287572
2026-10-01 10:00:18,903 step=1220 train=4.15072 val=None lr=0.000287339
2026-10-01 10:00:20,110 step=1230 train=4.03553 val=None lr=0.000287104
2026-10-01 10:00:21,373 step=1240 train=4.00692 val=None lr=0.000286867
2026-10-01 10:00:22,664 step=1250 train=3.80140 val=None lr=0.000286627
2026-10-01 10:00:23,903 step=1260 train=3.69726 val=None lr=0.000286386
2026-10-01 10:00:25,180 step=1270 train=3.81656 val=None lr=0.000286143
2026-10-01 10:00:26,305 step=1280 train=3.85409 val=None lr=0.000285897
2026-10-01 10:00:27,676 step=1290 train=3.87621 val=None lr=0.00028565
2026-10-01 10:00:29,963 step=1300 train=3.85451 val=3.8669628143310546 lr=0.0002854
2026-10-01 10:00:30,056 step=1310 train=3.85734 val=None lr=0.000285149
2026-10-01 10:00:31,594 step=1320 train=4.11260 val=None lr=0.000284895
2026-10-01 10:00:32,840 step=1330 train=3.99536 val=None lr=0.000284639
2026-10-01 10:00:34,340 step=1340 train=3.89188 val=None lr=0.000284382
2026-10-01 10:00:35,462 step=1350 train=3.65640 val=None lr=0.000284122
2026-10-01 10:00:36,864 step=1360 train=3.80523 val=None lr=0.000283861
2026-10-01 10:00:38,289 step=1370 train=3.83647 val=None lr=0.000283597
2026-10-01 10:00:39,461 step=1380 train=3.87075 val=None lr=0.000283331
2026-10-01 10:00:40,830 step=1390 train=3.84019 val=None lr=0.000283064
2026-10-01 10:00:43,509 step=1400 train=3.92042 val=3.8264893651008607 lr=0.000282794
2026-10-01 10:00:44,965 step=1410 train=3.84370 val=None lr=0.000282522
2026-10-01 10:00:46,292 step=1420 train=3.73728 val=None lr=0.000282249
2026-10-01 10:00:47,499 step=1430 train=3.83154 val=None lr=0.000281973
2026-10-01 10:00:48,762 step=1440 train=3.82778 val=None lr=0.000281696
2026-10-01 10:00:49,978 step=1450 train=3.89789 val=None lr=0.000281416
2026-10-01 10:00:51,156 step=1460 train=3.80472 val=None lr=0.000281135
2026-10-01 10:00:52,375 step=1470 train=3.74487 val=None lr=0.000280852
2026-10-01 10:00:53,597 step=1480 train=3.72494 val=None lr=0.000280566
2026-10-01 10:00:54,802 step=1490 train=3.80860 val=None lr=0.000280279
2026-10-01 10:00:57,219 step=1500 train=3.92658 val=3.770717978477478 lr=0.00027999
2026-10-01 10:00:59,543 step=1510 train=3.95072 val=None lr=0.000279699
2026-10-01 10:01:00,742 step=1520 train=3.80110 val=None lr=0.000279406
2026-10-01 10:01:01,887 step=1530 train=3.85697 val=None lr=0.000279111
2026-10-01 10:01:01,807 step=1540 train=3.82575 val=None lr=0.000278814
2026-10-01 10:01:03,036 step=1550 train=3.57896 val=None lr=0.000278515
2026-10-01 10:01:04,251 step=1560 train=3.46970 val=None lr=0.000278214
2026-10-01 10:01:05,526 step=1570 train=4.20219 val=None lr=0.000277911
2026-10-01 10:01:06,756 step=1580 train=3.63319 val=None lr=0.000277607
2026-10-01 10:01:08,104 step=1590 train=3.79692 val=None lr=0.0002773
2026-10-01 10:01:10,279 step=1600 train=3.64364 val=3.6894381046295166 lr=0.000276992
2026-10-01 10:01:11,391 step=1610 train=3.75952 val=None lr=0.000276682
2026-10-01 10:01:12,599 step=1620 train=3.59195 val=None lr=0.00027637
2026-10-01 10:01:14,092 step=1630 train=3.34723 val=None lr=0.000276056
2026-10-01 10:01:15,273 step=1640 train=3.39734 val=None lr=0.00027574
2026-10-01 10:01:16,474 step=1650 train=3.87286 val=None lr=0.000275422
2026-10-01 10:01:17,637 step=1660 train=3.64201 val=None lr=0.000275102
2026-10-01 10:01:18,778 step=1670 train=3.69457 val=None lr=0.000274781
2026-10-01 10:01:19,968 step=1680 train=3.78120 val=None lr=0.000274458
2026-10-01 10:01:21,165 step=1690 train=3.79029 val=None lr=0.000274133
2026-10-01 10:01:23,392 step=1700 train=3.75305 val=3.6106655478477476 lr=0.000273806
2026-10-01 10:01:24,672 step=1710 train=3.64203 val=None lr=0.000273477
2026-10-01 10:01:25,950 step=1720 train=3.41691 val=None lr=0.000273146
2026-10-01 10:01:27,314 step=1730 train=3.64780 val=None lr=0.000272814
2026-10-01 10:01:28,498 step=1740 train=3.56455 val=None lr=0.000272479
2026-10-01 10:01:29,704 step=1750 train=3.77686 val=None lr=0.000272143
2026-10-01 10:01:30,934 step=1760 train=3.76465 val=None lr=0.000271806
2026-10-01 10:01:32,119 step=1770 train=3.61123 val=None lr=0.000271466
2026-10-01 10:01:33,444 step=1780 train=3.88650 val=None lr=0.000271124
2026-10-01 10:01:33,560 step=1790 train=3.71074 val=None lr=0.000270781
2026-10-01 10:01:35,806 step=1800 train=3.74767 val=3.551518213748932 lr=0.000270436
2026-10-01 10:01:37,038 step=1810 train=3.73303 val=None lr=0.000270089
2026-10-01 10:01:38,354 step=1820 train=3.80926 val=None lr=0.000269741
2026-10-01 10:01:39,852 step=1830 train=3.31165 val=None lr=0.00026939
2026-10-01 10:01:41,246 step=1840 train=3.53065 val=None lr=0.000269038
2026-10-01 10:01:42,423 step=1850 train=3.37674 val=None lr=0.000268685
2026-10-01 10:01:43,625 step=1860 train=3.56602 val=None lr=0.000268329
2026-10-01 10:01:44,938 step=1870 train=3.29498 val=None lr=0.000267972
2026-10-01 10:01:46,062 step=1880 train=3.56214 val=None lr=0.000267613
2026-10-01 10:01:47,476 step=1890 train=3.90931 val=None lr=0.000267252
2026-10-01 10:01:49,813 step=1900 train=3.35821 val=3.4916730880737306 lr=0.000266889
2026-10-01 10:01:51,210 step=1910 train=3.67591 val=None lr=0.000266525
2026-10-01 10:01:52,352 step=1920 train=3.37251 val=None lr=0.000266159
2026-10-01 10:01:53,662 step=1930 train=3.53408 val=None lr=0.000265791
2026-10-01 10:01:55,063 step=1940 train=3.60079 val=None lr=0.000265422
2026-10-01 10:01:56,342 step=1950 train=3.38135 val=None lr=0.000265051
2026-10-01 10:01:57,690 step=1960 train=3.67557 val=None lr=0.000264678
2026-10-01 10:01:59,179 step=1970 train=3.55935 val=None lr=0.000264304
2026-10-01 10:02:00,548 step=1980 train=3.58547 val=None lr=0.000263928
2026-10-01 10:02:01,804 step=1990 train=3.18111 val=None lr=0.00026355
2026-10-01 10:02:04,052 step=2000 train=3.64976 val=3.440410077571869 lr=0.000263171
2026-10-01 10:02:05,331 step=2010 train=3.54819 val=None lr=0.00026279
2026-10-01 10:02:06,851 step=2020 train=3.45666 val=None lr=0.000262407
2026-10-01 10:02:08,161 step=2030 train=3.27394 val=None lr=0.000262023
2026-10-01 10:02:09,512 step=2040 train=3.59074 val=None lr=0.000261637
2026-10-01 10:02:10,922 step=2050 train=3.55032 val=None lr=0.000261249
2026-10-01 10:02:12,150 step=2060 train=3.37131 val=None lr=0.00026086
2026-10-01 10:02:13,455 step=2070 train=3.55264 val=None lr=0.000260469
2026-10-01 10:02:14,703 step=2080 train=3.49458 val=None lr=0.000260077
2026-10-01 10:02:16,079 step=2090 train=3.34423 val=None lr=0.000259683
2026-10-01 10:02:18,629 step=2100 train=3.37817 val=3.39466187953949 lr=0.000259287
2026-10-01 10:02:19,922 step=2110 train=3.53468 val=None lr=0.00025889
2026-10-01 10:02:21,168 step=2120 train=3.25588 val=None lr=0.000258491
2026-10-01 10:02:22,348 step=2130 train=3.36782 val=None lr=0.000258091
2026-10-01 10:02:23,728 step=2140 train=3.24159 val=None lr=0.000257689
2026-10-01 10:02:25,175 step=2150 train=3.01311 val=None lr=0.000257285
2026-10-01 10:02:26,370 step=2160 train=3.57329 val=None lr=0.00025688
2026-10-01 10:02:27,598 step=2170 train=3.29457 val=None lr=0.000256474
2026-10-01 10:02:28,833 step=2180 train=3.40814 val=None lr=0.000256066
2026-10-01 10:02:30,081 step=2190 train=3.50330 val=None lr=0.000255656
2026-10-01 10:02:32,241 step=2200 train=3.24317 val=3.354396390914917 lr=0.000255245
2026-10-01 10:02:33,649 step=2210 train=3.32544 val=None lr=0.000254832
2026-10-01 10:02:34,856 step=2220 train=3.44133 val=None lr=0.000254418
2026-10-01 10:02:36,279 step=2230 train=3.52037 val=None lr=0.000254002
2026-10-01 10:02:36,306 step=2240 train=3.35278 val=None lr=0.000253585
2026-10-01 10:02:37,492 step=2250 train=3.38382 val=None lr=0.000253166
2026-10-01 10:02:38,627 step=2260 train=3.23576 val=None lr=0.000252746
2026-10-01 10:02:39,828 step=2270 train=3.54660 val=None lr=0.000252324
2026-10-01 10:02:41,201 step=2280 train=3.31278 val=None lr=0.000251901
2026-10-01 10:02:42,633 step=2290 train=3.23454 val=None lr=0.000251477
2026-10-01 10:02:45,074 step=2300 train=3.39769 val=3.3079092860221864 lr=0.000251051
2026-10-01 10:02:46,690 step=2310 train=3.25019 val=None lr=0.000250623
2026-10-01 10:02:47,945 step=2320 train=3.73482 val=None lr=0.000250194
2026-10-01 10:02:49,326 step=2330 train=3.45432 val=None lr=0.000249764
2026-10-01 10:02:50,563 step=2340 train=3.13675 val=None lr=0.000249332
2026-10-01 10:02:51,761 step=2350 train=3.40318 val=None lr=0.000248899
2026-10-01 10:02:52,926 step=2360 train=3.47828 val=None lr=0.000248464
2026-10-01 10:02:54,078 step=2370 train=3.19953 val=None lr=0.000248028
2026-10-01 10:02:55,437 step=2380 train=3.50841 val=None lr=0.000247591
2026-10-01 10:02:56,669 step=2390 train=3.41258 val=None lr=0.000247152
2026-10-01 10:02:58,857 step=2400 train=3.25174 val=3.2759590268135073 lr=0.000246711
2026-10-01 10:03:00,117 step=2410 train=3.46584 val=None lr=0.00024627
2026-10-01 10:03:01,450 step=2420 train=3.16743 val=None lr=0.000245827
2026-10-01 10:03:02,688 step=2430 train=3.28591 val=None lr=0.000245383
2026-10-01 10:03:03,990 step=2440 train=3.40566 val=None lr=0.000244937
2026-10-01 10:03:05,624 step=2450 train=3.50935 val=None lr=0.00024449
2026-10-01 10:03:07,187 step=2460 train=3.09735 val=None lr=0.000244041
2026-10-01 10:03:07,431 step=2470 train=3.11516 val=None lr=0.000243592
2026-10-01 10:03:08,658 step=2480 train=3.43763 val=None lr=0.000243141
2026-10-01 10:03:09,882 step=2490 train=3.30320 val=None lr=0.000242688
2026-10-01 10:03:12,357 step=2500 train=3.29814 val=3.2457653760910032 lr=0.000242235
2026-10-01 10:03:14,680 step=2510 train=3.47680 val=None lr=0.00024178
2026-10-01 10:03:16,018 step=2520 train=3.50107 val=None lr=0.000241324
2026-10-01 10:03:17,432 step=2530 train=3.16198 val=None lr=0.000240866
2026-10-01 10:03:18,691 step=2540 train=3.07399 val=None lr=0.000240407
2026-10-01 10:03:20,071 step=2550 train=3.29644 val=None lr=0.000239947
2026-10-01 10:03:21,449 step=2560 train=3.05521 val=None lr=0.000239486
2026-10-01 10:03:22,720 step=2570 train=3.26611 val=None lr=0.000239023
2026-10-01 10:03:23,855 step=2580 train=3.03643 val=None lr=0.00023856
2026-10-01 10:03:25,185 step=2590 train=3.28483 val=None lr=0.000238094
2026-10-01 10:03:27,721 step=2600 train=3.26286 val=3.2194825768470765 lr=0.000237628
2026-10-01 10:03:28,890 step=2610 train=3.45247 val=None lr=0.000237161
2026-10-01 10:03:30,118 step=2620 train=3.29906 val=None lr=0.000236692
2026-10-01 10:03:31,355 step=2630 train=3.42364 val=None lr=0.000236222
2026-10-01 10:03:32,773 step=2640 train=3.12611 val=None lr=0.000235751
2026-10-01 10:03:34,023 step=2650 train=3.16976 val=None lr=0.000235279
2026-10-01 10:03:35,253 step=2660 train=3.45214 val=None lr=0.000234805
2026-10-01 10:03:36,445 step=2670 train=3.10499 val=None lr=0.00023433
2026-10-01 10:03:37,748 step=2680 train=3.37550 val=None lr=0.000233855
2026-10-01 10:03:37,749 step=2690 train=3.53096 val=None lr=0.000233378
2026-10-01 10:03:39,901 step=2700 train=3.41775 val=3.191899871826172 lr=0.000232899
2026-10-01 10:03:41,341 step=2710 train=3.47590 val=None lr=0.00023242
2026-10-01 10:03:42,710 step=2720 train=3.39848 val=None lr=0.00023194
2026-10-01 10:03:43,909 step=2730 train=3.11239 val=None lr=0.000231458
2026-10-01 10:03:45,150 step=2740 train=3.11070 val=None lr=0.000230975
2026-10-01 10:03:46,385 step=2750 train=3.38189 val=None lr=0.000230492
2026-10-01 10:03:47,653 step=2760 train=3.32019 val=None lr=0.000230007
2026-10-01 10:03:49,134 step=2770 train=3.34413 val=None lr=0.000229521
2026-10-01 10:03:50,473 step=2780 train=3.27344 val=None lr=0.000229034
2026-10-01 10:03:51,854 step=2790 train=3.14868 val=None lr=0.000228545
2026-10-01 10:03:54,134 step=2800 train=3.19637 val=3.1669232845306396 lr=0.000228056
2026-10-01 10:03:55,456 step=2810 train=3.16057 val=None lr=0.000227566
2026-10-01 10:03:56,591 step=2820 train=3.15725 val=None lr=0.000227075
2026-10-01 10:03:57,760 step=2830 train=3.20770 val=None lr=0.000226582
2026-10-01 10:03:59,082 step=2840 train=3.29933 val=None lr=0.000226089
2026-10-01 10:04:00,497 step=2850 train=3.10978 val=None lr=0.000225594
2026-10-01 10:04:01,692 step=2860 train=3.26649 val=None lr=0.000225099
2026-10-01 10:04:03,002 step=2870 train=3.18992 val=None lr=0.000224602
2026-10-01 10:04:04,406 step=2880 train=3.03590 val=None lr=0.000224105
2026-10-01 10:04:05,693 step=2890 train=3.56970 val=None lr=0.000223606
2026-10-01 10:04:08,140 step=2900 train=3.36504 val=3.139071500301361 lr=0.000223107
2026-10-01 10:04:09,532 step=2910 train=3.18950 val=None lr=0.000222606
2026-10-01 10:04:09,722 step=2920 train=3.17296 val=None lr=0.000222105
2026-10-01 10:04:11,003 step=2930 train=3.03577 val=None lr=0.000221603
2026-10-01 10:04:12,122 step=2940 train=3.39607 val=None lr=0.000221099
2026-10-01 10:04:13,242 step=2950 train=3.17984 val=None lr=0.000220595
2026-10-01 10:04:14,483 step=2960 train=3.36226 val=None lr=0.00022009
2026-10-01 10:04:16,139 step=2970 train=3.54463 val=None lr=0.000219584
2026-10-01 10:04:17,358 step=2980 train=3.15842 val=None lr=0.000219077
2026-10-01 10:04:18,728 step=2990 train=2.92193 val=None lr=0.000218569
2026-10-01 10:04:21,112 step=3000 train=3.47735 val=3.1177612066268923 lr=0.00021806
2026-10-01 10:04:23,717 step=3010 train=3.05629 val=None lr=0.00021755
2026-10-01 10:04:25,187 step=3020 train=3.34587 val=None lr=0.000217039
2026-10-01 10:04:26,495 step=3030 train=2.97584 val=None lr=0.000216528
2026-10-01 10:04:27,866 step=3040 train=3.10284 val=None lr=0.000216016
2026-10-01 10:04:29,108 step=3050 train=3.41302 val=None lr=0.000215502
2026-10-01 10:04:30,525 step=3060 train=3.17553 val=None lr=0.000214988
2026-10-01 10:04:31,771 step=3070 train=3.00832 val=None lr=0.000214473
2026-10-01 10:04:33,077 step=3080 train=3.08143 val=None lr=0.000213957
2026-10-01 10:04:34,175 step=3090 train=3.04067 val=None lr=0.000213441
2026-10-01 10:04:36,520 step=3100 train=3.08972 val=3.099804186820984 lr=0.000212923
2026-10-01 10:04:37,705 step=3110 train=3.37938 val=None lr=0.000212405
2026-10-01 10:04:39,107 step=3120 train=2.97857 val=None lr=0.000211886
2026-10-01 10:04:40,575 step=3130 train=3.29260 val=None lr=0.000211366
2026-10-01 10:04:40,597 step=3140 train=3.08647 val=None lr=0.000210846
2026-10-01 10:04:42,042 step=3150 train=3.29518 val=None lr=0.000210324
2026-10-01 10:04:43,248 step=3160 train=3.19231 val=None lr=0.000209802
2026-10-01 10:04:44,800 step=3170 train=3.12927 val=None lr=0.000209279
2026-10-01 10:04:46,159 step=3180 train=3.22001 val=None lr=0.000208756
2026-10-01 10:04:47,506 step=3190 train=3.30017 val=None lr=0.000208231
2026-10-01 10:04:49,854 step=3200 train=3.17166 val=3.0778773188591004 lr=0.000207706
2026-10-01 10:04:51,100 step=3210 train=3.05543 val=None lr=0.000207181
2026-10-01 10:04:52,457 step=3220 train=3.12931 val=None lr=0.000206654
2026-10-01 10:04:53,639 step=3230 train=2.99135 val=None lr=0.000206127
2026-10-01 10:04:54,820 step=3240 train=3.08323 val=None lr=0.000205599
2026-10-01 10:04:55,982 step=3250 train=3.16321 val=None lr=0.00020507
2026-10-01 10:04:57,397 step=3260 train=2.93124 val=None lr=0.000204541
2026-10-01 10:04:58,916 step=3270 train=3.10037 val=None lr=0.000204011
2026-10-01 10:05:00,212 step=3280 train=3.11488 val=None lr=0.000203481
2026-10-01 10:05:01,293 step=3290 train=3.29831 val=None lr=0.000202949
2026-10-01 10:05:03,584 step=3300 train=3.30436 val=3.0591090321540833 lr=0.000202417
2026-10-01 10:05:04,810 step=3310 train=3.24645 val=None lr=0.000201885
2026-10-01 10:05:06,135 step=3320 train=3.06683 val=None lr=0.000201352
2026-10-01 10:05:07,399 step=3330 train=2.94550 val=None lr=0.000200818
2026-10-01 10:05:08,607 step=3340 train=3.07148 val=None lr=0.000200284
2026-10-01 10:05:09,897 step=3350 train=3.13445 val=None lr=0.000199749
2026-10-01 10:05:11,270 step=3360 train=3.02298 val=None lr=0.000199213
2026-10-01 10:05:12,544 step=3370 train=3.11737 val=None lr=0.000198677
2026-10-01 10:05:12,644 step=3380 train=2.92801 val=None lr=0.000198141
2026-10-01 10:05:13,905 step=3390 train=2.92966 val=None lr=0.000197603
2026-10-01 10:05:16,375 step=3400 train=3.01572 val=3.0417205572128294 lr=0.000197066
2026-10-01 10:05:17,725 step=3410 train=3.19159 val=None lr=0.000196527
2026-10-01 10:05:18,935 step=3420 train=3.41030 val=None lr=0.000195988
2026-10-01 10:05:20,074 step=3430 train=3.22959 val=None lr=0.000195449
2026-10-01 10:05:21,245 step=3440 train=2.99436 val=None lr=0.000194909
2026-10-01 10:05:22,511 step=3450 train=3.09967 val=None lr=0.000194369
2026-10-01 10:05:24,003 step=3460 train=3.02571 val=None lr=0.000193828
2026-10-01 10:05:25,150 step=3470 train=2.93336 val=None lr=0.000193287
2026-10-01 10:05:26,527 step=3480 train=2.97868 val=None lr=0.000192745
2026-10-01 10:05:27,703 step=3490 train=3.03042 val=None lr=0.000192202
2026-10-01 10:05:29,914 step=3500 train=3.20836 val=3.0205066561698914 lr=0.00019166
2026-10-01 10:05:32,102 step=3510 train=3.19842 val=None lr=0.000191116
2026-10-01 10:05:33,365 step=3520 train=2.91137 val=None lr=0.000190573
2026-10-01 10:05:34,486 step=3530 train=3.00437 val=None lr=0.000190029
2026-10-01 10:05:35,912 step=3540 train=2.89031 val=None lr=0.000189484
2026-10-01 10:05:37,254 step=3550 train=3.19734 val=None lr=0.000188939
2026-10-01 10:05:38,426 step=3560 train=3.24706 val=None lr=0.000188394
2026-10-01 10:05:39,602 step=3570 train=3.06367 val=None lr=0.000187848
2026-10-01 10:05:40,903 step=3580 train=3.27701 val=None lr=0.000187302
2026-10-01 10:05:42,145 step=3590 train=2.93431 val=None lr=0.000186756
2026-10-01 10:05:43,205 step=3600 train=3.13683 val=3.0060001730918886 lr=0.000186209
2026-10-01 10:05:44,577 step=3610 train=2.85711 val=None lr=0.000185662
2026-10-01 10:05:45,811 step=3620 train=3.08559 val=None lr=0.000185114
2026-10-01 10:05:47,174 step=3630 train=3.05767 val=None lr=0.000184566
2026-10-01 10:05:48,549 step=3640 train=3.16475 val=None lr=0.000184018
2026-10-01 10:05:49,854 step=3650 train=2.89679 val=None lr=0.00018347
2026-10-01 10:05:51,180 step=3660 train=2.93598 val=None lr=0.000182921
2026-10-01 10:05:52,589 step=3670 train=2.94682 val=None lr=0.000182372
2026-10-01 10:05:53,923 step=3680 train=3.11076 val=None lr=0.000181822
2026-10-01 10:05:55,183 step=3690 train=2.89307 val=None lr=0.000181272
2026-10-01 10:05:57,700 step=3700 train=3.04369 val=2.991947901248932 lr=0.000180722
2026-10-01 10:05:59,058 step=3710 train=2.97249 val=None lr=0.000180172
2026-10-01 10:06:00,396 step=3720 train=3.14026 val=None lr=0.000179622
2026-10-01 10:06:01,644 step=3730 train=2.96487 val=None lr=0.000179071
2026-10-01 10:06:02,798 step=3740 train=3.36875 val=None lr=0.00017852
2026-10-01 10:06:04,132 step=3750 train=3.10532 val=None lr=0.000177969
2026-10-01 10:06:05,491 step=3760 train=2.84038 val=None lr=0.000177417
2026-10-01 10:06:06,750 step=3770 train=3.14771 val=None lr=0.000176866
2026-10-01 10:06:07,964 step=3780 train=2.83839 val=None lr=0.000176314
2026-10-01 10:06:09,478 step=3790 train=2.96778 val=None lr=0.000175762
2026-10-01 10:06:11,878 step=3800 train=3.21805 val=2.975106191635132 lr=0.00017521
2026-10-01 10:06:13,040 step=3810 train=3.00395 val=None lr=0.000174657
2026-10-01 10:06:14,227 step=3820 train=3.13483 val=None lr=0.000174105
2026-10-01 10:06:14,070 step=3830 train=3.09685 val=None lr=0.000173552
2026-10-01 10:06:15,229 step=3840 train=2.92410 val=None lr=0.000172999
2026-10-01 10:06:16,392 step=3850 train=2.88122 val=None lr=0.000172446
2026-10-01 10:06:17,658 step=3860 train=3.18435 val=None lr=0.000171893
2026-10-01 10:06:19,331 step=3870 train=2.95392 val=None lr=0.00017134
2026-10-01 10:06:20,629 step=3880 train=3.11877 val=None lr=0.000170786
2026-10-01 10:06:21,825 step=3890 train=3.39981 val=None lr=0.000170233
2026-10-01 10:06:24,161 step=3900 train=3.32014 val=2.965039813518524 lr=0.000169679
2026-10-01 10:06:25,437 step=3910 train=2.86410 val=None lr=0.000169126
2026-10-01 10:06:26,654 step=3920 train=3.13207 val=None lr=0.000168572
2026-10-01 10:06:27,848 step=3930 train=2.94455 val=None lr=0.000168018
2026-10-01 10:06:29,196 step=3940 train=2.97260 val=None lr=0.000167465
2026-10-01 10:06:30,417 step=3950 train=2.90150 val=None lr=0.000166911
2026-10-01 10:06:31,589 step=3960 train=2.97554 val=None lr=0.000166357
2026-10-01 10:06:32,831 step=3970 train=2.83953 val=None lr=0.000165803
2026-10-01 10:06:34,071 step=3980 train=3.29267 val=None lr=0.000165249
2026-10-01 10:06:35,301 step=3990 train=2.75510 val=None lr=0.000164695
2026-10-01 10:06:37,551 step=4000 train=2.89273 val=2.9465559840202333 lr=0.000164141
2026-10-01 10:06:39,662 step=4010 train=3.00457 val=None lr=0.000163588
2026-10-01 10:06:40,970 step=4020 train=3.08260 val=None lr=0.000163034
2026-10-01 10:06:42,283 step=4030 train=3.16564 val=None lr=0.00016248
2026-10-01 10:06:43,540 step=4040 train=3.24637 val=None lr=0.000161926
2026-10-01 10:06:44,949 step=4050 train=2.83085 val=None lr=0.000161372
2026-10-01 10:06:45,065 step=4060 train=3.23002 val=None lr=0.000160819
2026-10-01 10:06:46,394 step=4070 train=3.04639 val=None lr=0.000160265
2026-10-01 10:06:47,858 step=4080 train=3.05175 val=None lr=0.000159712
2026-10-01 10:06:49,198 step=4090 train=2.95385 val=None lr=0.000159158
2026-10-01 10:06:51,539 step=4100 train=3.11457 val=2.936774790287018 lr=0.000158605
2026-10-01 10:06:52,822 step=4110 train=3.16567 val=None lr=0.000158052
2026-10-01 10:06:54,028 step=4120 train=2.88680 val=None lr=0.000157499
2026-10-01 10:06:55,443 step=4130 train=2.98072 val=None lr=0.000156946
2026-10-01 10:06:57,088 step=4140 train=2.96462 val=None lr=0.000156393
2026-10-01 10:06:58,667 step=4150 train=2.98154 val=None lr=0.00015584
2026-10-01 10:07:00,204 step=4160 train=2.79677 val=None lr=0.000155288
2026-10-01 10:07:01,527 step=4170 train=3.04835 val=None lr=0.000154735
2026-10-01 10:07:02,896 step=4180 train=3.08561 val=None lr=0.000154183
2026-10-01 10:07:04,146 step=4190 train=2.76499 val=None lr=0.000153631
2026-10-01 10:07:06,515 step=4200 train=3.07607 val=2.923733150959015 lr=0.000153079
2026-10-01 10:07:07,812 step=4210 train=3.19730 val=None lr=0.000152528
2026-10-01 10:07:09,064 step=4220 train=2.95074 val=None lr=0.000151976
2026-10-01 10:07:10,425 step=4230 train=3.04786 val=None lr=0.000151425
2026-10-01 10:07:11,614 step=4240 train=2.98011 val=None lr=0.000150874
2026-10-01 10:07:12,962 step=4250 train=3.30472 val=None lr=0.000150323
2026-10-01 10:07:14,388 step=4260 train=3.00340 val=None lr=0.000149773
2026-10-01 10:07:15,700 step=4270 train=3.03389 val=None lr=0.000149223
2026-10-01 10:07:17,014 step=4280 train=3.02291 val=None lr=0.000148673
2026-10-01 10:07:17,045 step=4290 train=2.99682 val=None lr=0.000148123
2026-10-01 10:07:19,489 step=4300 train=2.96857 val=2.9123528003692627 lr=0.000147573
2026-10-01 10:07:20,739 step=4310 train=3.00552 val=None lr=0.000147024
2026-10-01 10:07:22,124 step=4320 train=3.47190 val=None lr=0.000146476
2026-10-01 10:07:23,691 step=4330 train=3.04452 val=None lr=0.000145927
2026-10-01 10:07:24,983 step=4340 train=2.90318 val=None lr=0.000145379
2026-10-01 10:07:26,678 step=4350 train=2.98677 val=None lr=0.000144831
2026-10-01 10:07:28,108 step=4360 train=2.74673 val=None lr=0.000144284
2026-10-01 10:07:29,596 step=4370 train=3.01722 val=None lr=0.000143736
2026-10-01 10:07:30,936 step=4380 train=2.70906 val=None lr=0.00014319
2026-10-01 10:07:32,158 step=4390 train=3.18364 val=None lr=0.000142643
2026-10-01 10:07:34,478 step=4400 train=2.85130 val=2.8999959349632265 lr=0.000142097
2026-10-01 10:07:35,673 step=4410 train=2.77688 val=None lr=0.000141551
2026-10-01 10:07:36,965 step=4420 train=2.68828 val=None lr=0.000141006
2026-10-01 10:07:38,158 step=4430 train=3.16261 val=None lr=0.000140461
2026-10-01 10:07:39,397 step=4440 train=3.08131 val=None lr=0.000139917
2026-10-01 10:07:40,724 step=4450 train=3.08464 val=None lr=0.000139373
2026-10-01 10:07:41,940 step=4460 train=2.78152 val=None lr=0.000138829
2026-10-01 10:07:43,246 step=4470 train=3.04064 val=None lr=0.000138286
2026-10-01 10:07:44,452 step=4480 train=3.02226 val=None lr=0.000137743
2026-10-01 10:07:45,590 step=4490 train=3.07516 val=None lr=0.000137201
2026-10-01 10:07:48,330 step=4500 train=2.78918 val=2.8861173748970033 lr=0.000136659
2026-10-01 10:07:50,950 step=4510 train=2.93169 val=None lr=0.000136118
2026-10-01 10:07:52,306 step=4520 train=2.87774 val=None lr=0.000135577
2026-10-01 10:07:53,452 step=4530 train=2.95347 val=None lr=0.000135037
2026-10-01 10:07:54,668 step=4540 train=2.91251 val=None lr=0.000134497
2026-10-01 10:07:55,882 step=4550 train=2.66873 val=None lr=0.000133958
2026-10-01 10:07:56,988 step=4560 train=3.02641 val=None lr=0.000133419
2026-10-01 10:07:58,299 step=4570 train=2.94024 val=None lr=0.000132881
2026-10-01 10:07:59,614 step=4580 train=2.81600 val=None lr=0.000132343
2026-10-01 10:08:01,001 step=4590 train=2.93158 val=None lr=0.000131806
2026-10-01 10:08:03,342 step=4600 train=2.93438 val=2.8789927482604982 lr=0.000131269
2026-10-01 10:08:02,971 step=4610 train=3.19583 val=None lr=0.000130733
2026-10-01 10:08:04,473 step=4620 train=2.97999 val=None lr=0.000130198
2026-10-01 10:08:06,047 step=4630 train=3.21970 val=None lr=0.000129663
2026-10-01 10:08:07,285 step=4640 train=3.12708 val=None lr=0.000129129
2026-10-01 10:08:08,665 step=4650 train=2.93209 val=None lr=0.000128595
2026-10-01 10:08:10,283 step=4660 train=2.83492 val=None lr=0.000128062
2026-10-01 10:08:11,558 step=4670 train=2.92133 val=None lr=0.000127529
2026-10-01 10:08:12,780 step=4680 train=3.02140 val=None lr=0.000126998
2026-10-01 10:08:14,048 step=4690 train=2.74867 val=None lr=0.000126466
2026-10-01 10:08:16,490 step=4700 train=3.06961 val=2.8698322772979736 lr=0.000125936
2026-10-01 10:08:17,994 step=4710 train=2.90645 val=None lr=0.000125406
2026-10-01 10:08:19,443 step=4720 train=2.89150 val=None lr=0.000124877
2026-10-01 10:08:20,725 step=4730 train=2.83339 val=None lr=0.000124348
2026-10-01 10:08:21,879 step=4740 train=3.16834 val=None lr=0.00012382
2026-10-01 10:08:23,155 step=4750 train=3.05477 val=None lr=0.000123293
2026-10-01 10:08:24,434 step=4760 train=2.79647 val=None lr=0.000122767
2026-10-01 10:08:25,581 step=4770 train=2.80854 val=None lr=0.000122241
2026-10-01 10:08:26,743 step=4780 train=3.18406 val=None lr=0.000121716
2026-10-01 10:08:27,993 step=4790 train=2.91447 val=None lr=0.000121192
2026-10-01 10:08:30,390 step=4800 train=3.23037 val=2.861678385734558 lr=0.000120668
2026-10-01 10:08:31,686 step=4810 train=2.88555 val=None lr=0.000120145
2026-10-01 10:08:33,018 step=4820 train=2.98979 val=None lr=0.000119623
2026-10-01 10:08:34,238 step=4830 train=2.90209 val=None lr=0.000119102
2026-10-01 10:08:34,190 step=4840 train=2.84001 val=None lr=0.000118582
2026-10-01 10:08:35,385 step=4850 train=3.05180 val=None lr=0.000118062
2026-10-01 10:08:36,634 step=4860 train=2.70649 val=None lr=0.000117543
2026-10-01 10:08:37,861 step=4870 train=2.78336 val=None lr=0.000117025
2026-10-01 10:08:39,086 step=4880 train=2.84950 val=None lr=0.000116507
2026-10-01 10:08:40,274 step=4890 train=2.77129 val=None lr=0.000115991
2026-10-01 10:08:42,497 step=4900 train=2.81346 val=2.851333224773407 lr=0.000115475
2026-10-01 10:08:43,727 step=4910 train=2.94740 val=None lr=0.00011496
2026-10-01 10:08:45,075 step=4920 train=2.91081 val=None lr=0.000114446
2026-10-01 10:08:46,438 step=4930 train=3.09236 val=None lr=0.000113933
2026-10-01 10:08:47,692 step=4940 train=3.04761 val=None lr=0.000113421
2026-10-01 10:08:48,930 step=4950 train=2.77258 val=None lr=0.000112909
2026-10-01 10:08:50,114 step=4960 train=2.53064 val=None lr=0.000112399
2026-10-01 10:08:51,354 step=4970 train=2.87908 val=None lr=0.000111889
2026-10-01 10:08:52,529 step=4980 train=2.70111 val=None lr=0.00011138
2026-10-01 10:08:53,824 step=4990 train=3.07542 val=None lr=0.000110873
2026-10-01 10:08:56,133 step=5000 train=3.16159 val=2.84235759973526 lr=0.000110366
2026-10-01 10:08:58,517 step=5010 train=2.87236 val=None lr=0.00010986
2026-10-01 10:08:59,837 step=5020 train=3.01636 val=None lr=0.000109354
2026-10-01 10:09:01,382 step=5030 train=2.97917 val=None lr=0.00010885
2026-10-01 10:09:02,773 step=5040 train=2.84998 val=None lr=0.000108347
2026-10-01 10:09:04,186 step=5050 train=2.90972 val=None lr=0.000107845
2026-10-01 10:09:05,597 step=5060 train=3.15546 val=None lr=0.000107343
2026-10-01 10:09:05,738 step=5070 train=2.90956 val=None lr=0.000106843
2026-10-01 10:09:06,924 step=5080 train=3.28884 val=None lr=0.000106344
2026-10-01 10:09:08,233 step=5090 train=2.84436 val=None lr=0.000105845
2026-10-01 10:09:10,710 step=5100 train=3.04564 val=2.8363402605056764 lr=0.000105348
2026-10-01 10:09:11,928 step=5110 train=3.04187 val=None lr=0.000104852
2026-10-01 10:09:13,584 step=5120 train=2.97871 val=None lr=0.000104356
2026-10-01 10:09:15,126 step=5130 train=2.68934 val=None lr=0.000103862
2026-10-01 10:09:16,918 step=5140 train=2.86327 val=None lr=0.000103369
2026-10-01 10:09:18,272 step=5150 train=2.96746 val=None lr=0.000102876
2026-10-01 10:09:19,634 step=5160 train=3.02514 val=None lr=0.000102385
2026-10-01 10:09:20,873 step=5170 train=2.74800 val=None lr=0.000101895
2026-10-01 10:09:22,046 step=5180 train=2.97407 val=None lr=0.000101406
2026-10-01 10:09:23,248 step=5190 train=2.66964 val=None lr=0.000100918
2026-10-01 10:09:25,384 step=5200 train=3.17921 val=2.825268793106079 lr=0.000100431
2026-10-01 10:09:26,719 step=5210 train=2.69259 val=None lr=9.99448e-05
2026-10-01 10:09:27,926 step=5220 train=3.08990 val=None lr=9.946e-05
2026-10-01 10:09:29,268 step=5230 train=2.88498 val=None lr=9.89763e-05
2026-10-01 10:09:30,516 step=5240 train=2.92521 val=None lr=9.84938e-05
2026-10-01 10:09:31,702 step=5250 train=2.80063 val=None lr=9.80123e-05
2026-10-01 10:09:32,950 step=5260 train=2.80088 val=None lr=9.7532e-05
2026-10-01 10:09:34,380 step=5270 train=2.97756 val=None lr=9.70528e-05
2026-10-01 10:09:35,843 step=5280 train=3.18231 val=None lr=9.65747e-05
2026-10-01 10:09:36,957 step=5290 train=2.84902 val=None lr=9.60978e-05
2026-10-01 10:09:37,882 step=5300 train=3.04956 val=2.819343054294586 lr=9.56221e-05
2026-10-01 10:09:39,088 step=5310 train=2.76204 val=None lr=9.51475e-05
2026-10-01 10:09:40,201 step=5320 train=3.00649 val=None lr=9.46742e-05
2026-10-01 10:09:41,320 step=5330 train=2.92238 val=None lr=9.42019e-05
2026-10-01 10:09:42,440 step=5340 train=2.83404 val=None lr=9.37309e-05
2026-10-01 10:09:43,753 step=5350 train=2.73160 val=None lr=9.32611e-05
2026-10-01 10:09:45,005 step=5360 train=3.12434 val=None lr=9.27925e-05
2026-10-01 10:09:46,176 step=5370 train=2.91309 val=None lr=9.23251e-05
2026-10-01 10:09:47,284 step=5380 train=2.75579 val=None lr=9.18589e-05
2026-10-01 10:09:48,530 step=5390 train=2.90163 val=None lr=9.1394e-05
2026-10-01 10:09:51,062 step=5400 train=2.88318 val=2.815096890926361 lr=9.09303e-05
2026-10-01 10:09:52,209 step=5410 train=2.95787 val=None lr=9.04679e-05
2026-10-01 10:09:53,379 step=5420 train=2.68703 val=None lr=9.00067e-05
2026-10-01 10:09:54,661 step=5430 train=2.97673 val=None lr=8.95467e-05
2026-10-01 10:09:55,945 step=5440 train=2.89048 val=None lr=8.90881e-05
2026-10-01 10:09:57,436 step=5450 train=2.86349 val=None lr=8.86307e-05
2026-10-01 10:09:58,952 step=5460 train=3.08228 val=None lr=8.81746e-05
2026-10-01 10:10:00,418 step=5470 train=2.79558 val=None lr=8.77198e-05
2026-10-01 10:10:01,807 step=5480 train=2.80495 val=None lr=8.72662e-05
2026-10-01 10:10:02,955 step=5490 train=2.82769 val=None lr=8.6814e-05
2026-10-01 10:10:05,251 step=5500 train=2.91871 val=2.8071702122688293 lr=8.63632e-05
2026-10-01 10:10:07,559 step=5510 train=2.62930 val=None lr=8.59136e-05
2026-10-01 10:10:07,624 step=5520 train=2.87289 val=None lr=8.54654e-05
2026-10-01 10:10:08,980 step=5530 train=2.76660 val=None lr=8.50185e-05
2026-10-01 10:10:10,148 step=5540 train=2.63277 val=None lr=8.45729e-05
2026-10-01 10:10:11,270 step=5550 train=3.17380 val=None lr=8.41288e-05
2026-10-01 10:10:12,479 step=5560 train=2.92547 val=None lr=8.36859e-05
2026-10-01 10:10:13,837 step=5570 train=2.90913 val=None lr=8.32445e-05
2026-10-01 10:10:15,001 step=5580 train=2.91443 val=None lr=8.28044e-05
2026-10-01 10:10:16,215 step=5590 train=2.83120 val=None lr=8.23657e-05
2026-10-01 10:10:18,441 step=5600 train=3.10946 val=2.8021392941474916 lr=8.19284e-05
2026-10-01 10:10:19,664 step=5610 train=2.81130 val=None lr=8.14925e-05
2026-10-01 10:10:20,967 step=5620 train=2.71392 val=None lr=8.1058e-05
2026-10-01 10:10:22,417 step=5630 train=2.67152 val=None lr=8.06249e-05
2026-10-01 10:10:23,881 step=5640 train=2.84642 val=None lr=8.01932e-05
2026-10-01 10:10:25,205 step=5650 train=3.07676 val=None lr=7.9763e-05
2026-10-01 10:10:26,465 step=5660 train=2.91492 val=None lr=7.93342e-05
2026-10-01 10:10:27,936 step=5670 train=2.80907 val=None lr=7.89068e-05
2026-10-01 10:10:29,424 step=5680 train=3.02866 val=None lr=7.84809e-05
2026-10-01 10:10:30,716 step=5690 train=2.80852 val=None lr=7.80564e-05
2026-10-01 10:10:33,235 step=5700 train=3.01260 val=2.7921988010406493 lr=7.76334e-05
2026-10-01 10:10:34,533 step=5710 train=2.94879 val=None lr=7.72119e-05
2026-10-01 10:10:35,810 step=5720 train=2.98530 val=None lr=7.67919e-05
2026-10-01 10:10:37,264 step=5730 train=2.96104 val=None lr=7.63733e-05
2026-10-01 10:10:38,484 step=5740 train=2.81341 val=None lr=7.59562e-05
2026-10-01 10:10:38,720 step=5750 train=2.62371 val=None lr=7.55406e-05
2026-10-01 10:10:39,946 step=5760 train=2.92334 val=None lr=7.51266e-05
2026-10-01 10:10:41,238 step=5770 train=2.86726 val=None lr=7.4714e-05
2026-10-01 10:10:42,410 step=5780 train=2.95336 val=None lr=7.4303e-05
2026-10-01 10:10:43,607 step=5790 train=3.15783 val=None lr=7.38935e-05
2026-10-01 10:10:45,811 step=5800 train=3.03151 val=2.788188123703003 lr=7.34855e-05
2026-10-01 10:10:46,933 step=5810 train=2.80032 val=None lr=7.30791e-05
2026-10-01 10:10:48,157 step=5820 train=2.89882 val=None lr=7.26742e-05
2026-10-01 10:10:49,396 step=5830 train=3.04069 val=None lr=7.22709e-05
2026-10-01 10:10:50,547 step=5840 train=2.83488 val=None lr=7.18691e-05
2026-10-01 10:10:51,681 step=5850 train=2.68737 val=None lr=7.14689e-05
2026-10-01 10:10:52,930 step=5860 train=2.88249 val=None lr=7.10703e-05
2026-10-01 10:10:54,548 step=5870 train=2.64694 val=None lr=7.06732e-05
2026-10-01 10:10:55,871 step=5880 train=2.60533 val=None lr=7.02778e-05
2026-10-01 10:10:57,072 step=5890 train=2.80678 val=None lr=6.98839e-05
2026-10-01 10:10:59,443 step=5900 train=2.62870 val=2.785522437095642 lr=6.94916e-05
2026-10-01 10:11:01,026 step=5910 train=2.90168 val=None lr=6.9101e-05
2026-10-01 10:11:02,443 step=5920 train=3.15894 val=None lr=6.87119e-05
2026-10-01 10:11:03,855 step=5930 train=2.76115 val=None lr=6.83245e-05
2026-10-01 10:11:05,450 step=5940 train=2.60002 val=None lr=6.79387e-05
2026-10-01 10:11:06,987 step=5950 train=2.85657 val=None lr=6.75546e-05
2026-10-01 10:11:08,379 step=5960 train=2.83852 val=None lr=6.71721e-05
2026-10-01 10:11:09,530 step=5970 train=2.80665 val=None lr=6.67912e-05
2026-10-01 10:11:09,410 step=5980 train=2.81610 val=None lr=6.6412e-05
2026-10-01 10:11:10,647 step=5990 train=3.01435 val=None lr=6.60344e-05
2026-10-01 10:11:13,191 step=6000 train=2.69226 val=2.7778339862823485 lr=6.56585e-05
2026-10-01 10:11:15,482 step=6010 train=2.78260 val=None lr=6.52843e-05
2026-10-01 10:11:16,752 step=6020 train=2.77481 val=None lr=6.49118e-05
2026-10-01 10:11:18,069 step=6030 train=2.95656 val=None lr=6.45409e-05
2026-10-01 10:11:19,212 step=6040 train=3.10926 val=None lr=6.41717e-05
2026-10-01 10:11:20,467 step=6050 train=2.88564 val=None lr=6.38043e-05
2026-10-01 10:11:21,688 step=6060 train=2.78559 val=None lr=6.34385e-05
2026-10-01 10:11:22,912 step=6070 train=2.83889 val=None lr=6.30744e-05
2026-10-01 10:11:24,247 step=6080 train=2.91259 val=None lr=6.27121e-05
2026-10-01 10:11:25,672 step=6090 train=2.93230 val=None lr=6.23515e-05
2026-10-01 10:11:28,199 step=6100 train=2.99708 val=2.7761449337005617 lr=6.19926e-05
2026-10-01 10:11:29,393 step=6110 train=3.00582 val=None lr=6.16354e-05
2026-10-01 10:11:30,708 step=6120 train=2.76315 val=None lr=6.128e-05
2026-10-01 10:11:32,166 step=6130 train=2.62974 val=None lr=6.09264e-05
2026-10-01 10:11:33,618 step=6140 train=2.85787 val=None lr=6.05744e-05
2026-10-01 10:11:34,856 step=6150 train=2.75987 val=None lr=6.02243e-05
2026-10-01 10:11:35,989 step=6160 train=2.93803 val=None lr=5.98759e-05
2026-10-01 10:11:37,152 step=6170 train=2.85434 val=None lr=5.95293e-05
2026-10-01 10:11:38,405 step=6180 train=2.72986 val=None lr=5.91844e-05
2026-10-01 10:11:39,550 step=6190 train=3.00403 val=None lr=5.88413e-05
2026-10-01 10:11:40,434 step=6200 train=3.02294 val=2.768874943256378 lr=5.85001e-05
2026-10-01 10:11:41,645 step=6210 train=2.90410 val=None lr=5.81606e-05
2026-10-01 10:11:42,910 step=6220 train=2.72244 val=None lr=5.78229e-05
2026-10-01 10:11:44,316 step=6230 train=2.98365 val=None lr=5.7487e-05
2026-10-01 10:11:45,709 step=6240 train=2.62044 val=None lr=5.71529e-05
2026-10-01 10:11:47,063 step=6250 train=2.71475 val=None lr=5.68207e-05
2026-10-01 10:11:48,523 step=6260 train=2.49860 val=None lr=5.64902e-05
2026-10-01 10:11:49,806 step=6270 train=2.92237 val=None lr=5.61616e-05
2026-10-01 10:11:51,299 step=6280 train=2.89770 val=None lr=5.58348e-05
2026-10-01 10:11:52,548 step=6290 train=2.82980 val=None lr=5.55099e-05
2026-10-01 10:11:54,946 step=6300 train=3.13627 val=2.765776717662811 lr=5.51868e-05
2026-10-01 10:11:56,497 step=6310 train=2.69096 val=None lr=5.48655e-05
2026-10-01 10:11:58,065 step=6320 train=3.24643 val=None lr=5.45461e-05
2026-10-01 10:11:59,473 step=6330 train=2.86388 val=None lr=5.42286e-05
2026-10-01 10:12:00,707 step=6340 train=2.81449 val=None lr=5.39129e-05
2026-10-01 10:12:01,897 step=6350 train=2.64461 val=None lr=5.35991e-05
2026-10-01 10:12:03,208 step=6360 train=2.68057 val=None lr=5.32872e-05
2026-10-01 10:12:04,583 step=6370 train=3.00503 val=None lr=5.29771e-05
2026-10-01 10:12:05,878 step=6380 train=2.64508 val=None lr=5.2669e-05
2026-10-01 10:12:07,230 step=6390 train=2.72830 val=None lr=5.23627e-05
2026-10-01 10:12:09,730 step=6400 train=2.93750 val=2.7612441420555114 lr=5.20583e-05
2026-10-01 10:12:11,314 step=6410 train=2.63767 val=None lr=5.17558e-05
2026-10-01 10:12:12,527 step=6420 train=2.81739 val=None lr=5.14553e-05
2026-10-01 10:12:12,425 step=6430 train=2.78896 val=None lr=5.11566e-05
2026-10-01 10:12:13,653 step=6440 train=3.02787 val=None lr=5.08599e-05
2026-10-01 10:12:14,960 step=6450 train=3.14598 val=None lr=5.05651e-05
2026-10-01 10:12:16,218 step=6460 train=2.69284 val=None lr=5.02722e-05
2026-10-01 10:12:17,397 step=6470 train=2.83562 val=None lr=4.99812e-05
2026-10-01 10:12:18,581 step=6480 train=2.90294 val=None lr=4.96922e-05
2026-10-01 10:12:19,758 step=6490 train=2.62423 val=None lr=4.94051e-05
2026-10-01 10:12:22,179 step=6500 train=2.89493 val=2.7587565422058105 lr=4.912e-05
2026-10-01 10:12:24,302 step=6510 train=2.86735 val=None lr=4.88368e-05
2026-10-01 10:12:25,463 step=6520 train=2.49327 val=None lr=4.85555e-05
2026-10-01 10:12:26,920 step=6530 train=2.60826 val=None lr=4.82763e-05
2026-10-01 10:12:28,291 step=6540 train=2.90283 val=None lr=4.7999e-05
2026-10-01 10:12:29,674 step=6550 train=2.82175 val=None lr=4.77236e-05
2026-10-01 10:12:31,054 step=6560 train=2.77215 val=None lr=4.74503e-05
2026-10-01 10:12:32,524 step=6570 train=2.95427 val=None lr=4.71789e-05
2026-10-01 10:12:33,746 step=6580 train=2.74291 val=None lr=4.69095e-05
2026-10-01 10:12:34,903 step=6590 train=2.77531 val=None lr=4.66421e-05
2026-10-01 10:12:37,207 step=6600 train=2.96639 val=2.7538744807243347 lr=4.63767e-05
2026-10-01 10:12:38,671 step=6610 train=2.56957 val=None lr=4.61132e-05
2026-10-01 10:12:39,841 step=6620 train=2.77609 val=None lr=4.58518e-05
2026-10-01 10:12:41,169 step=6630 train=3.05279 val=None lr=4.55924e-05
2026-10-01 10:12:42,384 step=6640 train=2.67937 val=None lr=4.5335e-05
2026-10-01 10:12:43,603 step=6650 train=2.74966 val=None lr=4.50796e-05
2026-10-01 10:12:43,690 step=6660 train=2.95452 val=None lr=4.48262e-05
2026-10-01 10:12:44,963 step=6670 train=2.79996 val=None lr=4.45749e-05
2026-10-01 10:12:46,363 step=6680 train=2.87966 val=None lr=4.43255e-05
2026-10-01 10:12:47,710 step=6690 train=2.89567 val=None lr=4.40783e-05
2026-10-01 10:12:49,953 step=6700 train=2.62408 val=2.750910699367523 lr=4.3833e-05
2026-10-01 10:12:51,353 step=6710 train=2.66814 val=None lr=4.35898e-05
2026-10-01 10:12:52,789 step=6720 train=2.52022 val=None lr=4.33486e-05
2026-10-01 10:12:54,041 step=6730 train=2.89161 val=None lr=4.31095e-05
2026-10-01 10:12:55,299 step=6740 train=2.98781 val=None lr=4.28724e-05
2026-10-01 10:12:56,456 step=6750 train=2.92968 val=None lr=4.26374e-05
2026-10-01 10:12:57,590 step=6760 train=2.92439 val=None lr=4.24044e-05
2026-10-01 10:12:58,911 step=6770 train=2.96178 val=None lr=4.21735e-05
2026-10-01 10:13:00,177 step=6780 train=3.02555 val=None lr=4.19447e-05
2026-10-01 10:13:01,409 step=6790 train=2.70724 val=None lr=4.1718e-05
2026-10-01 10:13:03,614 step=6800 train=2.84111 val=2.7477500081062316 lr=4.14933e-05
2026-10-01 10:13:05,013 step=6810 train=2.90287 val=None lr=4.12707e-05
2026-10-01 10:13:06,385 step=6820 train=2.84333 val=None lr=4.10502e-05
2026-10-01 10:13:07,784 step=6830 train=2.73705 val=None lr=4.08317e-05
2026-10-01 10:13:09,204 step=6840 train=2.97839 val=None lr=4.06154e-05
2026-10-01 10:13:10,553 step=6850 train=2.83978 val=None lr=4.04012e-05
2026-10-01 10:13:11,706 step=6860 train=2.93250 val=None lr=4.0189e-05
2026-10-01 10:13:12,914 step=6870 train=2.52566 val=None lr=3.9979e-05
2026-10-01 10:13:14,145 step=6880 train=3.01361 val=None lr=3.9771e-05
2026-10-01 10:13:14,329 step=6890 train=2.53925 val=None lr=3.95652e-05
2026-10-01 10:13:16,602 step=6900 train=2.65371 val=2.744038772583008 lr=3.93615e-05
2026-10-01 10:13:17,720 step=6910 train=2.75021 val=None lr=3.91598e-05
2026-10-01 10:13:18,836 step=6920 train=2.52523 val=None lr=3.89604e-05
2026-10-01 10:13:20,156 step=6930 train=2.87583 val=None lr=3.8763e-05
2026-10-01 10:13:21,329 step=6940 train=2.74126 val=None lr=3.85677e-05
2026-10-01 10:13:22,582 step=6950 train=3.05780 val=None lr=3.83746e-05
2026-10-01 10:13:23,725 step=6960 train=2.79275 val=None lr=3.81836e-05
2026-10-01 10:13:24,881 step=6970 train=2.95283 val=None lr=3.79948e-05
2026-10-01 10:13:26,091 step=6980 train=3.06914 val=None lr=3.78081e-05
2026-10-01 10:13:27,387 step=6990 train=2.86353 val=None lr=3.76235e-05
2026-10-01 10:13:29,841 step=7000 train=2.93506 val=2.7408191204071044 lr=3.74411e-05
2026-10-01 10:13:32,132 step=7010 train=2.61595 val=None lr=3.72608e-05
2026-10-01 10:13:33,367 step=7020 train=2.80289 val=None lr=3.70827e-05
2026-10-01 10:13:34,602 step=7030 train=2.62814 val=None lr=3.69067e-05
2026-10-01 10:13:35,950 step=7040 train=2.61090 val=None lr=3.67329e-05
2026-10-01 10:13:37,207 step=7050 train=2.80419 val=None lr=3.65612e-05
2026-10-01 10:13:38,718 step=7060 train=2.95369 val=None lr=3.63917e-05
2026-10-01 10:13:40,571 step=7070 train=2.69147 val=None lr=3.62244e-05
2026-10-01 10:13:42,062 step=7080 train=2.71562 val=None lr=3.60592e-05
2026-10-01 10:13:43,262 step=7090 train=2.80353 val=None lr=3.58962e-05
2026-10-01 10:13:45,650 step=7100 train=2.83237 val=2.7370447278022767 lr=3.57354e-05
2026-10-01 10:13:45,513 step=7110 train=2.94606 val=None lr=3.55768e-05
2026-10-01 10:13:46,767 step=7120 train=2.94388 val=None lr=3.54203e-05
2026-10-01 10:13:48,012 step=7130 train=2.77937 val=None lr=3.5266e-05
2026-10-01 10:13:49,601 step=7140 train=2.81362 val=None lr=3.51139e-05
2026-10-01 10:13:50,976 step=7150 train=2.82681 val=None lr=3.4964e-05
2026-10-01 10:13:52,315 step=7160 train=2.58043 val=None lr=3.48163e-05
2026-10-01 10:13:53,660 step=7170 train=2.69248 val=None lr=3.46708e-05
2026-10-01 10:13:54,976 step=7180 train=2.66344 val=None lr=3.45274e-05
2026-10-01 10:13:56,329 step=7190 train=2.75478 val=None lr=3.43863e-05
2026-10-01 10:13:58,368 step=7200 train=2.87966 val=2.737358796596527 lr=3.42473e-05
2026-10-01 10:13:59,686 step=7210 train=2.92086 val=None lr=3.41106e-05
2026-10-01 10:14:01,157 step=7220 train=2.56949 val=None lr=3.39761e-05
2026-10-01 10:14:02,372 step=7230 train=2.78761 val=None lr=3.38437e-05
2026-10-01 10:14:03,779 step=7240 train=2.89968 val=None lr=3.37136e-05
2026-10-01 10:14:05,078 step=7250 train=2.77630 val=None lr=3.35857e-05
2026-10-01 10:14:06,380 step=7260 train=2.48724 val=None lr=3.346e-05
2026-10-01 10:14:07,657 step=7270 train=2.53936 val=None lr=3.33365e-05
2026-10-01 10:14:09,058 step=7280 train=2.58262 val=None lr=3.32152e-05
2026-10-01 10:14:10,193 step=7290 train=2.76535 val=None lr=3.30962e-05
2026-10-01 10:14:12,378 step=7300 train=2.81645 val=2.734925937652588 lr=3.29793e-05
2026-10-01 10:14:13,550 step=7310 train=2.94782 val=None lr=3.28647e-05
2026-10-01 10:14:14,853 step=7320 train=2.80286 val=None lr=3.27523e-05
2026-10-01 10:14:16,120 step=7330 train=2.87510 val=None lr=3.26422e-05
2026-10-01 10:14:17,453 step=7340 train=2.64499 val=None lr=3.25342e-05
2026-10-01 10:14:17,431 step=7350 train=2.74578 val=None lr=3.24285e-05
2026-10-01 10:14:18,720 step=7360 train=2.68031 val=None lr=3.2325e-05
2026-10-01 10:14:19,836 step=7370 train=2.88037 val=None lr=3.22238e-05
2026-10-01 10:14:20,961 step=7380 train=2.93715 val=None lr=3.21248e-05
2026-10-01 10:14:22,103 step=7390 train=2.85594 val=None lr=3.2028e-05
2026-10-01 10:14:24,298 step=7400 train=2.77883 val=2.7315815925598144 lr=3.19335e-05
2026-10-01 10:14:25,401 step=7410 train=3.06607 val=None lr=3.18412e-05
2026-10-01 10:14:26,679 step=7420 train=2.69765 val=None lr=3.17512e-05
2026-10-01 10:14:27,953 step=7430 train=2.79135 val=None lr=3.16634e-05
2026-10-01 10:14:29,294 step=7440 train=2.76571 val=None lr=3.15778e-05
2026-10-01 10:14:30,504 step=7450 train=2.71982 val=None lr=3.14945e-05
2026-10-01 10:14:31,912 step=7460 train=2.80530 val=None lr=3.14134e-05
2026-10-01 10:14:33,077 step=7470 train=2.63401 val=None lr=3.13346e-05
2026-10-01 10:14:34,413 step=7480 train=2.75421 val=None lr=3.12581e-05
2026-10-01 10:14:35,765 step=7490 train=2.87806 val=None lr=3.11837e-05
2026-10-01 10:14:38,338 step=7500 train=2.51090 val=2.7294195890426636 lr=3.11117e-05
2026-10-01 10:14:41,131 step=7510 train=2.80506 val=None lr=3.10419e-05
2026-10-01 10:14:42,429 step=7520 train=2.79500 val=None lr=3.09743e-05
2026-10-01 10:14:43,759 step=7530 train=2.70136 val=None lr=3.0909e-05
2026-10-01 10:14:45,000 step=7540 train=2.55295 val=None lr=3.0846e-05
2026-10-01 10:14:46,257 step=7550 train=2.68818 val=None lr=3.07852e-05
2026-10-01 10:14:47,379 step=7560 train=2.76430 val=None lr=3.07267e-05
2026-10-01 10:14:47,478 step=7570 train=2.75146 val=None lr=3.06704e-05
2026-10-01 10:14:49,034 step=7580 train=2.80891 val=None lr=3.06164e-05
2026-10-01 10:14:50,389 step=7590 train=2.82824 val=None lr=3.05647e-05
2026-10-01 10:14:52,934 step=7600 train=2.68542 val=2.7270336985588073 lr=3.05152e-05
2026-10-01 10:14:54,225 step=7610 train=2.81958 val=None lr=3.0468e-05
2026-10-01 10:14:55,527 step=7620 train=2.75496 val=None lr=3.0423e-05
2026-10-01 10:14:56,742 step=7630 train=3.08427 val=None lr=3.03804e-05
2026-10-01 10:14:57,994 step=7640 train=2.73658 val=None lr=3.03399e-05
2026-10-01 10:14:59,165 step=7650 train=3.23270 val=None lr=3.03018e-05
2026-10-01 10:15:00,284 step=7660 train=2.60114 val=None lr=3.02659e-05
2026-10-01 10:15:01,537 step=7670 train=2.60802 val=None lr=3.02323e-05
2026-10-01 10:15:02,871 step=7680 train=2.62649 val=None lr=3.02009e-05
2026-10-01 10:15:04,198 step=7690 train=2.92516 val=None lr=3.01719e-05
2026-10-01 10:15:06,773 step=7700 train=2.97112 val=2.725605297088623 lr=3.01451e-05
2026-10-01 10:15:08,088 step=7710 train=3.17616 val=None lr=3.01205e-05
2026-10-01 10:15:09,305 step=7720 train=3.08465 val=None lr=3.00983e-05
2026-10-01 10:15:10,541 step=7730 train=2.75674 val=None lr=3.00783e-05
2026-10-01 10:15:11,915 step=7740 train=2.86569 val=None lr=3.00605e-05
2026-10-01 10:15:13,409 step=7750 train=2.84850 val=None lr=3.00451e-05
2026-10-01 10:15:14,708 step=7760 train=2.96479 val=None lr=3.00319e-05
2026-10-01 10:15:16,312 step=7770 train=2.77955 val=None lr=3.0021e-05
2026-10-01 10:15:17,841 step=7780 train=2.80817 val=None lr=3.00124e-05
2026-10-01 10:15:18,997 step=7790 train=2.79007 val=None lr=3.0006e-05
2026-10-01 10:15:19,755 step=7800 train=2.84447 val=2.7234421491622927 lr=3.00019e-05
2026-10-01 10:15:20,876 step=7810 train=2.84600 val=None lr=3.00001e-05
2026-10-01 10:15:21,852 step=7813 train=2.91877 val=2.723801112174988 lr=3e-05
2026-10-01 10:15:23,047 Completed: final validation loss 2.723801
