2026-10-01 15:09:59,573 64m_16mtoken: parameters=66061440, target steps=7813, processed tokens=16001024, resume step=0
2026-10-01 15:10:00,008 step=1 train=9.21034 val=None lr=1.92308e-06
2026-10-01 15:10:01,531 step=10 train=9.21033 val=None lr=1.92308e-05
2026-10-01 15:10:03,507 step=20 train=9.21026 val=None lr=3.84615e-05
2026-10-01 15:10:05,205 step=30 train=9.21015 val=None lr=5.76923e-05
2026-10-01 15:10:06,860 step=40 train=9.20989 val=None lr=7.69231e-05
2026-10-01 15:10:08,740 step=50 train=9.20938 val=None lr=9.61538e-05
2026-10-01 15:10:10,454 step=60 train=9.20834 val=None lr=0.000115385
2026-10-01 15:10:12,188 step=70 train=9.20646 val=None lr=0.000134615
2026-10-01 15:10:13,935 step=80 train=9.20378 val=None lr=0.000153846
2026-10-01 15:10:15,628 step=90 train=9.19980 val=None lr=0.000173077
2026-10-01 15:10:19,080 step=100 train=9.19103 val=9.189979553222656 lr=0.000192308
2026-10-01 15:10:21,026 step=110 train=9.17295 val=None lr=0.000211538
2026-10-01 15:10:23,250 step=120 train=9.11936 val=None lr=0.000230769
2026-10-01 15:10:25,154 step=130 train=9.05482 val=None lr=0.00025
2026-10-01 15:10:26,929 step=140 train=8.97741 val=None lr=0.000269231
2026-10-01 15:10:29,026 step=150 train=8.87413 val=None lr=0.000288462
2026-10-01 15:10:31,207 step=160 train=8.75256 val=None lr=0.0003
2026-10-01 15:10:32,865 step=170 train=8.61742 val=None lr=0.000299998
2026-10-01 15:10:34,726 step=180 train=8.44157 val=None lr=0.000299993
2026-10-01 15:10:36,670 step=190 train=8.27850 val=None lr=0.000299987
2026-10-01 15:10:40,330 step=200 train=8.07816 val=8.087406349182128 lr=0.000299978
2026-10-01 15:10:42,161 step=210 train=7.90110 val=None lr=0.000299967
2026-10-01 15:10:43,915 step=220 train=7.70175 val=None lr=0.000299953
2026-10-01 15:10:45,813 step=230 train=7.54944 val=None lr=0.000299938
2026-10-01 15:10:47,557 step=240 train=7.37078 val=None lr=0.00029992
2026-10-01 15:10:49,573 step=250 train=7.20022 val=None lr=0.0002999
2026-10-01 15:10:51,211 step=260 train=7.02086 val=None lr=0.000299877
2026-10-01 15:10:53,356 step=270 train=6.84530 val=None lr=0.000299852
2026-10-01 15:10:55,551 step=280 train=6.71912 val=None lr=0.000299825
2026-10-01 15:10:57,253 step=290 train=6.50573 val=None lr=0.000299796
2026-10-01 15:11:00,799 step=300 train=6.27767 val=6.330981731414795 lr=0.000299764
2026-10-01 15:11:02,712 step=310 train=6.19101 val=None lr=0.000299731
2026-10-01 15:11:04,401 step=320 train=6.10732 val=None lr=0.000299695
2026-10-01 15:11:06,085 step=330 train=6.17229 val=None lr=0.000299656
2026-10-01 15:11:08,017 step=340 train=6.02317 val=None lr=0.000299615
2026-10-01 15:11:09,738 step=350 train=5.88078 val=None lr=0.000299573
2026-10-01 15:11:11,980 step=360 train=5.72716 val=None lr=0.000299527
2026-10-01 15:11:13,846 step=370 train=5.86351 val=None lr=0.00029948
2026-10-01 15:11:15,932 step=380 train=5.84835 val=None lr=0.00029943
2026-10-01 15:11:17,791 step=390 train=5.74497 val=None lr=0.000299378
2026-10-01 15:11:21,424 step=400 train=5.51429 val=5.672883605957031 lr=0.000299324
2026-10-01 15:11:23,446 step=410 train=5.76852 val=None lr=0.000299268
2026-10-01 15:11:25,134 step=420 train=5.76609 val=None lr=0.000299209
2026-10-01 15:11:27,088 step=430 train=5.57246 val=None lr=0.000299148
2026-10-01 15:11:29,182 step=440 train=5.40669 val=None lr=0.000299085
2026-10-01 15:11:31,167 step=450 train=5.37008 val=None lr=0.000299019
2026-10-01 15:11:32,861 step=460 train=5.44374 val=None lr=0.000298951
2026-10-01 15:11:34,620 step=470 train=5.37251 val=None lr=0.000298881
2026-10-01 15:11:36,548 step=480 train=5.31447 val=None lr=0.000298809
2026-10-01 15:11:38,230 step=490 train=5.28109 val=None lr=0.000298734
2026-10-01 15:11:41,769 step=500 train=5.06146 val=5.092225360870361 lr=0.000298658
2026-10-01 15:11:45,784 step=510 train=5.20879 val=None lr=0.000298579
2026-10-01 15:11:47,671 step=520 train=4.86085 val=None lr=0.000298497
2026-10-01 15:11:49,411 step=530 train=4.96284 val=None lr=0.000298414
2026-10-01 15:11:51,126 step=540 train=4.75194 val=None lr=0.000298328
2026-10-01 15:11:52,782 step=550 train=5.04476 val=None lr=0.00029824
2026-10-01 15:11:54,468 step=560 train=4.66609 val=None lr=0.00029815
2026-10-01 15:11:56,123 step=570 train=4.80888 val=None lr=0.000298057
2026-10-01 15:11:57,840 step=580 train=4.71454 val=None lr=0.000297962
2026-10-01 15:11:59,469 step=590 train=4.71728 val=None lr=0.000297865
2026-10-01 15:12:03,349 step=600 train=4.62799 val=4.55358316898346 lr=0.000297766
2026-10-01 15:12:05,037 step=610 train=4.62034 val=None lr=0.000297665
2026-10-01 15:12:06,783 step=620 train=4.31420 val=None lr=0.000297561
2026-10-01 15:12:08,752 step=630 train=4.55349 val=None lr=0.000297455
2026-10-01 15:12:10,685 step=640 train=4.41953 val=None lr=0.000297347
2026-10-01 15:12:12,599 step=650 train=4.64293 val=None lr=0.000297237
2026-10-01 15:12:14,445 step=660 train=4.53100 val=None lr=0.000297124
2026-10-01 15:12:16,350 step=670 train=4.54071 val=None lr=0.000297009
2026-10-01 15:12:18,344 step=680 train=4.38801 val=None lr=0.000296892
2026-10-01 15:12:20,007 step=690 train=4.59169 val=None lr=0.000296773
2026-10-01 15:12:23,260 step=700 train=4.14013 val=4.252040839195251 lr=0.000296651
2026-10-01 15:12:24,992 step=710 train=4.15948 val=None lr=0.000296528
2026-10-01 15:12:26,583 step=720 train=4.24168 val=None lr=0.000296402
2026-10-01 15:12:28,297 step=730 train=4.30190 val=None lr=0.000296273
2026-10-01 15:12:30,239 step=740 train=4.08361 val=None lr=0.000296143
2026-10-01 15:12:31,940 step=750 train=4.33769 val=None lr=0.000296011
2026-10-01 15:12:33,812 step=760 train=4.15638 val=None lr=0.000295876
2026-10-01 15:12:35,494 step=770 train=4.14097 val=None lr=0.000295739
2026-10-01 15:12:37,518 step=780 train=4.23869 val=None lr=0.0002956
2026-10-01 15:12:39,259 step=790 train=4.29609 val=None lr=0.000295458
2026-10-01 15:12:43,033 step=800 train=4.36042 val=4.094999158382416 lr=0.000295315
2026-10-01 15:12:45,218 step=810 train=4.20340 val=None lr=0.000295169
2026-10-01 15:12:47,122 step=820 train=4.28665 val=None lr=0.000295021
2026-10-01 15:12:49,315 step=830 train=3.98903 val=None lr=0.000294871
2026-10-01 15:12:51,073 step=840 train=4.34074 val=None lr=0.000294719
2026-10-01 15:12:53,090 step=850 train=4.09667 val=None lr=0.000294564
2026-10-01 15:12:54,918 step=860 train=4.11758 val=None lr=0.000294407
2026-10-01 15:12:56,764 step=870 train=4.14505 val=None lr=0.000294249
2026-10-01 15:12:58,752 step=880 train=3.99824 val=None lr=0.000294088
2026-10-01 15:13:00,626 step=890 train=4.18450 val=None lr=0.000293924
2026-10-01 15:13:04,515 step=900 train=4.24642 val=4.00156022310257 lr=0.000293759
2026-10-01 15:13:06,571 step=910 train=3.95325 val=None lr=0.000293591
2026-10-01 15:13:08,742 step=920 train=4.10892 val=None lr=0.000293422
2026-10-01 15:13:10,864 step=930 train=4.05620 val=None lr=0.00029325
2026-10-01 15:13:12,780 step=940 train=3.84356 val=None lr=0.000293076
2026-10-01 15:13:14,771 step=950 train=3.83050 val=None lr=0.0002929
2026-10-01 15:13:16,767 step=960 train=3.90946 val=None lr=0.000292721
2026-10-01 15:13:18,476 step=970 train=4.21422 val=None lr=0.000292541
2026-10-01 15:13:20,142 step=980 train=4.14826 val=None lr=0.000292358
2026-10-01 15:13:21,981 step=990 train=3.93326 val=None lr=0.000292173
2026-10-01 15:13:25,621 step=1000 train=3.96397 val=3.93881961107254 lr=0.000291986
2026-10-01 15:13:30,194 step=1010 train=4.02277 val=None lr=0.000291797
2026-10-01 15:13:32,474 step=1020 train=4.24221 val=None lr=0.000291606
2026-10-01 15:13:34,228 step=1030 train=3.85429 val=None lr=0.000291413
2026-10-01 15:13:36,085 step=1040 train=3.82969 val=None lr=0.000291217
2026-10-01 15:13:37,975 step=1050 train=3.85821 val=None lr=0.00029102
2026-10-01 15:13:39,902 step=1060 train=3.63830 val=None lr=0.00029082
2026-10-01 15:13:41,823 step=1070 train=3.77795 val=None lr=0.000290618
2026-10-01 15:13:43,754 step=1080 train=3.69953 val=None lr=0.000290414
2026-10-01 15:13:45,590 step=1090 train=4.10030 val=None lr=0.000290208
2026-10-01 15:13:48,958 step=1100 train=3.78785 val=3.8909469485282897 lr=0.00029
2026-10-01 15:13:51,149 step=1110 train=4.15416 val=None lr=0.00028979
2026-10-01 15:13:53,371 step=1120 train=3.87701 val=None lr=0.000289578
2026-10-01 15:13:55,461 step=1130 train=3.84334 val=None lr=0.000289363
2026-10-01 15:13:57,201 step=1140 train=4.00547 val=None lr=0.000289147
2026-10-01 15:13:59,013 step=1150 train=3.93587 val=None lr=0.000288928
2026-10-01 15:14:00,889 step=1160 train=4.02399 val=None lr=0.000288707
2026-10-01 15:14:02,823 step=1170 train=3.94333 val=None lr=0.000288484
2026-10-01 15:14:04,921 step=1180 train=3.93673 val=None lr=0.000288259
2026-10-01 15:14:07,000 step=1190 train=3.75922 val=None lr=0.000288032
2026-10-01 15:14:10,788 step=1200 train=4.08047 val=3.8560241937637327 lr=0.000287803
2026-10-01 15:14:13,692 step=1210 train=4.10813 val=None lr=0.000287572
2026-10-01 15:14:16,566 step=1220 train=4.10001 val=None lr=0.000287339
2026-10-01 15:14:19,394 step=1230 train=3.98268 val=None lr=0.000287104
2026-10-01 15:14:22,095 step=1240 train=3.93552 val=None lr=0.000286867
2026-10-01 15:14:24,726 step=1250 train=3.75835 val=None lr=0.000286627
2026-10-01 15:14:27,121 step=1260 train=3.63697 val=None lr=0.000286386
2026-10-01 15:14:29,768 step=1270 train=3.76421 val=None lr=0.000286143
2026-10-01 15:14:32,228 step=1280 train=3.78738 val=None lr=0.000285897
2026-10-01 15:14:34,707 step=1290 train=3.84250 val=None lr=0.00028565
2026-10-01 15:14:39,624 step=1300 train=3.80840 val=3.8170856118202208 lr=0.0002854
2026-10-01 15:14:41,906 Stopped after step 1300; rerun the same command to resume.
2026-10-01 18:13:29,923 64m_16mtoken: parameters=66061440, target steps=7813, processed tokens=16001024, resume step=1300
2026-10-01 18:13:34,119 step=1310 train=3.80099 val=None lr=0.000285149
2026-10-01 18:13:36,476 step=1320 train=4.06412 val=None lr=0.000284895
2026-10-01 18:13:38,921 step=1330 train=3.95719 val=None lr=0.000284639
2026-10-01 18:13:41,220 step=1340 train=3.83032 val=None lr=0.000284382
2026-10-01 18:13:43,801 step=1350 train=3.60667 val=None lr=0.000284122
2026-10-01 18:13:46,219 step=1360 train=3.75114 val=None lr=0.000283861
2026-10-01 18:13:48,486 step=1370 train=3.77476 val=None lr=0.000283597
2026-10-01 18:13:50,759 step=1380 train=3.83592 val=None lr=0.000283331
2026-10-01 18:13:53,127 step=1390 train=3.80007 val=None lr=0.000283064
2026-10-01 18:13:57,960 step=1400 train=3.88317 val=3.7873584628105164 lr=0.000282794
2026-10-01 18:14:00,387 step=1410 train=3.81004 val=None lr=0.000282522
2026-10-01 18:14:02,721 step=1420 train=3.70346 val=None lr=0.000282249
2026-10-01 18:14:04,875 step=1430 train=3.80401 val=None lr=0.000281973
2026-10-01 18:14:07,202 step=1440 train=3.81001 val=None lr=0.000281696
2026-10-01 18:14:09,656 step=1450 train=3.86448 val=None lr=0.000281416
2026-10-01 18:14:12,156 step=1460 train=3.76871 val=None lr=0.000281135
2026-10-01 18:14:14,393 step=1470 train=3.71713 val=None lr=0.000280852
2026-10-01 18:14:16,833 step=1480 train=3.70362 val=None lr=0.000280566
2026-10-01 18:14:19,018 step=1490 train=3.78310 val=None lr=0.000280279
2026-10-01 18:14:23,523 step=1500 train=3.89881 val=3.754943084716797 lr=0.00027999
2026-10-01 18:14:27,807 step=1510 train=3.92280 val=None lr=0.000279699
2026-10-01 18:14:30,394 step=1520 train=3.75205 val=None lr=0.000279406
2026-10-01 18:14:32,705 step=1530 train=3.83860 val=None lr=0.000279111
2026-10-01 18:14:34,983 step=1540 train=3.79724 val=None lr=0.000278814
2026-10-01 18:14:37,282 step=1550 train=3.58661 val=None lr=0.000278515
2026-10-01 18:14:39,777 step=1560 train=3.48215 val=None lr=0.000278214
2026-10-01 18:14:42,176 step=1570 train=4.18951 val=None lr=0.000277911
2026-10-01 18:14:44,410 step=1580 train=3.65898 val=None lr=0.000277607
2026-10-01 18:14:46,774 step=1590 train=3.81905 val=None lr=0.0002773
2026-10-01 18:14:51,457 step=1600 train=3.66015 val=3.7048328518867493 lr=0.000276992
2026-10-01 18:14:53,915 step=1610 train=3.76682 val=None lr=0.000276682
2026-10-01 18:14:56,152 step=1620 train=3.63738 val=None lr=0.00027637
2026-10-01 18:14:58,340 step=1630 train=3.39037 val=None lr=0.000276056
2026-10-01 18:15:00,233 step=1640 train=3.42975 val=None lr=0.00027574
2026-10-01 18:15:02,795 step=1650 train=3.88725 val=None lr=0.000275422
2026-10-01 18:15:05,105 step=1660 train=3.67001 val=None lr=0.000275102
2026-10-01 18:15:07,287 step=1670 train=3.68587 val=None lr=0.000274781
2026-10-01 18:15:09,455 step=1680 train=3.78353 val=None lr=0.000274458
2026-10-01 18:15:11,881 step=1690 train=3.78145 val=None lr=0.000274133
2026-10-01 18:15:16,366 step=1700 train=3.75630 val=3.6245027661323546 lr=0.000273806
2026-10-01 18:15:18,669 step=1710 train=3.64627 val=None lr=0.000273477
2026-10-01 18:15:21,273 step=1720 train=3.42072 val=None lr=0.000273146
2026-10-01 18:15:23,803 step=1730 train=3.68250 val=None lr=0.000272814
2026-10-01 18:15:26,084 step=1740 train=3.55477 val=None lr=0.000272479
2026-10-01 18:15:28,528 step=1750 train=3.80742 val=None lr=0.000272143
2026-10-01 18:15:30,333 step=1760 train=3.77771 val=None lr=0.000271806
2026-10-01 18:15:32,702 step=1770 train=3.59990 val=None lr=0.000271466
2026-10-01 18:15:35,086 step=1780 train=3.88923 val=None lr=0.000271124
2026-10-01 18:15:37,512 step=1790 train=3.69381 val=None lr=0.000270781
2026-10-01 18:15:42,156 step=1800 train=3.75138 val=3.5479389786720277 lr=0.000270436
2026-10-01 18:15:44,489 step=1810 train=3.74101 val=None lr=0.000270089
2026-10-01 18:15:47,065 step=1820 train=3.80380 val=None lr=0.000269741
2026-10-01 18:15:49,499 step=1830 train=3.31885 val=None lr=0.00026939
2026-10-01 18:15:52,157 step=1840 train=3.51539 val=None lr=0.000269038
2026-10-01 18:15:54,697 step=1850 train=3.37850 val=None lr=0.000268685
2026-10-01 18:15:56,951 step=1860 train=3.55428 val=None lr=0.000268329
2026-10-01 18:15:59,186 step=1870 train=3.28624 val=None lr=0.000267972
2026-10-01 18:16:01,558 step=1880 train=3.52072 val=None lr=0.000267613
2026-10-01 18:16:03,272 step=1890 train=3.87793 val=None lr=0.000267252
2026-10-01 18:16:08,189 step=1900 train=3.33660 val=3.468148577213287 lr=0.000266889
2026-10-01 18:16:10,567 step=1910 train=3.64310 val=None lr=0.000266525
2026-10-01 18:16:13,051 step=1920 train=3.34819 val=None lr=0.000266159
2026-10-01 18:16:15,353 step=1930 train=3.49760 val=None lr=0.000265791
2026-10-01 18:16:17,663 step=1940 train=3.56906 val=None lr=0.000265422
2026-10-01 18:16:20,087 step=1950 train=3.33534 val=None lr=0.000265051
2026-10-01 18:16:22,534 step=1960 train=3.65160 val=None lr=0.000264678
2026-10-01 18:16:25,080 step=1970 train=3.52062 val=None lr=0.000264304
2026-10-01 18:16:27,347 step=1980 train=3.57771 val=None lr=0.000263928
2026-10-01 18:16:29,627 step=1990 train=3.15750 val=None lr=0.00026355
2026-10-01 18:16:34,132 step=2000 train=3.60219 val=3.4127013444900514 lr=0.000263171
2026-10-01 18:16:38,471 step=2010 train=3.51168 val=None lr=0.00026279
2026-10-01 18:16:40,774 step=2020 train=3.45073 val=None lr=0.000262407
2026-10-01 18:16:43,149 step=2030 train=3.24108 val=None lr=0.000262023
2026-10-01 18:16:45,599 step=2040 train=3.55158 val=None lr=0.000261637
2026-10-01 18:16:47,919 step=2050 train=3.53487 val=None lr=0.000261249
2026-10-01 18:16:50,374 step=2060 train=3.33032 val=None lr=0.00026086
2026-10-01 18:16:52,836 step=2070 train=3.51804 val=None lr=0.000260469
2026-10-01 18:16:55,113 step=2080 train=3.45934 val=None lr=0.000260077
2026-10-01 18:16:57,603 step=2090 train=3.31902 val=None lr=0.000259683
2026-10-01 18:17:02,343 step=2100 train=3.31839 val=3.348650562763214 lr=0.000259287
2026-10-01 18:17:04,682 step=2110 train=3.47977 val=None lr=0.00025889
2026-10-01 18:17:06,388 step=2120 train=3.21709 val=None lr=0.000258491
2026-10-01 18:17:08,993 step=2130 train=3.31323 val=None lr=0.000258091
2026-10-01 18:17:11,530 step=2140 train=3.18676 val=None lr=0.000257689
2026-10-01 18:17:13,843 step=2150 train=2.98125 val=None lr=0.000257285
2026-10-01 18:17:16,148 step=2160 train=3.52413 val=None lr=0.00025688
2026-10-01 18:17:18,656 step=2170 train=3.25982 val=None lr=0.000256474
2026-10-01 18:17:21,073 step=2180 train=3.35657 val=None lr=0.000256066
2026-10-01 18:17:23,788 step=2190 train=3.45618 val=None lr=0.000255656
2026-10-01 18:17:28,378 step=2200 train=3.20375 val=3.307511901855469 lr=0.000255245
2026-10-01 18:17:30,875 step=2210 train=3.26514 val=None lr=0.000254832
2026-10-01 18:17:33,490 step=2220 train=3.36782 val=None lr=0.000254418
2026-10-01 18:17:35,688 step=2230 train=3.49069 val=None lr=0.000254002
2026-10-01 18:17:38,016 step=2240 train=3.29850 val=None lr=0.000253585
2026-10-01 18:17:39,907 step=2250 train=3.31513 val=None lr=0.000253166
2026-10-01 18:17:42,217 step=2260 train=3.20542 val=None lr=0.000252746
2026-10-01 18:17:44,466 step=2270 train=3.48400 val=None lr=0.000252324
2026-10-01 18:17:46,842 step=2280 train=3.28820 val=None lr=0.000251901
2026-10-01 18:17:49,149 step=2290 train=3.18215 val=None lr=0.000251477
2026-10-01 18:17:53,919 step=2300 train=3.35803 val=3.2592613458633424 lr=0.000251051
2026-10-01 18:17:56,375 step=2310 train=3.20725 val=None lr=0.000250623
2026-10-01 18:17:58,832 step=2320 train=3.69239 val=None lr=0.000250194
2026-10-01 18:18:01,174 step=2330 train=3.42162 val=None lr=0.000249764
2026-10-01 18:18:03,487 step=2340 train=3.10053 val=None lr=0.000249332
2026-10-01 18:18:05,960 step=2350 train=3.36586 val=None lr=0.000248899
2026-10-01 18:18:08,311 step=2360 train=3.43259 val=None lr=0.000248464
2026-10-01 18:18:10,010 step=2370 train=3.14774 val=None lr=0.000248028
2026-10-01 18:18:12,447 step=2380 train=3.42471 val=None lr=0.000247591
2026-10-01 18:18:14,830 step=2390 train=3.34478 val=None lr=0.000247152
2026-10-01 18:18:19,846 step=2400 train=3.18213 val=3.213409960269928 lr=0.000246711
2026-10-01 18:18:22,098 step=2410 train=3.40956 val=None lr=0.00024627
2026-10-01 18:18:24,311 step=2420 train=3.09679 val=None lr=0.000245827
2026-10-01 18:18:26,588 step=2430 train=3.21901 val=None lr=0.000245383
2026-10-01 18:18:29,092 step=2440 train=3.37568 val=None lr=0.000244937
2026-10-01 18:18:31,640 step=2450 train=3.44583 val=None lr=0.00024449
2026-10-01 18:18:33,982 step=2460 train=3.04075 val=None lr=0.000244041
2026-10-01 18:18:36,369 step=2470 train=3.06462 val=None lr=0.000243592
2026-10-01 18:18:39,012 step=2480 train=3.39920 val=None lr=0.000243141
2026-10-01 18:18:41,402 step=2490 train=3.25557 val=None lr=0.000242688
2026-10-01 18:18:45,471 step=2500 train=3.21870 val=3.181585764884949 lr=0.000242235
2026-10-01 18:18:51,131 step=2510 train=3.38917 val=None lr=0.00024178
2026-10-01 18:18:53,589 step=2520 train=3.46184 val=None lr=0.000241324
2026-10-01 18:18:56,441 step=2530 train=3.09371 val=None lr=0.000240866
2026-10-01 18:18:58,802 step=2540 train=3.00977 val=None lr=0.000240407
2026-10-01 18:19:01,326 step=2550 train=3.22472 val=None lr=0.000239947
2026-10-01 18:19:03,791 step=2560 train=2.97175 val=None lr=0.000239486
2026-10-01 18:19:06,243 step=2570 train=3.18256 val=None lr=0.000239023
2026-10-01 18:19:08,703 step=2580 train=2.98433 val=None lr=0.00023856
2026-10-01 18:19:11,112 step=2590 train=3.20173 val=None lr=0.000238094
2026-10-01 18:19:15,130 step=2600 train=3.16641 val=3.14653993844986 lr=0.000237628
2026-10-01 18:19:17,730 step=2610 train=3.33272 val=None lr=0.000237161
2026-10-01 18:19:20,221 step=2620 train=3.21555 val=None lr=0.000236692
2026-10-01 18:19:22,618 step=2630 train=3.36418 val=None lr=0.000236222
2026-10-01 18:19:25,086 step=2640 train=3.04027 val=None lr=0.000235751
2026-10-01 18:19:27,386 step=2650 train=3.08128 val=None lr=0.000235279
2026-10-01 18:19:29,731 step=2660 train=3.35224 val=None lr=0.000234805
2026-10-01 18:19:32,061 step=2670 train=3.03057 val=None lr=0.00023433
2026-10-01 18:19:34,389 step=2680 train=3.30858 val=None lr=0.000233855
2026-10-01 18:19:36,639 step=2690 train=3.42390 val=None lr=0.000233378
2026-10-01 18:19:41,068 step=2700 train=3.33400 val=3.104383611679077 lr=0.000232899
2026-10-01 18:19:43,600 step=2710 train=3.38327 val=None lr=0.00023242
2026-10-01 18:19:45,378 step=2720 train=3.32629 val=None lr=0.00023194
2026-10-01 18:19:47,943 step=2730 train=3.02390 val=None lr=0.000231458
2026-10-01 18:19:50,577 step=2740 train=3.02026 val=None lr=0.000230975
2026-10-01 18:19:53,043 step=2750 train=3.29023 val=None lr=0.000230492
2026-10-01 18:19:55,321 step=2760 train=3.21406 val=None lr=0.000230007
2026-10-01 18:19:57,790 step=2770 train=3.27057 val=None lr=0.000229521
2026-10-01 18:20:00,368 step=2780 train=3.19034 val=None lr=0.000229034
2026-10-01 18:20:02,797 step=2790 train=3.07140 val=None lr=0.000228545
2026-10-01 18:20:07,546 step=2800 train=3.11000 val=3.075049304962158 lr=0.000228056
2026-10-01 18:20:09,968 step=2810 train=3.08316 val=None lr=0.000227566
2026-10-01 18:20:12,485 step=2820 train=3.05638 val=None lr=0.000227075
2026-10-01 18:20:15,040 step=2830 train=3.11486 val=None lr=0.000226582
2026-10-01 18:20:17,547 step=2840 train=3.19946 val=None lr=0.000226089
2026-10-01 18:20:19,102 step=2850 train=3.01968 val=None lr=0.000225594
2026-10-01 18:20:21,550 step=2860 train=3.17233 val=None lr=0.000225099
2026-10-01 18:20:23,770 step=2870 train=3.08889 val=None lr=0.000224602
2026-10-01 18:20:26,219 step=2880 train=2.91690 val=None lr=0.000224105
2026-10-01 18:20:28,559 step=2890 train=3.47039 val=None lr=0.000223606
2026-10-01 18:20:33,654 step=2900 train=3.27079 val=3.039763033390045 lr=0.000223107
2026-10-01 18:20:36,259 step=2910 train=3.08685 val=None lr=0.000222606
2026-10-01 18:20:38,492 step=2920 train=3.07674 val=None lr=0.000222105
2026-10-01 18:20:40,736 step=2930 train=2.95538 val=None lr=0.000221603
2026-10-01 18:20:43,061 step=2940 train=3.29941 val=None lr=0.000221099
2026-10-01 18:20:45,599 step=2950 train=3.08818 val=None lr=0.000220595
2026-10-01 18:20:47,938 step=2960 train=3.24068 val=None lr=0.00022009
2026-10-01 18:20:49,527 step=2970 train=3.43023 val=None lr=0.000219584
2026-10-01 18:20:51,952 step=2980 train=3.05888 val=None lr=0.000219077
2026-10-01 18:20:54,399 step=2990 train=2.83287 val=None lr=0.000218569
2026-10-01 18:20:59,108 step=3000 train=3.35279 val=3.0117120027542112 lr=0.00021806
2026-10-01 18:21:03,627 step=3010 train=2.94711 val=None lr=0.00021755
2026-10-01 18:21:05,947 step=3020 train=3.22392 val=None lr=0.000217039
2026-10-01 18:21:08,219 step=3030 train=2.86479 val=None lr=0.000216528
2026-10-01 18:21:10,509 step=3040 train=2.96272 val=None lr=0.000216016
2026-10-01 18:21:12,902 step=3050 train=3.25733 val=None lr=0.000215502
2026-10-01 18:21:15,130 step=3060 train=3.06188 val=None lr=0.000214988
2026-10-01 18:21:17,460 step=3070 train=2.88283 val=None lr=0.000214473
2026-10-01 18:21:19,702 step=3080 train=2.95963 val=None lr=0.000213957
2026-10-01 18:21:21,482 step=3090 train=2.94904 val=None lr=0.000213441
2026-10-01 18:21:26,565 step=3100 train=2.97758 val=2.981035614013672 lr=0.000212923
2026-10-01 18:21:29,014 step=3110 train=3.24453 val=None lr=0.000212405
2026-10-01 18:21:31,476 step=3120 train=2.86338 val=None lr=0.000211886
2026-10-01 18:21:33,980 step=3130 train=3.17731 val=None lr=0.000211366
2026-10-01 18:21:36,584 step=3140 train=2.95916 val=None lr=0.000210846
2026-10-01 18:21:39,042 step=3150 train=3.18484 val=None lr=0.000210324
2026-10-01 18:21:41,439 step=3160 train=3.09576 val=None lr=0.000209802
2026-10-01 18:21:43,949 step=3170 train=3.03387 val=None lr=0.000209279
2026-10-01 18:21:46,392 step=3180 train=3.09432 val=None lr=0.000208756
2026-10-01 18:21:48,661 step=3190 train=3.17251 val=None lr=0.000208231
2026-10-01 18:21:53,106 step=3200 train=3.03746 val=2.9550155282020567 lr=0.000207706
2026-10-01 18:21:54,732 step=3210 train=2.93584 val=None lr=0.000207181
2026-10-01 18:21:57,098 step=3220 train=2.99962 val=None lr=0.000206654
2026-10-01 18:21:59,546 step=3230 train=2.87453 val=None lr=0.000206127
2026-10-01 18:22:01,837 step=3240 train=2.96826 val=None lr=0.000205599
2026-10-01 18:22:04,187 step=3250 train=3.06599 val=None lr=0.00020507
2026-10-01 18:22:06,575 step=3260 train=2.82137 val=None lr=0.000204541
2026-10-01 18:22:08,854 step=3270 train=2.96994 val=None lr=0.000204011
2026-10-01 18:22:11,316 step=3280 train=2.97667 val=None lr=0.000203481
2026-10-01 18:22:13,665 step=3290 train=3.15876 val=None lr=0.000202949
2026-10-01 18:22:18,271 step=3300 train=3.19964 val=2.9380791425704955 lr=0.000202417
2026-10-01 18:22:20,619 step=3310 train=3.10507 val=None lr=0.000201885
2026-10-01 18:22:22,977 step=3320 train=2.93780 val=None lr=0.000201352
2026-10-01 18:22:24,647 step=3330 train=2.81086 val=None lr=0.000200818
2026-10-01 18:22:27,153 step=3340 train=2.93756 val=None lr=0.000200284
2026-10-01 18:22:29,823 step=3350 train=3.01203 val=None lr=0.000199749
2026-10-01 18:22:32,513 step=3360 train=2.90058 val=None lr=0.000199213
2026-10-01 18:22:35,042 step=3370 train=2.99208 val=None lr=0.000198677
2026-10-01 18:22:37,322 step=3380 train=2.78619 val=None lr=0.000198141
2026-10-01 18:22:39,758 step=3390 train=2.81507 val=None lr=0.000197603
2026-10-01 18:22:44,310 step=3400 train=2.88148 val=2.914644014835358 lr=0.000197066
2026-10-01 18:22:46,803 step=3410 train=3.07411 val=None lr=0.000196527
2026-10-01 18:22:49,237 step=3420 train=3.28276 val=None lr=0.000195988
2026-10-01 18:22:51,586 step=3430 train=3.11930 val=None lr=0.000195449
2026-10-01 18:22:53,837 step=3440 train=2.88642 val=None lr=0.000194909
2026-10-01 18:22:56,089 step=3450 train=2.97852 val=None lr=0.000194369
2026-10-01 18:22:57,655 step=3460 train=2.92027 val=None lr=0.000193828
2026-10-01 18:23:00,083 step=3470 train=2.79600 val=None lr=0.000193287
2026-10-01 18:23:02,448 step=3480 train=2.83143 val=None lr=0.000192745
2026-10-01 18:23:04,975 step=3490 train=2.88528 val=None lr=0.000192202
2026-10-01 18:23:10,608 step=3500 train=3.04985 val=2.885703074932098 lr=0.00019166
2026-10-01 18:23:18,598 step=3510 train=3.06919 val=None lr=0.000191116
2026-10-01 18:23:20,949 step=3520 train=2.79192 val=None lr=0.000190573
2026-10-01 18:23:23,337 step=3530 train=2.87543 val=None lr=0.000190029
2026-10-01 18:23:25,819 step=3540 train=2.79179 val=None lr=0.000189484
2026-10-01 18:23:28,195 step=3550 train=3.08005 val=None lr=0.000188939
2026-10-01 18:23:29,892 step=3560 train=3.10109 val=None lr=0.000188394
2026-10-01 18:23:32,430 step=3570 train=2.93418 val=None lr=0.000187848
2026-10-01 18:23:34,809 step=3580 train=3.14476 val=None lr=0.000187302
2026-10-01 18:23:37,155 step=3590 train=2.78354 val=None lr=0.000186756
2026-10-01 18:23:42,049 step=3600 train=2.97908 val=2.8722832202911377 lr=0.000186209
2026-10-01 18:23:44,439 step=3610 train=2.69622 val=None lr=0.000185662
2026-10-01 18:23:46,969 step=3620 train=2.96803 val=None lr=0.000185114
2026-10-01 18:23:49,373 step=3630 train=2.93443 val=None lr=0.000184566
2026-10-01 18:23:51,809 step=3640 train=3.04138 val=None lr=0.000184018
2026-10-01 18:23:54,076 step=3650 train=2.75219 val=None lr=0.00018347
2026-10-01 18:23:56,551 step=3660 train=2.80140 val=None lr=0.000182921
2026-10-01 18:23:58,827 step=3670 train=2.81203 val=None lr=0.000182372
2026-10-01 18:24:00,537 step=3680 train=2.94136 val=None lr=0.000181822
2026-10-01 18:24:02,926 step=3690 train=2.73723 val=None lr=0.000181272
2026-10-01 18:24:07,532 step=3700 train=2.90413 val=2.8506203174591063 lr=0.000180722
2026-10-01 18:24:10,068 step=3710 train=2.83824 val=None lr=0.000180172
2026-10-01 18:24:12,810 step=3720 train=2.98644 val=None lr=0.000179622
2026-10-01 18:24:15,273 step=3730 train=2.81558 val=None lr=0.000179071
2026-10-01 18:24:17,636 step=3740 train=3.21975 val=None lr=0.00017852
2026-10-01 18:24:20,031 step=3750 train=2.95796 val=None lr=0.000177969
2026-10-01 18:24:22,273 step=3760 train=2.70171 val=None lr=0.000177417
2026-10-01 18:24:24,612 step=3770 train=2.99899 val=None lr=0.000176866
2026-10-01 18:24:26,920 step=3780 train=2.68410 val=None lr=0.000176314
2026-10-01 18:24:29,318 step=3790 train=2.82699 val=None lr=0.000175762
2026-10-01 18:24:33,012 step=3800 train=3.06417 val=2.8337404847145082 lr=0.00017521
2026-10-01 18:24:35,386 step=3810 train=2.84975 val=None lr=0.000174657
2026-10-01 18:24:37,775 step=3820 train=2.98609 val=None lr=0.000174105
2026-10-01 18:24:40,024 step=3830 train=2.92306 val=None lr=0.000173552
2026-10-01 18:24:42,319 step=3840 train=2.79121 val=None lr=0.000172999
2026-10-01 18:24:44,915 step=3850 train=2.73910 val=None lr=0.000172446
2026-10-01 18:24:47,251 step=3860 train=3.04474 val=None lr=0.000171893
2026-10-01 18:24:49,690 step=3870 train=2.80890 val=None lr=0.00017134
2026-10-01 18:24:52,090 step=3880 train=2.98102 val=None lr=0.000170786
2026-10-01 18:24:54,617 step=3890 train=3.26507 val=None lr=0.000170233
2026-10-01 18:24:59,106 step=3900 train=3.17952 val=2.8216566920280455 lr=0.000169679
2026-10-01 18:25:01,474 step=3910 train=2.71280 val=None lr=0.000169126
2026-10-01 18:25:03,783 step=3920 train=3.01000 val=None lr=0.000168572
2026-10-01 18:25:05,266 step=3930 train=2.81091 val=None lr=0.000168018
2026-10-01 18:25:07,586 step=3940 train=2.81911 val=None lr=0.000167465
2026-10-01 18:25:10,154 step=3950 train=2.73938 val=None lr=0.000166911
2026-10-01 18:25:12,562 step=3960 train=2.82750 val=None lr=0.000166357
2026-10-01 18:25:14,925 step=3970 train=2.71532 val=None lr=0.000165803
2026-10-01 18:25:17,544 step=3980 train=3.16499 val=None lr=0.000165249
2026-10-01 18:25:19,967 step=3990 train=2.61187 val=None lr=0.000164695
2026-10-01 18:25:24,420 step=4000 train=2.75054 val=2.800019919872284 lr=0.000164141
2026-10-01 18:25:28,938 step=4010 train=2.84316 val=None lr=0.000163588
2026-10-01 18:25:31,230 step=4020 train=2.89823 val=None lr=0.000163034
2026-10-01 18:25:33,546 step=4030 train=3.03933 val=None lr=0.00016248
2026-10-01 18:25:35,770 step=4040 train=3.07337 val=None lr=0.000161926
2026-10-01 18:25:37,538 step=4050 train=2.67052 val=None lr=0.000161372
2026-10-01 18:25:39,861 step=4060 train=3.11460 val=None lr=0.000160819
2026-10-01 18:25:42,424 step=4070 train=2.89341 val=None lr=0.000160265
2026-10-01 18:25:44,729 step=4080 train=2.88474 val=None lr=0.000159712
2026-10-01 18:25:47,009 step=4090 train=2.79941 val=None lr=0.000159158
2026-10-01 18:25:51,431 step=4100 train=2.97878 val=2.7856677293777468 lr=0.000158605
2026-10-01 18:25:53,800 step=4110 train=3.04395 val=None lr=0.000158052
2026-10-01 18:25:56,048 step=4120 train=2.72253 val=None lr=0.000157499
2026-10-01 18:25:58,257 step=4130 train=2.81333 val=None lr=0.000156946
2026-10-01 18:26:00,664 step=4140 train=2.83122 val=None lr=0.000156393
2026-10-01 18:26:03,226 step=4150 train=2.82622 val=None lr=0.00015584
2026-10-01 18:26:05,494 step=4160 train=2.65313 val=None lr=0.000155288
2026-10-01 18:26:07,123 step=4170 train=2.87233 val=None lr=0.000154735
2026-10-01 18:26:09,334 step=4180 train=2.92788 val=None lr=0.000154183
2026-10-01 18:26:11,548 step=4190 train=2.61072 val=None lr=0.000153631
2026-10-01 18:26:16,082 step=4200 train=2.90144 val=2.7686341643333434 lr=0.000153079
2026-10-01 18:26:18,396 step=4210 train=3.05115 val=None lr=0.000152528
2026-10-01 18:26:20,792 step=4220 train=2.80183 val=None lr=0.000151976
2026-10-01 18:26:23,199 step=4230 train=2.87749 val=None lr=0.000151425
2026-10-01 18:26:25,407 step=4240 train=2.79581 val=None lr=0.000150874
2026-10-01 18:26:27,879 step=4250 train=3.14597 val=None lr=0.000150323
2026-10-01 18:26:30,401 step=4260 train=2.85529 val=None lr=0.000149773
2026-10-01 18:26:32,742 step=4270 train=2.89346 val=None lr=0.000149223
2026-10-01 18:26:35,185 step=4280 train=2.83115 val=None lr=0.000148673
2026-10-01 18:26:37,661 step=4290 train=2.85732 val=None lr=0.000148123
2026-10-01 18:26:41,570 step=4300 train=2.80628 val=2.7543457984924316 lr=0.000147573
2026-10-01 18:26:43,862 step=4310 train=2.84277 val=None lr=0.000147024
2026-10-01 18:26:46,109 step=4320 train=3.35136 val=None lr=0.000146476
2026-10-01 18:26:48,692 step=4330 train=2.86798 val=None lr=0.000145927
2026-10-01 18:26:51,327 step=4340 train=2.73437 val=None lr=0.000145379
2026-10-01 18:26:53,705 step=4350 train=2.84489 val=None lr=0.000144831
2026-10-01 18:26:56,131 step=4360 train=2.57477 val=None lr=0.000144284
2026-10-01 18:26:58,585 step=4370 train=2.83162 val=None lr=0.000143736
2026-10-01 18:27:00,800 step=4380 train=2.57391 val=None lr=0.00014319
2026-10-01 18:27:03,096 step=4390 train=3.04184 val=None lr=0.000142643
2026-10-01 18:27:07,832 step=4400 train=2.71797 val=2.741616356372833 lr=0.000142097
2026-10-01 18:27:10,173 step=4410 train=2.58640 val=None lr=0.000141551
2026-10-01 18:27:11,689 step=4420 train=2.53839 val=None lr=0.000141006
2026-10-01 18:27:13,932 step=4430 train=3.02593 val=None lr=0.000140461
2026-10-01 18:27:16,181 step=4440 train=2.89072 val=None lr=0.000139917
2026-10-01 18:27:18,657 step=4450 train=2.91097 val=None lr=0.000139373
2026-10-01 18:27:21,049 step=4460 train=2.61807 val=None lr=0.000138829
2026-10-01 18:27:23,416 step=4470 train=2.90084 val=None lr=0.000138286
2026-10-01 18:27:25,691 step=4480 train=2.83264 val=None lr=0.000137743
2026-10-01 18:27:27,954 step=4490 train=2.93090 val=None lr=0.000137201
2026-10-01 18:27:32,545 step=4500 train=2.62365 val=2.7298016786575316 lr=0.000136659
2026-10-01 18:27:38,136 step=4510 train=2.79765 val=None lr=0.000136118
2026-10-01 18:27:40,422 step=4520 train=2.72190 val=None lr=0.000135577
2026-10-01 18:27:42,226 step=4530 train=2.79835 val=None lr=0.000135037
2026-10-01 18:27:44,678 step=4540 train=2.73301 val=None lr=0.000134497
2026-10-01 18:27:47,173 step=4550 train=2.51952 val=None lr=0.000133958
2026-10-01 18:27:49,380 step=4560 train=2.83849 val=None lr=0.000133419
2026-10-01 18:27:51,829 step=4570 train=2.79568 val=None lr=0.000132881
2026-10-01 18:27:54,321 step=4580 train=2.63559 val=None lr=0.000132343
2026-10-01 18:27:56,825 step=4590 train=2.79247 val=None lr=0.000131806
2026-10-01 18:28:01,345 step=4600 train=2.76219 val=2.718957233428955 lr=0.000131269
2026-10-01 18:28:03,961 step=4610 train=3.03097 val=None lr=0.000130733
2026-10-01 18:28:06,574 step=4620 train=2.83394 val=None lr=0.000130198
2026-10-01 18:28:08,940 step=4630 train=3.07714 val=None lr=0.000129663
2026-10-01 18:28:11,231 step=4640 train=2.93995 val=None lr=0.000129129
2026-10-01 18:28:13,800 step=4650 train=2.74724 val=None lr=0.000128595
2026-10-01 18:28:15,553 step=4660 train=2.66365 val=None lr=0.000128062
2026-10-01 18:28:18,022 step=4670 train=2.75665 val=None lr=0.000127529
2026-10-01 18:28:20,481 step=4680 train=2.86368 val=None lr=0.000126998
2026-10-01 18:28:22,879 step=4690 train=2.58612 val=None lr=0.000126466
2026-10-01 18:28:27,702 step=4700 train=2.91632 val=2.7067644000053406 lr=0.000125936
2026-10-01 18:28:30,052 step=4710 train=2.74736 val=None lr=0.000125406
2026-10-01 18:28:32,691 step=4720 train=2.71091 val=None lr=0.000124877
2026-10-01 18:28:35,103 step=4730 train=2.64853 val=None lr=0.000124348
2026-10-01 18:28:37,626 step=4740 train=3.00517 val=None lr=0.00012382
2026-10-01 18:28:39,997 step=4750 train=2.91009 val=None lr=0.000123293
2026-10-01 18:28:42,256 step=4760 train=2.64400 val=None lr=0.000122767
2026-10-01 18:28:44,786 step=4770 train=2.63799 val=None lr=0.000122241
2026-10-01 18:28:46,514 step=4780 train=3.02161 val=None lr=0.000121716
2026-10-01 18:28:48,793 step=4790 train=2.72143 val=None lr=0.000121192
2026-10-01 18:28:53,252 step=4800 train=3.10103 val=2.700948643684387 lr=0.000120668
2026-10-01 18:28:55,628 step=4810 train=2.70514 val=None lr=0.000120145
2026-10-01 18:28:58,067 step=4820 train=2.84974 val=None lr=0.000119623
2026-10-01 18:29:00,355 step=4830 train=2.72453 val=None lr=0.000119102
2026-10-01 18:29:02,697 step=4840 train=2.66131 val=None lr=0.000118582
2026-10-01 18:29:04,986 step=4850 train=2.89106 val=None lr=0.000118062
2026-10-01 18:29:07,230 step=4860 train=2.56158 val=None lr=0.000117543
2026-10-01 18:29:09,483 step=4870 train=2.57861 val=None lr=0.000117025
2026-10-01 18:29:11,716 step=4880 train=2.70187 val=None lr=0.000116507
2026-10-01 18:29:14,011 step=4890 train=2.60298 val=None lr=0.000115991
2026-10-01 18:29:17,601 step=4900 train=2.62722 val=2.686288332939148 lr=0.000115475
2026-10-01 18:29:19,881 step=4910 train=2.81580 val=None lr=0.00011496
2026-10-01 18:29:22,275 step=4920 train=2.70833 val=None lr=0.000114446
2026-10-01 18:29:24,636 step=4930 train=2.90512 val=None lr=0.000113933
2026-10-01 18:29:27,008 step=4940 train=2.87946 val=None lr=0.000113421
2026-10-01 18:29:29,477 step=4950 train=2.61992 val=None lr=0.000112909
2026-10-01 18:29:31,905 step=4960 train=2.35835 val=None lr=0.000112399
2026-10-01 18:29:34,305 step=4970 train=2.70766 val=None lr=0.000111889
2026-10-01 18:29:36,765 step=4980 train=2.51254 val=None lr=0.00011138
2026-10-01 18:29:39,246 step=4990 train=2.93087 val=None lr=0.000110873
2026-10-01 18:29:43,761 step=5000 train=2.97119 val=2.6781777858734133 lr=0.000110366
2026-10-01 18:29:48,413 step=5010 train=2.71793 val=None lr=0.00010986
2026-10-01 18:29:49,918 step=5020 train=2.84302 val=None lr=0.000109354
2026-10-01 18:29:52,249 step=5030 train=2.85988 val=None lr=0.00010885
2026-10-01 18:29:54,676 step=5040 train=2.69331 val=None lr=0.000108347
2026-10-01 18:29:57,331 step=5050 train=2.75943 val=None lr=0.000107845
2026-10-01 18:30:00,220 step=5060 train=2.99692 val=None lr=0.000107343
2026-10-01 18:30:02,788 step=5070 train=2.73765 val=None lr=0.000106843
2026-10-01 18:30:05,206 step=5080 train=3.12649 val=None lr=0.000106344
2026-10-01 18:30:07,699 step=5090 train=2.66371 val=None lr=0.000105845
2026-10-01 18:30:12,245 step=5100 train=2.90229 val=2.6682186484336854 lr=0.000105348
2026-10-01 18:30:14,808 step=5110 train=2.87240 val=None lr=0.000104852
2026-10-01 18:30:17,142 step=5120 train=2.81896 val=None lr=0.000104356
2026-10-01 18:30:19,507 step=5130 train=2.52380 val=None lr=0.000103862
2026-10-01 18:30:21,271 step=5140 train=2.67933 val=None lr=0.000103369
2026-10-01 18:30:23,642 step=5150 train=2.83074 val=None lr=0.000102876
2026-10-01 18:30:26,218 step=5160 train=2.86422 val=None lr=0.000102385
2026-10-01 18:30:29,203 step=5170 train=2.57879 val=None lr=0.000101895
2026-10-01 18:30:31,571 step=5180 train=2.81512 val=None lr=0.000101406
2026-10-01 18:30:34,134 step=5190 train=2.48398 val=None lr=0.000100918
2026-10-01 18:30:39,152 step=5200 train=3.00162 val=2.6606189012527466 lr=0.000100431
2026-10-01 18:30:41,626 step=5210 train=2.52102 val=None lr=9.99448e-05
2026-10-01 18:30:44,085 step=5220 train=2.92750 val=None lr=9.946e-05
2026-10-01 18:30:46,560 step=5230 train=2.71745 val=None lr=9.89763e-05
2026-10-01 18:30:48,969 step=5240 train=2.77406 val=None lr=9.84938e-05
2026-10-01 18:30:51,462 step=5250 train=2.62407 val=None lr=9.80123e-05
2026-10-01 18:30:53,221 step=5260 train=2.60927 val=None lr=9.7532e-05
2026-10-01 18:30:55,759 step=5270 train=2.79023 val=None lr=9.70528e-05
2026-10-01 18:30:58,129 step=5280 train=3.02501 val=None lr=9.65747e-05
2026-10-01 18:31:00,373 step=5290 train=2.71727 val=None lr=9.60978e-05
2026-10-01 18:31:05,054 step=5300 train=2.87765 val=2.6491685271263123 lr=9.56221e-05
2026-10-01 18:31:07,477 step=5310 train=2.60515 val=None lr=9.51475e-05
2026-10-01 18:39:38,020 64m_16mtoken: parameters=66061440, target steps=7813, processed tokens=16001024, resume step=5000
2026-10-01 18:39:42,107 step=5010 train=2.71793 val=None lr=0.00010986
2026-10-01 18:39:44,659 step=5020 train=2.84302 val=None lr=0.000109354
2026-10-01 18:39:46,381 step=5026 train=2.76739 val=None lr=0.000109052
2026-10-01 18:39:49,868 Stopped after step 5026; rerun the same command to resume.
2026-10-01 18:59:37,437 64m_16mtoken: parameters=66061440, target steps=7813, processed tokens=16001024, resume step=5026
2026-10-01 18:59:40,166 step=5030 train=2.85988 val=None lr=0.00010885
2026-10-01 18:59:42,549 step=5040 train=2.69331 val=None lr=0.000108347
2026-10-01 18:59:44,908 step=5050 train=2.75943 val=None lr=0.000107845
2026-10-01 18:59:47,516 step=5060 train=2.99692 val=None lr=0.000107343
2026-10-01 18:59:50,089 step=5070 train=2.73765 val=None lr=0.000106843
2026-10-01 18:59:52,617 step=5080 train=3.12649 val=None lr=0.000106344
2026-10-01 18:59:54,095 step=5090 train=2.66371 val=None lr=0.000105845
2026-10-01 18:59:59,313 step=5100 train=2.90229 val=2.6682186484336854 lr=0.000105348
2026-10-01 19:00:01,900 step=5110 train=2.87240 val=None lr=0.000104852
2026-10-01 19:00:04,288 step=5120 train=2.81896 val=None lr=0.000104356
2026-10-01 19:00:06,568 step=5130 train=2.52380 val=None lr=0.000103862
2026-10-01 19:00:09,307 step=5140 train=2.67933 val=None lr=0.000103369
2026-10-01 19:00:11,773 step=5150 train=2.83074 val=None lr=0.000102876
2026-10-01 19:00:14,136 step=5160 train=2.86422 val=None lr=0.000102385
2026-10-01 19:00:16,629 step=5170 train=2.57879 val=None lr=0.000101895
2026-10-01 19:00:19,087 step=5180 train=2.81512 val=None lr=0.000101406
2026-10-01 19:00:21,656 step=5190 train=2.48398 val=None lr=0.000100918
2026-10-01 19:00:25,260 step=5200 train=3.00162 val=2.6606189012527466 lr=0.000100431
2026-10-01 19:00:27,654 step=5210 train=2.52102 val=None lr=9.99448e-05
2026-10-01 19:00:30,091 step=5220 train=2.92750 val=None lr=9.946e-05
2026-10-01 19:00:32,459 step=5230 train=2.71745 val=None lr=9.89763e-05
2026-10-01 19:00:34,950 step=5240 train=2.77406 val=None lr=9.84938e-05
2026-10-01 19:00:37,386 step=5250 train=2.62407 val=None lr=9.80123e-05
2026-10-01 19:00:39,811 step=5260 train=2.60927 val=None lr=9.7532e-05
2026-10-01 19:00:42,121 step=5270 train=2.79023 val=None lr=9.70528e-05
2026-10-01 19:00:44,398 step=5280 train=3.02501 val=None lr=9.65747e-05
2026-10-01 19:00:47,257 step=5290 train=2.71727 val=None lr=9.60978e-05
2026-10-01 19:00:52,025 step=5300 train=2.87765 val=2.6491685271263123 lr=9.56221e-05
2026-10-01 19:00:54,790 step=5310 train=2.60515 val=None lr=9.51475e-05
2026-10-01 19:00:57,356 step=5320 train=2.83568 val=None lr=9.46742e-05
2026-10-01 19:00:58,823 step=5330 train=2.73521 val=None lr=9.42019e-05
2026-10-01 19:01:01,646 step=5340 train=2.65838 val=None lr=9.37309e-05
2026-10-01 19:01:04,135 step=5350 train=2.55255 val=None lr=9.32611e-05
2026-10-01 19:01:06,512 step=5360 train=2.93508 val=None lr=9.27925e-05
2026-10-01 19:01:09,011 step=5370 train=2.74877 val=None lr=9.23251e-05
2026-10-01 19:01:11,514 step=5380 train=2.60788 val=None lr=9.18589e-05
2026-10-01 19:01:13,953 step=5390 train=2.73068 val=None lr=9.1394e-05
2026-10-01 19:01:18,675 step=5400 train=2.73732 val=2.646532106399536 lr=9.09303e-05
2026-10-01 19:01:21,361 step=5410 train=2.79627 val=None lr=9.04679e-05
2026-10-01 19:01:24,075 step=5420 train=2.55047 val=None lr=9.00067e-05
2026-10-01 19:01:26,569 step=5430 train=2.83142 val=None lr=8.95467e-05
2026-10-01 19:01:28,100 step=5440 train=2.72606 val=None lr=8.90881e-05
2026-10-01 19:01:30,392 step=5450 train=2.69690 val=None lr=8.86307e-05
2026-10-01 19:01:32,877 step=5460 train=2.93468 val=None lr=8.81746e-05
2026-10-01 19:01:35,473 step=5470 train=2.62401 val=None lr=8.77198e-05
2026-10-01 19:01:38,259 step=5480 train=2.64356 val=None lr=8.72662e-05
2026-10-01 19:01:41,201 step=5490 train=2.65092 val=None lr=8.6814e-05
2026-10-01 19:01:45,913 step=5500 train=2.74005 val=2.637589156627655 lr=8.63632e-05
2026-10-01 19:01:50,922 step=5510 train=2.44106 val=None lr=8.59136e-05
2026-10-01 19:01:53,656 step=5520 train=2.68065 val=None lr=8.54654e-05
2026-10-01 19:01:56,064 step=5530 train=2.58226 val=None lr=8.50185e-05
2026-10-01 19:01:58,607 step=5540 train=2.44966 val=None lr=8.45729e-05
2026-10-01 19:02:00,166 step=5550 train=3.01661 val=None lr=8.41288e-05
2026-10-01 19:02:02,874 step=5560 train=2.76952 val=None lr=8.36859e-05
2026-10-01 19:02:05,314 step=5570 train=2.73760 val=None lr=8.32445e-05
2026-10-01 19:02:07,654 step=5580 train=2.75186 val=None lr=8.28044e-05
2026-10-01 19:02:10,112 step=5590 train=2.65064 val=None lr=8.23657e-05
2026-10-01 19:02:14,841 step=5600 train=2.96340 val=2.6307526350021364 lr=8.19284e-05
2026-10-01 19:02:17,267 step=5610 train=2.63206 val=None lr=8.14925e-05
2026-10-01 19:02:19,595 step=5620 train=2.51619 val=None lr=8.1058e-05
2026-10-01 19:02:22,052 step=5630 train=2.50205 val=None lr=8.06249e-05
2026-10-01 19:02:24,648 step=5640 train=2.66633 val=None lr=8.01932e-05
2026-10-01 19:02:27,140 step=5650 train=2.87817 val=None lr=7.9763e-05
2026-10-01 19:02:29,545 step=5660 train=2.76569 val=None lr=7.93342e-05
2026-10-01 19:02:32,159 step=5670 train=2.63376 val=None lr=7.89068e-05
2026-10-01 19:02:33,841 step=5680 train=2.87604 val=None lr=7.84809e-05
2026-10-01 19:02:36,453 step=5690 train=2.63244 val=None lr=7.80564e-05
2026-10-01 19:02:41,178 step=5700 train=2.82742 val=2.619603765010834 lr=7.76334e-05
2026-10-01 19:02:43,581 step=5710 train=2.78735 val=None lr=7.72119e-05
2026-10-01 19:02:46,079 step=5720 train=2.81089 val=None lr=7.67919e-05
2026-10-01 19:02:48,450 step=5730 train=2.77872 val=None lr=7.63733e-05
2026-10-01 19:02:50,851 step=5740 train=2.62239 val=None lr=7.59562e-05
2026-10-01 19:02:53,660 step=5750 train=2.46463 val=None lr=7.55406e-05
2026-10-01 19:02:56,173 step=5760 train=2.74350 val=None lr=7.51266e-05
2026-10-01 19:02:58,670 step=5770 train=2.67270 val=None lr=7.4714e-05
2026-10-01 19:03:01,091 step=5780 train=2.79157 val=None lr=7.4303e-05
2026-10-01 19:03:03,428 step=5790 train=2.94422 val=None lr=7.38935e-05
2026-10-01 19:03:07,296 step=5800 train=2.87139 val=2.615996241569519 lr=7.34855e-05
2026-10-01 19:03:10,000 step=5810 train=2.61395 val=None lr=7.30791e-05
2026-10-01 19:03:12,415 step=5820 train=2.76114 val=None lr=7.26742e-05
2026-10-01 19:03:14,680 step=5830 train=2.86604 val=None lr=7.22709e-05
2026-10-01 19:03:17,265 step=5840 train=2.66906 val=None lr=7.18691e-05
2026-10-01 19:03:19,903 step=5850 train=2.52213 val=None lr=7.14689e-05
2026-10-01 19:03:22,303 step=5860 train=2.71631 val=None lr=7.10703e-05
2026-10-01 19:03:24,689 step=5870 train=2.43983 val=None lr=7.06732e-05
2026-10-01 19:03:26,971 step=5880 train=2.41579 val=None lr=7.02778e-05
2026-10-01 19:03:29,192 step=5890 train=2.62308 val=None lr=6.98839e-05
2026-10-01 19:03:33,778 step=5900 train=2.45753 val=2.6119086503982545 lr=6.94916e-05
2026-10-01 19:03:35,479 step=5910 train=2.72628 val=None lr=6.9101e-05
2026-10-01 19:03:38,062 step=5920 train=2.99565 val=None lr=6.87119e-05
2026-10-01 19:03:40,719 step=5930 train=2.57455 val=None lr=6.83245e-05
2026-10-01 19:03:43,188 step=5940 train=2.42976 val=None lr=6.79387e-05
2026-10-01 19:03:45,752 step=5950 train=2.64707 val=None lr=6.75546e-05
2026-10-01 19:03:48,188 step=5960 train=2.63257 val=None lr=6.71721e-05
2026-10-01 19:03:50,658 step=5970 train=2.63494 val=None lr=6.67912e-05
2026-10-01 19:03:53,564 step=5980 train=2.64145 val=None lr=6.6412e-05
2026-10-01 19:03:56,172 step=5990 train=2.83161 val=None lr=6.60344e-05
2026-10-01 19:04:00,710 step=6000 train=2.49586 val=2.6038740515708922 lr=6.56585e-05
2026-10-01 19:04:05,741 step=6010 train=2.60147 val=None lr=6.52843e-05
2026-10-01 19:04:07,405 step=6020 train=2.60587 val=None lr=6.49118e-05
2026-10-01 19:04:09,798 step=6030 train=2.79604 val=None lr=6.45409e-05
2026-10-01 19:04:12,094 step=6040 train=2.94465 val=None lr=6.41717e-05
2026-10-01 19:04:14,647 step=6050 train=2.72551 val=None lr=6.38043e-05
2026-10-01 19:04:17,296 step=6060 train=2.59376 val=None lr=6.34385e-05
2026-10-01 19:04:19,804 step=6070 train=2.66427 val=None lr=6.30744e-05
2026-10-01 19:04:22,188 step=6080 train=2.74736 val=None lr=6.27121e-05
2026-10-01 19:04:25,054 step=6090 train=2.74692 val=None lr=6.23515e-05
2026-10-01 19:04:30,313 step=6100 train=2.82149 val=2.6011407375335693 lr=6.19926e-05
2026-10-01 19:04:32,887 step=6110 train=2.82968 val=None lr=6.16354e-05
2026-10-01 19:04:35,144 step=6120 train=2.59505 val=None lr=6.128e-05
2026-10-01 19:04:37,401 step=6130 train=2.44541 val=None lr=6.09264e-05
2026-10-01 19:04:39,714 step=6140 train=2.64001 val=None lr=6.05744e-05
2026-10-01 19:04:42,653 step=6150 train=2.60864 val=None lr=6.02243e-05
2026-10-01 19:04:44,923 step=6160 train=2.75573 val=None lr=5.98759e-05
2026-10-01 19:04:47,154 step=6170 train=2.71055 val=None lr=5.95293e-05
2026-10-01 19:04:49,634 step=6180 train=2.54981 val=None lr=5.91844e-05
2026-10-01 19:04:52,108 step=6190 train=2.85785 val=None lr=5.88413e-05
2026-10-01 19:04:55,129 step=6200 train=2.84040 val=2.5948548316955566 lr=5.85001e-05
2026-10-01 19:04:57,381 step=6210 train=2.75958 val=None lr=5.81606e-05
2026-10-01 19:04:59,984 step=6220 train=2.54985 val=None lr=5.78229e-05
2026-10-01 19:05:02,291 step=6230 train=2.80921 val=None lr=5.7487e-05
2026-10-01 19:05:04,536 step=6240 train=2.41817 val=None lr=5.71529e-05
2026-10-01 19:05:07,220 step=6250 train=2.51969 val=None lr=5.68207e-05
2026-10-01 19:05:09,589 step=6260 train=2.32445 val=None lr=5.64902e-05
2026-10-01 19:05:12,045 step=6270 train=2.73278 val=None lr=5.61616e-05
2026-10-01 19:05:14,653 step=6280 train=2.73553 val=None lr=5.58348e-05
2026-10-01 19:05:17,072 step=6290 train=2.66152 val=None lr=5.55099e-05
2026-10-01 19:05:21,644 step=6300 train=2.94707 val=2.590929079055786 lr=5.51868e-05
2026-10-01 19:05:23,999 step=6310 train=2.49762 val=None lr=5.48655e-05
2026-10-01 19:05:25,457 step=6320 train=3.09987 val=None lr=5.45461e-05
2026-10-01 19:05:27,820 step=6330 train=2.69506 val=None lr=5.42286e-05
2026-10-01 19:05:30,095 step=6340 train=2.65337 val=None lr=5.39129e-05
2026-10-01 19:05:32,578 step=6350 train=2.49932 val=None lr=5.35991e-05
2026-10-01 19:05:34,860 step=6360 train=2.50431 val=None lr=5.32872e-05
2026-10-01 19:05:37,438 step=6370 train=2.83133 val=None lr=5.29771e-05
2026-10-01 19:05:40,068 step=6380 train=2.46820 val=None lr=5.2669e-05
2026-10-01 19:05:42,395 step=6390 train=2.56084 val=None lr=5.23627e-05
2026-10-01 19:05:47,125 step=6400 train=2.76237 val=2.584125781059265 lr=5.20583e-05
2026-10-01 19:05:49,418 step=6410 train=2.45513 val=None lr=5.17558e-05
2026-10-01 19:05:51,659 step=6420 train=2.61373 val=None lr=5.14553e-05
2026-10-01 19:05:53,879 step=6430 train=2.63517 val=None lr=5.11566e-05
2026-10-01 19:05:56,166 step=6440 train=2.85808 val=None lr=5.08599e-05
2026-10-01 19:05:57,469 step=6450 train=2.94317 val=None lr=5.05651e-05
2026-10-01 19:06:00,161 step=6460 train=2.52007 val=None lr=5.02722e-05
2026-10-01 19:06:02,828 step=6470 train=2.68366 val=None lr=4.99812e-05
2026-10-01 19:06:05,085 step=6480 train=2.72890 val=None lr=4.96922e-05
2026-10-01 19:06:07,332 step=6490 train=2.46724 val=None lr=4.94051e-05
2026-10-01 19:06:11,921 step=6500 train=2.72248 val=2.5817973375320435 lr=4.912e-05
2026-10-01 19:06:16,482 step=6510 train=2.64472 val=None lr=4.88368e-05
2026-10-01 19:06:19,005 step=6520 train=2.32450 val=None lr=4.85555e-05
2026-10-01 19:06:21,296 step=6530 train=2.40684 val=None lr=4.82763e-05
2026-10-01 19:06:23,615 step=6540 train=2.72545 val=None lr=4.7999e-05
2026-10-01 19:06:26,043 step=6550 train=2.62667 val=None lr=4.77236e-05
2026-10-01 19:06:27,550 step=6560 train=2.61598 val=None lr=4.74503e-05
2026-10-01 19:06:29,845 step=6570 train=2.79860 val=None lr=4.71789e-05
2026-10-01 19:06:32,364 step=6580 train=2.53991 val=None lr=4.69095e-05
2026-10-01 19:06:34,989 step=6590 train=2.56480 val=None lr=4.66421e-05
2026-10-01 19:06:39,855 step=6600 train=2.81123 val=2.577177941799164 lr=4.63767e-05
2026-10-01 19:06:42,284 step=6610 train=2.42029 val=None lr=4.61132e-05
2026-10-01 19:06:44,876 step=6620 train=2.56690 val=None lr=4.58518e-05
2026-10-01 19:06:47,401 step=6630 train=2.86934 val=None lr=4.55924e-05
2026-10-01 19:06:49,687 step=6640 train=2.50156 val=None lr=4.5335e-05
2026-10-01 19:06:52,160 step=6650 train=2.56043 val=None lr=4.50796e-05
2026-10-01 19:06:54,406 step=6660 train=2.78816 val=None lr=4.48262e-05
2026-10-01 19:06:56,824 step=6670 train=2.61750 val=None lr=4.45749e-05
2026-10-01 19:06:59,067 step=6680 train=2.71049 val=None lr=4.43255e-05
2026-10-01 19:07:00,473 step=6690 train=2.71670 val=None lr=4.40783e-05
2026-10-01 19:07:05,070 step=6700 train=2.44825 val=2.5734104752540587 lr=4.3833e-05
2026-10-01 19:07:07,380 step=6710 train=2.52120 val=None lr=4.35898e-05
2026-10-01 19:07:09,767 step=6720 train=2.32478 val=None lr=4.33486e-05
2026-10-01 19:07:12,347 step=6730 train=2.74043 val=None lr=4.31095e-05
2026-10-01 19:07:14,699 step=6740 train=2.80172 val=None lr=4.28724e-05
2026-10-01 19:07:17,046 step=6750 train=2.76560 val=None lr=4.26374e-05
2026-10-01 19:07:19,384 step=6760 train=2.74227 val=None lr=4.24044e-05
2026-10-01 19:07:21,941 step=6770 train=2.76878 val=None lr=4.21735e-05
2026-10-01 19:07:24,322 step=6780 train=2.85606 val=None lr=4.19447e-05
2026-10-01 19:07:26,594 step=6790 train=2.52285 val=None lr=4.1718e-05
2026-10-01 19:07:30,438 step=6800 train=2.66029 val=2.569314455986023 lr=4.14933e-05
2026-10-01 19:07:32,891 step=6810 train=2.72786 val=None lr=4.12707e-05
2026-10-01 19:07:35,340 step=6820 train=2.65889 val=None lr=4.10502e-05
2026-10-01 19:07:37,942 step=6830 train=2.57917 val=None lr=4.08317e-05
2026-10-01 19:07:40,262 step=6840 train=2.82525 val=None lr=4.06154e-05
2026-10-01 19:07:42,777 step=6850 train=2.69722 val=None lr=4.04012e-05
2026-10-01 19:07:45,297 step=6860 train=2.76528 val=None lr=4.0189e-05
2026-10-01 19:07:47,778 step=6870 train=2.33004 val=None lr=3.9979e-05
2026-10-01 19:07:50,150 step=6880 train=2.84371 val=None lr=3.9771e-05
2026-10-01 19:07:52,745 step=6890 train=2.34566 val=None lr=3.95652e-05
2026-10-01 19:07:57,416 step=6900 train=2.46570 val=2.564402461051941 lr=3.93615e-05
2026-10-01 19:07:59,773 step=6910 train=2.58686 val=None lr=3.91598e-05
2026-10-01 19:08:02,217 step=6920 train=2.33711 val=None lr=3.89604e-05
2026-10-01 19:08:03,653 step=6930 train=2.71702 val=None lr=3.8763e-05
2026-10-01 19:08:06,005 step=6940 train=2.56599 val=None lr=3.85677e-05
2026-10-01 19:08:08,323 step=6950 train=2.89222 val=None lr=3.83746e-05
2026-10-01 19:08:10,732 step=6960 train=2.60931 val=None lr=3.81836e-05
2026-10-01 19:08:13,233 step=6970 train=2.77996 val=None lr=3.79948e-05
2026-10-01 19:08:15,872 step=6980 train=2.89001 val=None lr=3.78081e-05
2026-10-01 19:08:18,387 step=6990 train=2.66926 val=None lr=3.76235e-05
2026-10-01 19:08:23,227 step=7000 train=2.72725 val=2.561791515350342 lr=3.74411e-05
2026-10-01 19:08:30,606 step=7010 train=2.43977 val=None lr=3.72608e-05
2026-10-01 19:08:32,915 step=7020 train=2.64958 val=None lr=3.70827e-05
2026-10-01 19:08:34,378 step=7030 train=2.45842 val=None lr=3.69067e-05
2026-10-01 19:08:36,814 step=7040 train=2.43390 val=None lr=3.67329e-05
2026-10-01 19:08:39,340 step=7050 train=2.62654 val=None lr=3.65612e-05
2026-10-01 19:08:41,708 step=7060 train=2.75833 val=None lr=3.63917e-05
2026-10-01 19:08:44,111 step=7070 train=2.52705 val=None lr=3.62244e-05
2026-10-01 19:08:46,457 step=7080 train=2.52964 val=None lr=3.60592e-05
2026-10-01 19:08:49,000 step=7090 train=2.64261 val=None lr=3.58962e-05
2026-10-01 19:08:53,694 step=7100 train=2.69336 val=2.5583319544792174 lr=3.57354e-05
2026-10-01 19:08:56,001 step=7110 train=2.75951 val=None lr=3.55768e-05
2026-10-01 19:08:58,266 step=7120 train=2.75946 val=None lr=3.54203e-05
2026-10-01 19:09:00,593 step=7130 train=2.58596 val=None lr=3.5266e-05
2026-10-01 19:09:02,838 step=7140 train=2.60329 val=None lr=3.51139e-05
2026-10-01 19:09:05,333 step=7150 train=2.64701 val=None lr=3.4964e-05
2026-10-01 19:09:06,710 step=7160 train=2.38059 val=None lr=3.48163e-05
2026-10-01 19:09:09,001 step=7170 train=2.52309 val=None lr=3.46708e-05
2026-10-01 19:09:11,452 step=7180 train=2.47912 val=None lr=3.45274e-05
2026-10-01 19:09:13,752 step=7190 train=2.53601 val=None lr=3.43863e-05
2026-10-01 19:09:18,491 step=7200 train=2.69457 val=2.5580772519111634 lr=3.42473e-05
2026-10-01 19:09:21,367 step=7210 train=2.72467 val=None lr=3.41106e-05
2026-10-01 19:09:24,121 step=7220 train=2.38362 val=None lr=3.39761e-05
2026-10-01 19:09:26,752 step=7230 train=2.62948 val=None lr=3.38437e-05
2026-10-01 19:09:29,653 step=7240 train=2.71779 val=None lr=3.37136e-05
2026-10-01 19:09:32,448 step=7250 train=2.61308 val=None lr=3.35857e-05
2026-10-01 19:09:34,990 step=7260 train=2.31522 val=None lr=3.346e-05
2026-10-01 19:09:36,582 step=7270 train=2.34414 val=None lr=3.33365e-05
2026-10-01 19:09:39,489 step=7280 train=2.39895 val=None lr=3.32152e-05
2026-10-01 19:09:41,894 step=7290 train=2.58238 val=None lr=3.30962e-05
2026-10-01 19:09:46,934 step=7300 train=2.64821 val=2.5545422434806824 lr=3.29793e-05
2026-10-01 19:09:49,381 step=7310 train=2.73888 val=None lr=3.28647e-05
2026-10-01 19:09:51,817 step=7320 train=2.63910 val=None lr=3.27523e-05
2026-10-01 19:09:54,243 step=7330 train=2.69824 val=None lr=3.26422e-05
2026-10-01 19:09:56,746 step=7340 train=2.45894 val=None lr=3.25342e-05
2026-10-01 19:09:59,184 step=7350 train=2.57338 val=None lr=3.24285e-05
2026-10-01 19:10:01,792 step=7360 train=2.49635 val=None lr=3.2325e-05
2026-10-01 19:10:04,183 step=7370 train=2.69704 val=None lr=3.22238e-05
2026-10-01 19:10:06,649 step=7380 train=2.74753 val=None lr=3.21248e-05
2026-10-01 19:10:08,954 step=7390 train=2.63665 val=None lr=3.2028e-05
2026-10-01 19:10:12,617 step=7400 train=2.62370 val=2.5515854716300965 lr=3.19335e-05
2026-10-01 19:10:14,896 step=7410 train=2.85672 val=None lr=3.18412e-05
2026-10-01 19:10:17,123 step=7420 train=2.52959 val=None lr=3.17512e-05
2026-10-01 19:10:19,425 step=7430 train=2.59514 val=None lr=3.16634e-05
2026-10-01 19:10:21,757 step=7440 train=2.59694 val=None lr=3.15778e-05
2026-10-01 19:10:24,309 step=7450 train=2.52550 val=None lr=3.14945e-05
2026-10-01 19:10:26,668 step=7460 train=2.64017 val=None lr=3.14134e-05
2026-10-01 19:10:28,912 step=7470 train=2.45548 val=None lr=3.13346e-05
2026-10-01 19:10:31,148 step=7480 train=2.55955 val=None lr=3.12581e-05
2026-10-01 19:10:33,394 step=7490 train=2.69481 val=None lr=3.11837e-05
2026-10-01 19:10:37,839 step=7500 train=2.32805 val=2.548945724964142 lr=3.11117e-05
2026-10-01 19:10:41,614 step=7510 train=2.63154 val=None lr=3.10419e-05
2026-10-01 19:10:44,129 step=7520 train=2.59816 val=None lr=3.09743e-05
2026-10-01 19:10:46,974 step=7530 train=2.51106 val=None lr=3.0909e-05
2026-10-01 19:10:49,438 step=7540 train=2.35807 val=None lr=3.0846e-05
2026-10-01 19:10:52,086 step=7550 train=2.50463 val=None lr=3.07852e-05
2026-10-01 19:10:54,740 step=7560 train=2.60186 val=None lr=3.07267e-05
2026-10-01 19:10:57,486 step=7570 train=2.57546 val=None lr=3.06704e-05
2026-10-01 19:10:59,939 step=7580 train=2.61361 val=None lr=3.06164e-05
2026-10-01 19:11:02,345 step=7590 train=2.63152 val=None lr=3.05647e-05
2026-10-01 19:11:07,243 step=7600 train=2.52787 val=2.5471074104309084 lr=3.05152e-05
2026-10-01 19:11:09,747 step=7610 train=2.65326 val=None lr=3.0468e-05
2026-10-01 19:11:11,268 step=7620 train=2.56970 val=None lr=3.0423e-05
2026-10-01 19:11:14,099 step=7630 train=2.89631 val=None lr=3.03804e-05
2026-10-01 19:11:16,471 step=7640 train=2.56290 val=None lr=3.03399e-05
2026-10-01 19:11:18,754 step=7650 train=3.09115 val=None lr=3.03018e-05
2026-10-01 19:11:21,014 step=7660 train=2.43723 val=None lr=3.02659e-05
2026-10-01 19:11:23,414 step=7670 train=2.43265 val=None lr=3.02323e-05
2026-10-01 19:11:26,064 step=7680 train=2.46572 val=None lr=3.02009e-05
2026-10-01 19:11:28,400 step=7690 train=2.73506 val=None lr=3.01719e-05
2026-10-01 19:11:33,198 step=7700 train=2.79105 val=2.5452907562255858 lr=3.01451e-05
2026-10-01 19:11:35,596 step=7710 train=2.98557 val=None lr=3.01205e-05
2026-10-01 19:11:38,128 step=7720 train=2.88583 val=None lr=3.00983e-05
2026-10-01 19:11:40,481 step=7730 train=2.50514 val=None lr=3.00783e-05
2026-10-01 19:11:43,020 step=7740 train=2.69032 val=None lr=3.00605e-05
2026-10-01 19:11:44,470 step=7750 train=2.68832 val=None lr=3.00451e-05
2026-10-01 19:11:46,865 step=7760 train=2.79721 val=None lr=3.00319e-05
2026-10-01 19:11:49,343 step=7770 train=2.59056 val=None lr=3.0021e-05
2026-10-01 19:11:51,703 step=7780 train=2.59498 val=None lr=3.00124e-05
2026-10-01 19:11:54,031 step=7790 train=2.60460 val=None lr=3.0006e-05
2026-10-01 19:11:58,533 step=7800 train=2.66790 val=2.5430108070373536 lr=3.00019e-05
2026-10-01 19:12:00,992 step=7810 train=2.66032 val=None lr=3.00001e-05
2026-10-01 19:12:04,007 step=7813 train=2.75879 val=2.5422513484954834 lr=3e-05
2026-10-01 19:12:05,932 Completed: final validation loss 2.542251
