2026-09-30 22:04:02,670 16m_16mtoken: parameters=15351168, target steps=7813, processed tokens=16001024, resume step=0
2026-09-30 22:04:02,837 step=1 train=9.21034 val=None lr=1.92308e-06
2026-09-30 22:04:03,454 step=10 train=9.21033 val=None lr=1.92308e-05
2026-09-30 22:04:04,179 step=20 train=9.21029 val=None lr=3.84615e-05
2026-09-30 22:04:05,032 step=30 train=9.21022 val=None lr=5.76923e-05
2026-09-30 22:04:05,790 step=40 train=9.21006 val=None lr=7.69231e-05
2026-09-30 22:04:06,567 step=50 train=9.20975 val=None lr=9.61538e-05
2026-09-30 22:04:07,190 step=60 train=9.20913 val=None lr=0.000115385
2026-09-30 22:04:07,828 step=70 train=9.20798 val=None lr=0.000134615
2026-09-30 22:04:06,175 step=80 train=9.20641 val=None lr=0.000153846
2026-09-30 22:04:06,810 step=90 train=9.20420 val=None lr=0.000173077
2026-09-30 22:04:07,956 step=100 train=9.19997 val=9.199582195281982 lr=0.000192308
2026-09-30 22:04:08,567 step=110 train=9.19447 val=None lr=0.000211538
2026-09-30 22:04:09,338 step=120 train=9.18511 val=None lr=0.000230769
2026-09-30 22:04:09,937 step=130 train=9.16987 val=None lr=0.00025
2026-09-30 22:04:10,720 step=140 train=9.13967 val=None lr=0.000269231
2026-09-30 22:04:11,556 step=150 train=9.07351 val=None lr=0.000288462
2026-09-30 22:04:12,218 step=160 train=8.98737 val=None lr=0.0003
2026-09-30 22:04:12,982 step=170 train=8.90463 val=None lr=0.000299998
2026-09-30 22:04:13,979 step=180 train=8.79590 val=None lr=0.000299993
2026-09-30 22:04:14,955 step=190 train=8.69537 val=None lr=0.000299987
2026-09-30 22:04:16,200 step=200 train=8.57115 val=8.57173466682434 lr=0.000299978
2026-09-30 22:04:16,932 step=210 train=8.45045 val=None lr=0.000299967
2026-09-30 22:04:17,775 step=220 train=8.30924 val=None lr=0.000299953
2026-09-30 22:04:18,548 step=230 train=8.21130 val=None lr=0.000299938
2026-09-30 22:04:19,166 step=240 train=8.07063 val=None lr=0.00029992
2026-09-30 22:04:19,968 step=250 train=7.94964 val=None lr=0.0002999
2026-09-30 22:04:20,637 step=260 train=7.77981 val=None lr=0.000299877
2026-09-30 22:04:21,271 step=270 train=7.63706 val=None lr=0.000299852
2026-09-30 22:04:22,050 step=280 train=7.52670 val=None lr=0.000299825
2026-09-30 22:04:22,977 step=290 train=7.35069 val=None lr=0.000299796
2026-09-30 22:04:24,175 step=300 train=7.14471 val=7.164960980415344 lr=0.000299764
2026-09-30 22:04:24,845 step=310 train=7.01545 val=None lr=0.000299731
2026-09-30 22:04:25,646 step=320 train=6.87538 val=None lr=0.000299695
2026-09-30 22:04:26,305 step=330 train=6.84891 val=None lr=0.000299656
2026-09-30 22:04:27,078 step=340 train=6.67193 val=None lr=0.000299615
2026-09-30 22:04:27,722 step=350 train=6.49951 val=None lr=0.000299573
2026-09-30 22:04:28,587 step=360 train=6.30601 val=None lr=0.000299527
2026-09-30 22:04:29,323 step=370 train=6.33867 val=None lr=0.00029948
2026-09-30 22:04:29,999 step=380 train=6.26592 val=None lr=0.00029943
2026-09-30 22:04:30,958 step=390 train=6.14836 val=None lr=0.000299378
2026-09-30 22:04:32,455 step=400 train=5.92832 val=6.038092112541198 lr=0.000299324
2026-09-30 22:04:33,177 step=410 train=6.09469 val=None lr=0.000299268
2026-09-30 22:04:34,044 step=420 train=6.07286 val=None lr=0.000299209
2026-09-30 22:04:34,795 step=430 train=5.91503 val=None lr=0.000299148
2026-09-30 22:04:35,524 step=440 train=5.79103 val=None lr=0.000299085
2026-09-30 22:04:36,181 step=450 train=5.76162 val=None lr=0.000299019
2026-09-30 22:04:36,900 step=460 train=5.85343 val=None lr=0.000298951
2026-09-30 22:04:37,571 step=470 train=5.80610 val=None lr=0.000298881
2026-09-30 22:04:35,859 step=480 train=5.74618 val=None lr=0.000298809
2026-09-30 22:04:36,696 step=490 train=5.69014 val=None lr=0.000298734
2026-09-30 22:04:38,133 step=500 train=5.51425 val=5.5486448287963865 lr=0.000298658
2026-09-30 22:04:39,356 step=510 train=5.63049 val=None lr=0.000298579
2026-09-30 22:04:40,092 step=520 train=5.34752 val=None lr=0.000298497
2026-09-30 22:04:40,927 step=530 train=5.44743 val=None lr=0.000298414
2026-09-30 22:04:41,994 step=540 train=5.27829 val=None lr=0.000298328
2026-09-30 22:04:42,753 step=550 train=5.51426 val=None lr=0.00029824
2026-09-30 22:04:43,371 step=560 train=5.19430 val=None lr=0.00029815
2026-09-30 22:04:44,150 step=570 train=5.30716 val=None lr=0.000298057
2026-09-30 22:04:44,899 step=580 train=5.24307 val=None lr=0.000297962
2026-09-30 22:04:45,583 step=590 train=5.24077 val=None lr=0.000297865
2026-09-30 22:04:47,004 step=600 train=5.14982 val=5.098427367210388 lr=0.000297766
2026-09-30 22:04:47,693 step=610 train=5.12774 val=None lr=0.000297665
2026-09-30 22:04:48,543 step=620 train=4.89666 val=None lr=0.000297561
2026-09-30 22:04:49,198 step=630 train=5.04909 val=None lr=0.000297455
2026-09-30 22:04:49,862 step=640 train=4.91919 val=None lr=0.000297347
2026-09-30 22:04:50,550 step=650 train=5.11827 val=None lr=0.000297237
2026-09-30 22:04:51,229 step=660 train=4.95611 val=None lr=0.000297124
2026-09-30 22:04:52,128 step=670 train=4.99687 val=None lr=0.000297009
2026-09-30 22:04:52,883 step=680 train=4.82043 val=None lr=0.000296892
2026-09-30 22:04:53,598 step=690 train=4.98115 val=None lr=0.000296773
2026-09-30 22:04:54,895 step=700 train=4.58060 val=4.684889411926269 lr=0.000296651
2026-09-30 22:04:55,558 step=710 train=4.58476 val=None lr=0.000296528
2026-09-30 22:04:56,396 step=720 train=4.66711 val=None lr=0.000296402
2026-09-30 22:04:57,094 step=730 train=4.71847 val=None lr=0.000296273
2026-09-30 22:04:58,091 step=740 train=4.42642 val=None lr=0.000296143
2026-09-30 22:04:58,824 step=750 train=4.70792 val=None lr=0.000296011
2026-09-30 22:04:59,727 step=760 train=4.47380 val=None lr=0.000295876
2026-09-30 22:05:00,552 step=770 train=4.46565 val=None lr=0.000295739
2026-09-30 22:05:01,331 step=780 train=4.55948 val=None lr=0.0002956
2026-09-30 22:05:02,086 step=790 train=4.58844 val=None lr=0.000295458
2026-09-30 22:05:03,483 step=800 train=4.64291 val=4.394702315330505 lr=0.000295315
2026-09-30 22:05:04,293 step=810 train=4.46530 val=None lr=0.000295169
2026-09-30 22:05:05,022 step=820 train=4.55743 val=None lr=0.000295021
2026-09-30 22:05:05,711 step=830 train=4.26401 val=None lr=0.000294871
2026-09-30 22:05:06,418 step=840 train=4.58227 val=None lr=0.000294719
2026-09-30 22:05:07,117 step=850 train=4.36633 val=None lr=0.000294564
2026-09-30 22:05:07,860 step=860 train=4.34307 val=None lr=0.000294407
2026-09-30 22:05:06,279 step=870 train=4.39100 val=None lr=0.000294249
2026-09-30 22:05:07,044 step=880 train=4.21863 val=None lr=0.000294088
2026-09-30 22:05:07,798 step=890 train=4.40593 val=None lr=0.000293924
2026-09-30 22:05:09,030 step=900 train=4.43637 val=4.218695271015167 lr=0.000293759
2026-09-30 22:05:09,906 step=910 train=4.18860 val=None lr=0.000293591
2026-09-30 22:05:10,579 step=920 train=4.31817 val=None lr=0.000293422
2026-09-30 22:05:11,325 step=930 train=4.25754 val=None lr=0.00029325
2026-09-30 22:05:12,335 step=940 train=4.03943 val=None lr=0.000293076
2026-09-30 22:05:13,187 step=950 train=4.05705 val=None lr=0.0002929
2026-09-30 22:05:13,895 step=960 train=4.10952 val=None lr=0.000292721
2026-09-30 22:05:14,537 step=970 train=4.40950 val=None lr=0.000292541
2026-09-30 22:05:15,262 step=980 train=4.31587 val=None lr=0.000292358
2026-09-30 22:05:15,929 step=990 train=4.10950 val=None lr=0.000292173
2026-09-30 22:05:17,134 step=1000 train=4.12026 val=4.109474110603332 lr=0.000291986
2026-09-30 22:05:18,562 step=1010 train=4.21350 val=None lr=0.000291797
2026-09-30 22:05:19,373 step=1020 train=4.43404 val=None lr=0.000291606
2026-09-30 22:05:20,197 step=1030 train=4.01274 val=None lr=0.000291413
2026-09-30 22:05:21,250 step=1040 train=3.99012 val=None lr=0.000291217
2026-09-30 22:05:22,054 step=1050 train=3.98676 val=None lr=0.00029102
2026-09-30 22:05:22,908 step=1060 train=3.78322 val=None lr=0.00029082
2026-09-30 22:05:23,845 step=1070 train=3.92949 val=None lr=0.000290618
2026-09-30 22:05:24,532 step=1080 train=3.84862 val=None lr=0.000290414
2026-09-30 22:05:25,303 step=1090 train=4.25438 val=None lr=0.000290208
2026-09-30 22:05:26,477 step=1100 train=3.94506 val=4.033822393417358 lr=0.00029
2026-09-30 22:05:27,208 step=1110 train=4.30406 val=None lr=0.00028979
2026-09-30 22:05:28,072 step=1120 train=4.01434 val=None lr=0.000289578
2026-09-30 22:05:28,797 step=1130 train=3.99374 val=None lr=0.000289363
2026-09-30 22:05:29,481 step=1140 train=4.13635 val=None lr=0.000289147
2026-09-30 22:05:30,218 step=1150 train=4.06201 val=None lr=0.000288928
2026-09-30 22:05:30,852 step=1160 train=4.20299 val=None lr=0.000288707
2026-09-30 22:05:31,520 step=1170 train=4.04789 val=None lr=0.000288484
2026-09-30 22:05:32,183 step=1180 train=4.08161 val=None lr=0.000288259
2026-09-30 22:05:32,902 step=1190 train=3.90169 val=None lr=0.000288032
2026-09-30 22:05:34,139 step=1200 train=4.21241 val=3.9808003544807433 lr=0.000287803
2026-09-30 22:05:34,863 step=1210 train=4.24826 val=None lr=0.000287572
2026-09-30 22:05:36,059 step=1220 train=4.23594 val=None lr=0.000287339
2026-09-30 22:05:36,711 step=1230 train=4.15868 val=None lr=0.000287104
2026-09-30 22:05:37,580 step=1240 train=4.07879 val=None lr=0.000286867
2026-09-30 22:05:38,351 step=1250 train=3.87836 val=None lr=0.000286627
2026-09-30 22:05:36,654 step=1260 train=3.77292 val=None lr=0.000286386
2026-09-30 22:05:37,335 step=1270 train=3.88545 val=None lr=0.000286143
2026-09-30 22:05:38,063 step=1280 train=3.93726 val=None lr=0.000285897
2026-09-30 22:05:38,738 step=1290 train=3.95938 val=None lr=0.00028565
2026-09-30 22:05:39,970 step=1300 train=3.92896 val=3.9369900822639465 lr=0.0002854
2026-09-30 22:05:40,678 step=1310 train=3.92976 val=None lr=0.000285149
2026-09-30 22:05:41,329 step=1320 train=4.17310 val=None lr=0.000284895
2026-09-30 22:05:41,947 step=1330 train=4.09601 val=None lr=0.000284639
2026-09-30 22:05:42,601 step=1340 train=3.95286 val=None lr=0.000284382
2026-09-30 22:05:43,258 step=1350 train=3.72540 val=None lr=0.000284122
2026-09-30 22:05:43,964 step=1360 train=3.86297 val=None lr=0.000283861
2026-09-30 22:05:44,609 step=1370 train=3.92050 val=None lr=0.000283597
2026-09-30 22:05:45,293 step=1380 train=3.95024 val=None lr=0.000283331
2026-09-30 22:05:45,971 step=1390 train=3.92690 val=None lr=0.000283064
2026-09-30 22:05:47,426 step=1400 train=3.99879 val=3.9069244861602783 lr=0.000282794
2026-09-30 22:05:48,070 step=1410 train=3.91970 val=None lr=0.000282522
2026-09-30 22:05:48,746 step=1420 train=3.83016 val=None lr=0.000282249
2026-09-30 22:05:49,555 step=1430 train=3.93842 val=None lr=0.000281973
2026-09-30 22:05:50,240 step=1440 train=3.92299 val=None lr=0.000281696
2026-09-30 22:05:50,923 step=1450 train=3.98738 val=None lr=0.000281416
2026-09-30 22:05:51,642 step=1460 train=3.90126 val=None lr=0.000281135
2026-09-30 22:05:52,327 step=1470 train=3.85305 val=None lr=0.000280852
2026-09-30 22:05:53,034 step=1480 train=3.81741 val=None lr=0.000280566
2026-09-30 22:05:53,783 step=1490 train=3.92171 val=None lr=0.000280279
2026-09-30 22:05:55,160 step=1500 train=4.02414 val=3.880311143398285 lr=0.00027999
2026-09-30 22:05:56,258 step=1510 train=4.06506 val=None lr=0.000279699
2026-09-30 22:05:56,941 step=1520 train=3.90117 val=None lr=0.000279406
2026-09-30 22:05:57,588 step=1530 train=3.96749 val=None lr=0.000279111
2026-09-30 22:05:58,309 step=1540 train=3.94170 val=None lr=0.000278814
2026-09-30 22:05:58,992 step=1550 train=3.70172 val=None lr=0.000278515
2026-09-30 22:05:59,653 step=1560 train=3.60333 val=None lr=0.000278214
2026-09-30 22:06:00,435 step=1570 train=4.32334 val=None lr=0.000277911
2026-09-30 22:06:01,151 step=1580 train=3.76952 val=None lr=0.000277607
2026-09-30 22:06:01,840 step=1590 train=3.96628 val=None lr=0.0002773
2026-09-30 22:06:03,067 step=1600 train=3.78737 val=3.8332122325897218 lr=0.000276992
2026-09-30 22:06:03,764 step=1610 train=3.91343 val=None lr=0.000276682
2026-09-30 22:06:04,434 step=1620 train=3.75575 val=None lr=0.00027637
2026-09-30 22:06:05,067 step=1630 train=3.54437 val=None lr=0.000276056
2026-09-30 22:06:05,873 step=1640 train=3.55927 val=None lr=0.00027574
2026-09-30 22:06:06,678 step=1650 train=4.05110 val=None lr=0.000275422
2026-09-30 22:06:07,298 step=1660 train=3.81610 val=None lr=0.000275102
2026-09-30 22:06:08,033 step=1670 train=3.86714 val=None lr=0.000274781
2026-09-30 22:06:06,407 step=1680 train=3.94574 val=None lr=0.000274458
2026-09-30 22:06:07,134 step=1690 train=3.92480 val=None lr=0.000274133
2026-09-30 22:06:08,317 step=1700 train=3.93036 val=3.7882124304771425 lr=0.000273806
2026-09-30 22:06:09,026 step=1710 train=3.82840 val=None lr=0.000273477
2026-09-30 22:06:09,994 step=1720 train=3.58752 val=None lr=0.000273146
2026-09-30 22:06:10,769 step=1730 train=3.85308 val=None lr=0.000272814
2026-09-30 22:06:11,537 step=1740 train=3.75592 val=None lr=0.000272479
2026-09-30 22:06:12,261 step=1750 train=3.96932 val=None lr=0.000272143
2026-09-30 22:06:12,990 step=1760 train=3.94155 val=None lr=0.000271806
2026-09-30 22:06:13,644 step=1770 train=3.78464 val=None lr=0.000271466
2026-09-30 22:06:14,466 step=1780 train=4.05758 val=None lr=0.000271124
2026-09-30 22:06:15,126 step=1790 train=3.88644 val=None lr=0.000270781
2026-09-30 22:06:16,446 step=1800 train=3.91480 val=3.7416117548942567 lr=0.000270436
2026-09-30 22:06:17,127 step=1810 train=3.92518 val=None lr=0.000270089
2026-09-30 22:06:17,881 step=1820 train=4.01485 val=None lr=0.000269741
2026-09-30 22:06:18,739 step=1830 train=3.50397 val=None lr=0.00026939
2026-09-30 22:06:19,521 step=1840 train=3.73327 val=None lr=0.000269038
2026-09-30 22:06:20,489 step=1850 train=3.58147 val=None lr=0.000268685
2026-09-30 22:06:21,328 step=1860 train=3.73853 val=None lr=0.000268329
2026-09-30 22:06:22,183 step=1870 train=3.48011 val=None lr=0.000267972
2026-09-30 22:06:22,958 step=1880 train=3.76715 val=None lr=0.000267613
2026-09-30 22:06:23,711 step=1890 train=4.09533 val=None lr=0.000267252
2026-09-30 22:06:24,928 step=1900 train=3.50711 val=3.677046501636505 lr=0.000266889
2026-09-30 22:06:25,726 step=1910 train=3.83724 val=None lr=0.000266525
2026-09-30 22:06:26,540 step=1920 train=3.55265 val=None lr=0.000266159
2026-09-30 22:06:27,247 step=1930 train=3.73729 val=None lr=0.000265791
2026-09-30 22:06:28,007 step=1940 train=3.77911 val=None lr=0.000265422
2026-09-30 22:06:28,671 step=1950 train=3.58254 val=None lr=0.000265051
2026-09-30 22:06:29,385 step=1960 train=3.85245 val=None lr=0.000264678
2026-09-30 22:06:30,003 step=1970 train=3.70639 val=None lr=0.000264304
2026-09-30 22:06:30,629 step=1980 train=3.75153 val=None lr=0.000263928
2026-09-30 22:06:31,379 step=1990 train=3.36985 val=None lr=0.00026355
2026-09-30 22:06:32,659 step=2000 train=3.80212 val=3.6196383118629454 lr=0.000263171
2026-09-30 22:06:34,038 step=2010 train=3.72022 val=None lr=0.00026279
2026-09-30 22:06:34,669 step=2020 train=3.60984 val=None lr=0.000262407
2026-09-30 22:06:35,578 step=2030 train=3.48223 val=None lr=0.000262023
2026-09-30 22:06:36,313 step=2040 train=3.76468 val=None lr=0.000261637
2026-09-30 22:06:36,942 step=2050 train=3.72516 val=None lr=0.000261249
2026-09-30 22:06:37,601 step=2060 train=3.56591 val=None lr=0.00026086
2026-09-30 22:06:38,268 step=2070 train=3.72736 val=None lr=0.000260469
2026-09-30 22:06:36,491 step=2080 train=3.67028 val=None lr=0.000260077
2026-09-30 22:06:37,118 step=2090 train=3.52979 val=None lr=0.000259683
2026-09-30 22:06:38,355 step=2100 train=3.57675 val=3.5754507064819334 lr=0.000259287
2026-09-30 22:06:39,033 step=2110 train=3.71238 val=None lr=0.00025889
2026-09-30 22:06:39,699 step=2120 train=3.46909 val=None lr=0.000258491
2026-09-30 22:06:40,373 step=2130 train=3.54651 val=None lr=0.000258091
2026-09-30 22:06:41,015 step=2140 train=3.40666 val=None lr=0.000257689
2026-09-30 22:06:41,753 step=2150 train=3.19629 val=None lr=0.000257285
2026-09-30 22:06:42,396 step=2160 train=3.75017 val=None lr=0.00025688
2026-09-30 22:06:43,172 step=2170 train=3.47513 val=None lr=0.000256474
2026-09-30 22:06:43,850 step=2180 train=3.61715 val=None lr=0.000256066
2026-09-30 22:06:44,559 step=2190 train=3.67510 val=None lr=0.000255656
2026-09-30 22:06:45,940 step=2200 train=3.42924 val=3.536702597141266 lr=0.000255245
2026-09-30 22:06:46,769 step=2210 train=3.52058 val=None lr=0.000254832
2026-09-30 22:06:47,417 step=2220 train=3.61727 val=None lr=0.000254418
2026-09-30 22:06:48,141 step=2230 train=3.69315 val=None lr=0.000254002
2026-09-30 22:06:48,795 step=2240 train=3.57295 val=None lr=0.000253585
2026-09-30 22:06:49,522 step=2250 train=3.55958 val=None lr=0.000253166
2026-09-30 22:06:50,246 step=2260 train=3.41300 val=None lr=0.000252746
2026-09-30 22:06:50,897 step=2270 train=3.71151 val=None lr=0.000252324
2026-09-30 22:06:51,515 step=2280 train=3.50564 val=None lr=0.000251901
2026-09-30 22:06:52,163 step=2290 train=3.44633 val=None lr=0.000251477
2026-09-30 22:06:53,366 step=2300 train=3.57313 val=3.498195695877075 lr=0.000251051
2026-09-30 22:06:53,981 step=2310 train=3.43423 val=None lr=0.000250623
2026-09-30 22:06:54,660 step=2320 train=3.92168 val=None lr=0.000250194
2026-09-30 22:06:55,392 step=2330 train=3.63744 val=None lr=0.000249764
2026-09-30 22:06:56,181 step=2340 train=3.33699 val=None lr=0.000249332
2026-09-30 22:06:56,825 step=2350 train=3.57609 val=None lr=0.000248899
2026-09-30 22:06:57,505 step=2360 train=3.66947 val=None lr=0.000248464
2026-09-30 22:06:58,250 step=2370 train=3.38379 val=None lr=0.000248028
2026-09-30 22:06:58,959 step=2380 train=3.67975 val=None lr=0.000247591
2026-09-30 22:06:59,681 step=2390 train=3.61766 val=None lr=0.000247152
2026-09-30 22:07:00,859 step=2400 train=3.44255 val=3.4643906354904175 lr=0.000246711
2026-09-30 22:07:01,534 step=2410 train=3.64909 val=None lr=0.00024627
2026-09-30 22:07:02,232 step=2420 train=3.37300 val=None lr=0.000245827
2026-09-30 22:07:03,263 step=2430 train=3.46208 val=None lr=0.000245383
2026-09-30 22:07:04,035 step=2440 train=3.59159 val=None lr=0.000244937
2026-09-30 22:07:04,639 step=2450 train=3.71169 val=None lr=0.00024449
2026-09-30 22:07:05,261 step=2460 train=3.28484 val=None lr=0.000244041
2026-09-30 22:07:05,930 step=2470 train=3.32176 val=None lr=0.000243592
2026-09-30 22:07:06,860 step=2480 train=3.61111 val=None lr=0.000243141
2026-09-30 22:07:07,690 step=2490 train=3.49932 val=None lr=0.000242688
2026-09-30 22:07:06,606 step=2500 train=3.49261 val=3.4414278149604796 lr=0.000242235
2026-09-30 22:07:07,937 step=2510 train=3.65054 val=None lr=0.00024178
2026-09-30 22:07:08,608 step=2520 train=3.69232 val=None lr=0.000241324
2026-09-30 22:07:09,271 step=2530 train=3.35906 val=None lr=0.000240866
2026-09-30 22:07:09,969 step=2540 train=3.26492 val=None lr=0.000240407
2026-09-30 22:07:10,916 step=2550 train=3.48028 val=None lr=0.000239947
2026-09-30 22:07:11,555 step=2560 train=3.24316 val=None lr=0.000239486
2026-09-30 22:07:12,233 step=2570 train=3.44236 val=None lr=0.000239023
2026-09-30 22:07:12,859 step=2580 train=3.23960 val=None lr=0.00023856
2026-09-30 22:07:13,558 step=2590 train=3.48880 val=None lr=0.000238094
2026-09-30 22:07:14,665 step=2600 train=3.46770 val=3.4148566007614134 lr=0.000237628
2026-09-30 22:07:15,339 step=2610 train=3.62482 val=None lr=0.000237161
2026-09-30 22:07:15,992 step=2620 train=3.49707 val=None lr=0.000236692
2026-09-30 22:07:16,630 step=2630 train=3.61262 val=None lr=0.000236222
2026-09-30 22:07:17,375 step=2640 train=3.30953 val=None lr=0.000235751
2026-09-30 22:07:18,037 step=2650 train=3.35223 val=None lr=0.000235279
2026-09-30 22:07:18,682 step=2660 train=3.63727 val=None lr=0.000234805
2026-09-30 22:07:19,400 step=2670 train=3.29618 val=None lr=0.00023433
2026-09-30 22:07:20,134 step=2680 train=3.58278 val=None lr=0.000233855
2026-09-30 22:07:20,828 step=2690 train=3.73631 val=None lr=0.000233378
2026-09-30 22:07:22,081 step=2700 train=3.62122 val=3.388089382648468 lr=0.000232899
2026-09-30 22:07:22,760 step=2710 train=3.69267 val=None lr=0.00023242
2026-09-30 22:07:23,536 step=2720 train=3.58216 val=None lr=0.00023194
2026-09-30 22:07:24,296 step=2730 train=3.29874 val=None lr=0.000231458
2026-09-30 22:07:25,102 step=2740 train=3.32128 val=None lr=0.000230975
2026-09-30 22:07:25,784 step=2750 train=3.57639 val=None lr=0.000230492
2026-09-30 22:07:26,468 step=2760 train=3.53998 val=None lr=0.000230007
2026-09-30 22:07:27,397 step=2770 train=3.55481 val=None lr=0.000229521
2026-09-30 22:07:28,140 step=2780 train=3.45624 val=None lr=0.000229034
2026-09-30 22:07:29,096 step=2790 train=3.33344 val=None lr=0.000228545
2026-09-30 22:07:30,413 step=2800 train=3.36295 val=3.363683760166168 lr=0.000228056
2026-09-30 22:07:31,113 step=2810 train=3.36608 val=None lr=0.000227566
2026-09-30 22:07:31,778 step=2820 train=3.35354 val=None lr=0.000227075
2026-09-30 22:07:32,522 step=2830 train=3.42166 val=None lr=0.000226582
2026-09-30 22:07:33,481 step=2840 train=3.47397 val=None lr=0.000226089
2026-09-30 22:07:34,270 step=2850 train=3.31327 val=None lr=0.000225594
2026-09-30 22:07:34,922 step=2860 train=3.45878 val=None lr=0.000225099
2026-09-30 22:07:35,681 step=2870 train=3.37772 val=None lr=0.000224602
2026-09-30 22:07:36,416 step=2880 train=3.22264 val=None lr=0.000224105
2026-09-30 22:07:37,091 step=2890 train=3.76386 val=None lr=0.000223606
2026-09-30 22:07:38,349 step=2900 train=3.56107 val=3.3399302124977113 lr=0.000223107
2026-09-30 22:07:36,662 step=2910 train=3.41526 val=None lr=0.000222606
2026-09-30 22:07:37,317 step=2920 train=3.38629 val=None lr=0.000222105
2026-09-30 22:07:37,974 step=2930 train=3.24203 val=None lr=0.000221603
2026-09-30 22:07:38,757 step=2940 train=3.59179 val=None lr=0.000221099
2026-09-30 22:07:39,427 step=2950 train=3.38093 val=None lr=0.000220595
2026-09-30 22:07:40,302 step=2960 train=3.57194 val=None lr=0.00022009
2026-09-30 22:07:40,948 step=2970 train=3.69528 val=None lr=0.000219584
2026-09-30 22:07:41,702 step=2980 train=3.36029 val=None lr=0.000219077
2026-09-30 22:07:42,678 step=2990 train=3.11098 val=None lr=0.000218569
2026-09-30 22:07:43,904 step=3000 train=3.67464 val=3.319270598888397 lr=0.00021806
2026-09-30 22:07:45,173 step=3010 train=3.26171 val=None lr=0.00021755
2026-09-30 22:07:45,985 step=3020 train=3.53041 val=None lr=0.000217039
2026-09-30 22:07:46,852 step=3030 train=3.18291 val=None lr=0.000216528
2026-09-30 22:07:47,588 step=3040 train=3.31626 val=None lr=0.000216016
2026-09-30 22:07:48,304 step=3050 train=3.61021 val=None lr=0.000215502
2026-09-30 22:07:49,166 step=3060 train=3.37048 val=None lr=0.000214988
2026-09-30 22:07:49,892 step=3070 train=3.20113 val=None lr=0.000214473
2026-09-30 22:07:50,715 step=3080 train=3.27927 val=None lr=0.000213957
2026-09-30 22:07:51,526 step=3090 train=3.23746 val=None lr=0.000213441
2026-09-30 22:07:52,842 step=3100 train=3.28433 val=3.2951594829559325 lr=0.000212923
2026-09-30 22:07:53,651 step=3110 train=3.56886 val=None lr=0.000212405
2026-09-30 22:07:54,467 step=3120 train=3.14296 val=None lr=0.000211886
2026-09-30 22:07:55,261 step=3130 train=3.49987 val=None lr=0.000211366
2026-09-30 22:07:56,193 step=3140 train=3.26346 val=None lr=0.000210846
2026-09-30 22:07:56,956 step=3150 train=3.49047 val=None lr=0.000210324
2026-09-30 22:07:57,724 step=3160 train=3.38830 val=None lr=0.000209802
2026-09-30 22:07:58,451 step=3170 train=3.30149 val=None lr=0.000209279
2026-09-30 22:07:59,172 step=3180 train=3.41890 val=None lr=0.000208756
2026-09-30 22:07:59,925 step=3190 train=3.48457 val=None lr=0.000208231
2026-09-30 22:08:01,175 step=3200 train=3.36344 val=3.270040810108185 lr=0.000207706
2026-09-30 22:08:01,863 step=3210 train=3.21523 val=None lr=0.000207181
2026-09-30 22:08:02,712 step=3220 train=3.30659 val=None lr=0.000206654
2026-09-30 22:08:03,452 step=3230 train=3.17570 val=None lr=0.000206127
2026-09-30 22:08:04,329 step=3240 train=3.30006 val=None lr=0.000205599
2026-09-30 22:08:05,204 step=3250 train=3.38469 val=None lr=0.00020507
2026-09-30 22:08:05,915 step=3260 train=3.14892 val=None lr=0.000204541
2026-09-30 22:08:06,609 step=3270 train=3.27429 val=None lr=0.000204011
2026-09-30 22:08:07,550 step=3280 train=3.31081 val=None lr=0.000203481
2026-09-30 22:08:08,243 step=3290 train=3.48796 val=None lr=0.000202949
2026-09-30 22:08:07,086 step=3300 train=3.49268 val=3.246933698654175 lr=0.000202417
2026-09-30 22:08:07,757 step=3310 train=3.42196 val=None lr=0.000201885
2026-09-30 22:08:08,527 step=3320 train=3.25618 val=None lr=0.000201352
2026-09-30 22:08:09,291 step=3330 train=3.13319 val=None lr=0.000200818
2026-09-30 22:08:10,021 step=3340 train=3.26866 val=None lr=0.000200284
2026-09-30 22:08:10,812 step=3350 train=3.30920 val=None lr=0.000199749
2026-09-30 22:08:11,682 step=3360 train=3.19928 val=None lr=0.000199213
2026-09-30 22:08:12,529 step=3370 train=3.31089 val=None lr=0.000198677
2026-09-30 22:08:13,206 step=3380 train=3.13208 val=None lr=0.000198141
2026-09-30 22:08:13,896 step=3390 train=3.11240 val=None lr=0.000197603
2026-09-30 22:08:15,227 step=3400 train=3.21116 val=3.225225841999054 lr=0.000197066
2026-09-30 22:08:16,119 step=3410 train=3.36962 val=None lr=0.000196527
2026-09-30 22:08:16,956 step=3420 train=3.60090 val=None lr=0.000195988
2026-09-30 22:08:17,710 step=3430 train=3.40770 val=None lr=0.000195449
2026-09-30 22:08:18,467 step=3440 train=3.16390 val=None lr=0.000194909
2026-09-30 22:08:19,214 step=3450 train=3.28944 val=None lr=0.000194369
2026-09-30 22:08:19,959 step=3460 train=3.18486 val=None lr=0.000193828
2026-09-30 22:08:20,740 step=3470 train=3.14340 val=None lr=0.000193287
2026-09-30 22:08:21,590 step=3480 train=3.14870 val=None lr=0.000192745
2026-09-30 22:08:22,462 step=3490 train=3.22276 val=None lr=0.000192202
2026-09-30 22:08:24,033 step=3500 train=3.39063 val=3.2006480574607847 lr=0.00019166
2026-09-30 22:08:25,448 step=3510 train=3.40591 val=None lr=0.000191116
2026-09-30 22:08:26,293 step=3520 train=3.08408 val=None lr=0.000190573
2026-09-30 22:08:27,097 step=3530 train=3.16819 val=None lr=0.000190029
2026-09-30 22:08:27,791 step=3540 train=3.08955 val=None lr=0.000189484
2026-09-30 22:08:28,490 step=3550 train=3.36034 val=None lr=0.000188939
2026-09-30 22:08:29,262 step=3560 train=3.42027 val=None lr=0.000188394
2026-09-30 22:08:30,026 step=3570 train=3.25209 val=None lr=0.000187848
2026-09-30 22:08:30,732 step=3580 train=3.48268 val=None lr=0.000187302
2026-09-30 22:08:31,421 step=3590 train=3.11824 val=None lr=0.000186756
2026-09-30 22:08:32,891 step=3600 train=3.30313 val=3.1865049481391905 lr=0.000186209
2026-09-30 22:08:33,775 step=3610 train=3.02553 val=None lr=0.000185662
2026-09-30 22:08:34,517 step=3620 train=3.25634 val=None lr=0.000185114
2026-09-30 22:08:35,322 step=3630 train=3.21358 val=None lr=0.000184566
2026-09-30 22:08:36,012 step=3640 train=3.33736 val=None lr=0.000184018
2026-09-30 22:08:36,934 step=3650 train=3.07779 val=None lr=0.00018347
2026-09-30 22:08:37,652 step=3660 train=3.13747 val=None lr=0.000182921
2026-09-30 22:08:38,428 step=3670 train=3.13037 val=None lr=0.000182372
2026-09-30 22:08:37,003 step=3680 train=3.27880 val=None lr=0.000181822
2026-09-30 22:08:37,841 step=3690 train=3.05213 val=None lr=0.000181272
2026-09-30 22:08:39,284 step=3700 train=3.23326 val=3.1695857763290407 lr=0.000180722
2026-09-30 22:08:40,091 step=3710 train=3.14447 val=None lr=0.000180172
2026-09-30 22:08:40,865 step=3720 train=3.29616 val=None lr=0.000179622
2026-09-30 22:08:41,695 step=3730 train=3.12631 val=None lr=0.000179071
2026-09-30 22:08:42,406 step=3740 train=3.53757 val=None lr=0.00017852
2026-09-30 22:08:43,076 step=3750 train=3.29009 val=None lr=0.000177969
2026-09-30 22:08:43,830 step=3760 train=3.03023 val=None lr=0.000177417
2026-09-30 22:08:44,532 step=3770 train=3.33439 val=None lr=0.000176866
2026-09-30 22:08:45,266 step=3780 train=3.02115 val=None lr=0.000176314
2026-09-30 22:08:45,940 step=3790 train=3.13614 val=None lr=0.000175762
2026-09-30 22:08:47,135 step=3800 train=3.40658 val=3.1534249544143678 lr=0.00017521
2026-09-30 22:08:47,913 step=3810 train=3.15938 val=None lr=0.000174657
2026-09-30 22:08:48,661 step=3820 train=3.34990 val=None lr=0.000174105
2026-09-30 22:08:49,442 step=3830 train=3.26837 val=None lr=0.000173552
2026-09-30 22:08:50,238 step=3840 train=3.09162 val=None lr=0.000172999
2026-09-30 22:08:51,066 step=3850 train=3.06529 val=None lr=0.000172446
2026-09-30 22:08:51,805 step=3860 train=3.35699 val=None lr=0.000171893
2026-09-30 22:08:52,523 step=3870 train=3.12120 val=None lr=0.00017134
2026-09-30 22:08:53,300 step=3880 train=3.26255 val=None lr=0.000170786
2026-09-30 22:08:54,172 step=3890 train=3.58554 val=None lr=0.000170233
2026-09-30 22:08:55,770 step=3900 train=3.48844 val=3.1383690237998962 lr=0.000169679
2026-09-30 22:08:56,486 step=3910 train=3.05725 val=None lr=0.000169126
2026-09-30 22:08:57,204 step=3920 train=3.31146 val=None lr=0.000168572
2026-09-30 22:08:57,994 step=3930 train=3.09410 val=None lr=0.000168018
2026-09-30 22:08:58,843 step=3940 train=3.13045 val=None lr=0.000167465
2026-09-30 22:08:59,673 step=3950 train=3.09500 val=None lr=0.000166911
2026-09-30 22:09:00,415 step=3960 train=3.13201 val=None lr=0.000166357
2026-09-30 22:09:01,102 step=3970 train=3.01601 val=None lr=0.000165803
2026-09-30 22:09:01,958 step=3980 train=3.43823 val=None lr=0.000165249
2026-09-30 22:09:02,695 step=3990 train=2.92043 val=None lr=0.000164695
2026-09-30 22:09:03,971 step=4000 train=3.07009 val=3.1213157773017883 lr=0.000164141
2026-09-30 22:09:05,240 step=4010 train=3.16190 val=None lr=0.000163588
2026-09-30 22:09:05,964 step=4020 train=3.22291 val=None lr=0.000163034
2026-09-30 22:09:06,825 step=4030 train=3.35689 val=None lr=0.00016248
2026-09-30 22:09:07,476 step=4040 train=3.42746 val=None lr=0.000161926
2026-09-30 22:09:08,184 step=4050 train=3.01600 val=None lr=0.000161372
2026-09-30 22:09:08,942 step=4060 train=3.40193 val=None lr=0.000160819
2026-09-30 22:09:07,351 step=4070 train=3.19888 val=None lr=0.000160265
2026-09-30 22:09:08,112 step=4080 train=3.19626 val=None lr=0.000159712
2026-09-30 22:09:08,872 step=4090 train=3.11537 val=None lr=0.000159158
2026-09-30 22:09:10,048 step=4100 train=3.28460 val=3.1102173805236815 lr=0.000158605
2026-09-30 22:09:10,657 step=4110 train=3.33483 val=None lr=0.000158052
2026-09-30 22:09:11,341 step=4120 train=3.05907 val=None lr=0.000157499
2026-09-30 22:09:12,162 step=4130 train=3.15978 val=None lr=0.000156946
2026-09-30 22:09:12,838 step=4140 train=3.14950 val=None lr=0.000156393
2026-09-30 22:09:13,481 step=4150 train=3.16075 val=None lr=0.00015584
2026-09-30 22:09:14,263 step=4160 train=2.98370 val=None lr=0.000155288
2026-09-30 22:09:15,168 step=4170 train=3.19305 val=None lr=0.000154735
2026-09-30 22:09:16,301 step=4180 train=3.22387 val=None lr=0.000154183
2026-09-30 22:09:17,034 step=4190 train=2.92109 val=None lr=0.000153631
2026-09-30 22:09:18,278 step=4200 train=3.24847 val=3.096004915237427 lr=0.000153079
2026-09-30 22:09:18,945 step=4210 train=3.36939 val=None lr=0.000152528
2026-09-30 22:09:19,786 step=4220 train=3.15708 val=None lr=0.000151976
2026-09-30 22:09:20,529 step=4230 train=3.20283 val=None lr=0.000151425
2026-09-30 22:09:21,289 step=4240 train=3.15988 val=None lr=0.000150874
2026-09-30 22:09:22,116 step=4250 train=3.47594 val=None lr=0.000150323
2026-09-30 22:09:22,989 step=4260 train=3.19883 val=None lr=0.000149773
2026-09-30 22:09:23,725 step=4270 train=3.19828 val=None lr=0.000149223
2026-09-30 22:09:24,429 step=4280 train=3.19668 val=None lr=0.000148673
2026-09-30 22:09:25,109 step=4290 train=3.16941 val=None lr=0.000148123
2026-09-30 22:09:26,528 step=4300 train=3.16731 val=3.0842933177948 lr=0.000147573
2026-09-30 22:09:27,212 step=4310 train=3.19153 val=None lr=0.000147024
2026-09-30 22:09:27,956 step=4320 train=3.61622 val=None lr=0.000146476
2026-09-30 22:09:28,646 step=4330 train=3.20673 val=None lr=0.000145927
2026-09-30 22:09:29,360 step=4340 train=3.07227 val=None lr=0.000145379
2026-09-30 22:09:30,186 step=4350 train=3.16383 val=None lr=0.000144831
2026-09-30 22:09:30,910 step=4360 train=2.93248 val=None lr=0.000144284
2026-09-30 22:09:31,729 step=4370 train=3.17419 val=None lr=0.000143736
2026-09-30 22:09:32,486 step=4380 train=2.90013 val=None lr=0.00014319
2026-09-30 22:09:33,257 step=4390 train=3.37458 val=None lr=0.000142643
2026-09-30 22:09:34,508 step=4400 train=3.00346 val=3.0706891298294066 lr=0.000142097
2026-09-30 22:09:35,251 step=4410 train=2.94045 val=None lr=0.000141551
2026-09-30 22:09:35,997 step=4420 train=2.86857 val=None lr=0.000141006
2026-09-30 22:09:36,795 step=4430 train=3.34742 val=None lr=0.000140461
2026-09-30 22:09:37,532 step=4440 train=3.25306 val=None lr=0.000139917
2026-09-30 22:09:38,359 step=4450 train=3.23758 val=None lr=0.000139373
2026-09-30 22:09:39,099 step=4460 train=2.95902 val=None lr=0.000138829
2026-09-30 22:09:37,411 step=4470 train=3.22830 val=None lr=0.000138286
2026-09-30 22:09:38,112 step=4480 train=3.16096 val=None lr=0.000137743
2026-09-30 22:09:38,894 step=4490 train=3.24586 val=None lr=0.000137201
2026-09-30 22:09:40,327 step=4500 train=2.94153 val=3.058772563934326 lr=0.000136659
2026-09-30 22:09:41,487 step=4510 train=3.10757 val=None lr=0.000136118
2026-09-30 22:09:42,189 step=4520 train=3.03091 val=None lr=0.000135577
2026-09-30 22:09:43,093 step=4530 train=3.10033 val=None lr=0.000135037
2026-09-30 22:09:43,916 step=4540 train=3.10714 val=None lr=0.000134497
2026-09-30 22:09:44,726 step=4550 train=2.83446 val=None lr=0.000133958
2026-09-30 22:09:45,408 step=4560 train=3.19048 val=None lr=0.000133419
2026-09-30 22:09:46,320 step=4570 train=3.11961 val=None lr=0.000132881
2026-09-30 22:09:47,088 step=4580 train=2.95213 val=None lr=0.000132343
2026-09-30 22:09:47,926 step=4590 train=3.10877 val=None lr=0.000131806
2026-09-30 22:09:49,228 step=4600 train=3.11173 val=3.0505521655082704 lr=0.000131269
2026-09-30 22:09:50,016 step=4610 train=3.36875 val=None lr=0.000130733
2026-09-30 22:09:50,833 step=4620 train=3.15221 val=None lr=0.000130198
2026-09-30 22:09:51,669 step=4630 train=3.38005 val=None lr=0.000129663
2026-09-30 22:09:52,505 step=4640 train=3.26253 val=None lr=0.000129129
2026-09-30 22:09:53,235 step=4650 train=3.08949 val=None lr=0.000128595
2026-09-30 22:09:54,145 step=4660 train=2.98969 val=None lr=0.000128062
2026-09-30 22:09:54,824 step=4670 train=3.06838 val=None lr=0.000127529
2026-09-30 22:09:55,488 step=4680 train=3.17120 val=None lr=0.000126998
2026-09-30 22:09:56,195 step=4690 train=2.91989 val=None lr=0.000126466
2026-09-30 22:09:57,485 step=4700 train=3.25089 val=3.0399593472480775 lr=0.000125936
2026-09-30 22:09:58,207 step=4710 train=3.06479 val=None lr=0.000125406
2026-09-30 22:09:58,962 step=4720 train=3.06078 val=None lr=0.000124877
2026-09-30 22:09:59,705 step=4730 train=3.01111 val=None lr=0.000124348
2026-09-30 22:10:00,399 step=4740 train=3.34246 val=None lr=0.00012382
2026-09-30 22:10:01,116 step=4750 train=3.23047 val=None lr=0.000123293
2026-09-30 22:10:01,777 step=4760 train=2.97412 val=None lr=0.000122767
2026-09-30 22:10:02,435 step=4770 train=3.00426 val=None lr=0.000122241
2026-09-30 22:10:03,379 step=4780 train=3.36848 val=None lr=0.000121716
2026-09-30 22:10:04,153 step=4790 train=3.08197 val=None lr=0.000121192
2026-09-30 22:10:05,488 step=4800 train=3.43444 val=3.0324297904968263 lr=0.000120668
2026-09-30 22:10:06,147 step=4810 train=3.04157 val=None lr=0.000120145
2026-09-30 22:10:06,902 step=4820 train=3.15383 val=None lr=0.000119623
2026-09-30 22:10:07,662 step=4830 train=3.10826 val=None lr=0.000119102
2026-09-30 22:10:08,509 step=4840 train=3.03501 val=None lr=0.000118582
2026-09-30 22:10:09,412 step=4850 train=3.22259 val=None lr=0.000118062
2026-09-30 22:10:07,722 step=4860 train=2.87219 val=None lr=0.000117543
2026-09-30 22:10:08,446 step=4870 train=2.93826 val=None lr=0.000117025
2026-09-30 22:10:09,129 step=4880 train=3.01160 val=None lr=0.000116507
2026-09-30 22:10:09,829 step=4890 train=2.95856 val=None lr=0.000115991
2026-09-30 22:10:11,135 step=4900 train=2.99198 val=3.023479723930359 lr=0.000115475
2026-09-30 22:10:11,841 step=4910 train=3.13355 val=None lr=0.00011496
2026-09-30 22:10:12,562 step=4920 train=3.11018 val=None lr=0.000114446
2026-09-30 22:10:13,229 step=4930 train=3.24181 val=None lr=0.000113933
2026-09-30 22:10:14,138 step=4940 train=3.19985 val=None lr=0.000113421
2026-09-30 22:10:14,916 step=4950 train=2.96362 val=None lr=0.000112909
2026-09-30 22:10:15,613 step=4960 train=2.72593 val=None lr=0.000112399
2026-09-30 22:10:16,280 step=4970 train=3.05736 val=None lr=0.000111889
2026-09-30 22:10:16,977 step=4980 train=2.85377 val=None lr=0.00011138
2026-09-30 22:10:17,661 step=4990 train=3.28799 val=None lr=0.000110873
2026-09-30 22:10:19,067 step=5000 train=3.31700 val=3.016096556186676 lr=0.000110366
2026-09-30 22:10:20,438 step=5010 train=3.05413 val=None lr=0.00010986
2026-09-30 22:10:21,198 step=5020 train=3.18928 val=None lr=0.000109354
2026-09-30 22:10:21,944 step=5030 train=3.13965 val=None lr=0.00010885
2026-09-30 22:10:22,709 step=5040 train=3.00628 val=None lr=0.000108347
2026-09-30 22:10:23,433 step=5050 train=3.08567 val=None lr=0.000107845
2026-09-30 22:10:24,118 step=5060 train=3.31056 val=None lr=0.000107343
2026-09-30 22:10:24,961 step=5070 train=3.10635 val=None lr=0.000106843
2026-09-30 22:10:25,684 step=5080 train=3.46398 val=None lr=0.000106344
2026-09-30 22:10:26,395 step=5090 train=3.02829 val=None lr=0.000105845
2026-09-30 22:10:27,603 step=5100 train=3.22918 val=3.0075480699539185 lr=0.000105348
2026-09-30 22:10:28,303 step=5110 train=3.21849 val=None lr=0.000104852
2026-09-30 22:10:28,986 step=5120 train=3.14494 val=None lr=0.000104356
2026-09-30 22:10:29,689 step=5130 train=2.85519 val=None lr=0.000103862
2026-09-30 22:10:30,440 step=5140 train=3.02400 val=None lr=0.000103369
2026-09-30 22:10:31,134 step=5150 train=3.14233 val=None lr=0.000102876
2026-09-30 22:10:31,876 step=5160 train=3.21891 val=None lr=0.000102385
2026-09-30 22:10:32,631 step=5170 train=2.91358 val=None lr=0.000101895
2026-09-30 22:10:33,429 step=5180 train=3.16300 val=None lr=0.000101406
2026-09-30 22:10:34,156 step=5190 train=2.85464 val=None lr=0.000100918
2026-09-30 22:10:35,532 step=5200 train=3.34635 val=3.000545585155487 lr=0.000100431
2026-09-30 22:10:36,297 step=5210 train=2.88188 val=None lr=9.99448e-05
2026-09-30 22:10:36,952 step=5220 train=3.24645 val=None lr=9.946e-05
2026-09-30 22:10:37,754 step=5230 train=3.01419 val=None lr=9.89763e-05
2026-09-30 22:10:38,555 step=5240 train=3.11426 val=None lr=9.84938e-05
2026-09-30 22:10:39,290 step=5250 train=3.00563 val=None lr=9.80123e-05
2026-09-30 22:10:39,983 step=5260 train=2.97248 val=None lr=9.7532e-05
2026-09-30 22:10:38,254 step=5270 train=3.13864 val=None lr=9.70528e-05
2026-09-30 22:10:38,944 step=5280 train=3.37117 val=None lr=9.65747e-05
2026-09-30 22:10:39,774 step=5290 train=3.00937 val=None lr=9.60978e-05
2026-09-30 22:10:41,216 step=5300 train=3.23591 val=2.994185197353363 lr=9.56221e-05
2026-09-30 22:10:41,943 step=5310 train=2.93897 val=None lr=9.51475e-05
2026-09-30 22:10:42,807 step=5320 train=3.18407 val=None lr=9.46742e-05
2026-09-30 22:10:43,554 step=5330 train=3.08296 val=None lr=9.42019e-05
2026-09-30 22:10:44,292 step=5340 train=3.03741 val=None lr=9.37309e-05
2026-09-30 22:10:44,985 step=5350 train=2.90568 val=None lr=9.32611e-05
2026-09-30 22:10:45,903 step=5360 train=3.28920 val=None lr=9.27925e-05
2026-09-30 22:10:46,769 step=5370 train=3.10065 val=None lr=9.23251e-05
2026-09-30 22:10:47,491 step=5380 train=2.92775 val=None lr=9.18589e-05
2026-09-30 22:10:48,211 step=5390 train=3.06469 val=None lr=9.1394e-05
2026-09-30 22:10:49,557 step=5400 train=3.05863 val=2.9905277967453 lr=9.09303e-05
2026-09-30 22:10:50,364 step=5410 train=3.12615 val=None lr=9.04679e-05
2026-09-30 22:10:51,179 step=5420 train=2.87537 val=None lr=9.00067e-05
2026-09-30 22:10:51,846 step=5430 train=3.15872 val=None lr=8.95467e-05
2026-09-30 22:10:52,588 step=5440 train=3.05967 val=None lr=8.90881e-05
2026-09-30 22:10:53,273 step=5450 train=3.06403 val=None lr=8.86307e-05
2026-09-30 22:10:54,084 step=5460 train=3.28385 val=None lr=8.81746e-05
2026-09-30 22:10:54,912 step=5470 train=2.96844 val=None lr=8.77198e-05
2026-09-30 22:10:55,737 step=5480 train=2.98003 val=None lr=8.72662e-05
2026-09-30 22:10:56,572 step=5490 train=2.98217 val=None lr=8.6814e-05
2026-09-30 22:10:57,811 step=5500 train=3.07453 val=2.981183123588562 lr=8.63632e-05
2026-09-30 22:10:59,112 step=5510 train=2.79895 val=None lr=8.59136e-05
2026-09-30 22:10:59,903 step=5520 train=3.00506 val=None lr=8.54654e-05
2026-09-30 22:11:00,838 step=5530 train=2.94628 val=None lr=8.50185e-05
2026-09-30 22:11:01,633 step=5540 train=2.83156 val=None lr=8.45729e-05
2026-09-30 22:11:02,394 step=5550 train=3.34796 val=None lr=8.41288e-05
2026-09-30 22:11:03,147 step=5560 train=3.12179 val=None lr=8.36859e-05
2026-09-30 22:11:03,903 step=5570 train=3.09917 val=None lr=8.32445e-05
2026-09-30 22:11:04,768 step=5580 train=3.08154 val=None lr=8.28044e-05
2026-09-30 22:11:05,538 step=5590 train=2.99868 val=None lr=8.23657e-05
2026-09-30 22:11:06,882 step=5600 train=3.28079 val=2.977765941619873 lr=8.19284e-05
2026-09-30 22:11:07,571 step=5610 train=2.97652 val=None lr=8.14925e-05
2026-09-30 22:11:08,313 step=5620 train=2.88616 val=None lr=8.1058e-05
2026-09-30 22:11:09,024 step=5630 train=2.83720 val=None lr=8.06249e-05
2026-09-30 22:11:09,806 step=5640 train=3.02158 val=None lr=8.01932e-05
2026-09-30 22:11:08,124 step=5650 train=3.23306 val=None lr=7.9763e-05
2026-09-30 22:11:08,835 step=5660 train=3.08682 val=None lr=7.93342e-05
2026-09-30 22:11:09,729 step=5670 train=2.97968 val=None lr=7.89068e-05
2026-09-30 22:11:10,458 step=5680 train=3.21234 val=None lr=7.84809e-05
2026-09-30 22:11:11,184 step=5690 train=2.98558 val=None lr=7.80564e-05
2026-09-30 22:11:12,494 step=5700 train=3.18549 val=2.9717522621154786 lr=7.76334e-05
2026-09-30 22:11:13,306 step=5710 train=3.11312 val=None lr=7.72119e-05
2026-09-30 22:11:14,201 step=5720 train=3.13920 val=None lr=7.67919e-05
2026-09-30 22:11:15,096 step=5730 train=3.13218 val=None lr=7.63733e-05
2026-09-30 22:11:15,798 step=5740 train=2.99585 val=None lr=7.59562e-05
2026-09-30 22:11:16,497 step=5750 train=2.80129 val=None lr=7.55406e-05
2026-09-30 22:11:17,331 step=5760 train=3.09698 val=None lr=7.51266e-05
2026-09-30 22:11:18,051 step=5770 train=3.04003 val=None lr=7.4714e-05
2026-09-30 22:11:18,946 step=5780 train=3.10632 val=None lr=7.4303e-05
2026-09-30 22:11:19,644 step=5790 train=3.32583 val=None lr=7.38935e-05
2026-09-30 22:11:20,841 step=5800 train=3.21011 val=2.9653777122497558 lr=7.34855e-05
2026-09-30 22:11:21,555 step=5810 train=2.98863 val=None lr=7.30791e-05
2026-09-30 22:11:22,319 step=5820 train=3.09182 val=None lr=7.26742e-05
2026-09-30 22:11:23,228 step=5830 train=3.20416 val=None lr=7.22709e-05
2026-09-30 22:11:24,202 step=5840 train=3.00911 val=None lr=7.18691e-05
2026-09-30 22:11:25,052 step=5850 train=2.86956 val=None lr=7.14689e-05
2026-09-30 22:11:25,803 step=5860 train=3.04814 val=None lr=7.10703e-05
2026-09-30 22:11:26,574 step=5870 train=2.82051 val=None lr=7.06732e-05
2026-09-30 22:11:27,342 step=5880 train=2.78003 val=None lr=7.02778e-05
2026-09-30 22:11:28,082 step=5890 train=2.97671 val=None lr=6.98839e-05
2026-09-30 22:11:29,408 step=5900 train=2.80339 val=2.9602827548980715 lr=6.94916e-05
2026-09-30 22:11:30,260 step=5910 train=3.07332 val=None lr=6.9101e-05
2026-09-30 22:11:31,004 step=5920 train=3.31826 val=None lr=6.87119e-05
2026-09-30 22:11:31,742 step=5930 train=2.90905 val=None lr=6.83245e-05
2026-09-30 22:11:32,657 step=5940 train=2.78466 val=None lr=6.79387e-05
2026-09-30 22:11:33,461 step=5950 train=3.04266 val=None lr=6.75546e-05
2026-09-30 22:11:34,204 step=5960 train=3.01431 val=None lr=6.71721e-05
2026-09-30 22:11:34,981 step=5970 train=2.98589 val=None lr=6.67912e-05
2026-09-30 22:11:35,839 step=5980 train=2.98068 val=None lr=6.6412e-05
2026-09-30 22:11:36,768 step=5990 train=3.18499 val=None lr=6.60344e-05
2026-09-30 22:11:38,092 step=6000 train=2.88099 val=2.955272579193115 lr=6.56585e-05
2026-09-30 22:11:39,306 step=6010 train=2.95567 val=None lr=6.52843e-05
2026-09-30 22:11:40,226 step=6020 train=2.96394 val=None lr=6.49118e-05
2026-09-30 22:11:38,523 step=6030 train=3.14627 val=None lr=6.45409e-05
2026-09-30 22:11:39,518 step=6040 train=3.27036 val=None lr=6.41717e-05
2026-09-30 22:11:40,210 step=6050 train=3.06081 val=None lr=6.38043e-05
2026-09-30 22:11:40,928 step=6060 train=2.96497 val=None lr=6.34385e-05
2026-09-30 22:11:41,649 step=6070 train=3.02037 val=None lr=6.30744e-05
2026-09-30 22:11:42,355 step=6080 train=3.07183 val=None lr=6.27121e-05
2026-09-30 22:11:43,131 step=6090 train=3.09075 val=None lr=6.23515e-05
2026-09-30 22:11:44,468 step=6100 train=3.15302 val=2.95264333486557 lr=6.19926e-05
2026-09-30 22:11:45,167 step=6110 train=3.18924 val=None lr=6.16354e-05
2026-09-30 22:11:45,893 step=6120 train=2.93976 val=None lr=6.128e-05
2026-09-30 22:11:46,565 step=6130 train=2.83963 val=None lr=6.09264e-05
2026-09-30 22:11:47,288 step=6140 train=3.04375 val=None lr=6.05744e-05
2026-09-30 22:11:47,998 step=6150 train=2.95956 val=None lr=6.02243e-05
2026-09-30 22:11:48,794 step=6160 train=3.08829 val=None lr=5.98759e-05
2026-09-30 22:11:49,569 step=6170 train=3.04275 val=None lr=5.95293e-05
2026-09-30 22:11:50,421 step=6180 train=2.92539 val=None lr=5.91844e-05
2026-09-30 22:11:51,326 step=6190 train=3.21503 val=None lr=5.88413e-05
2026-09-30 22:11:52,534 step=6200 train=3.22324 val=2.9471201300621033 lr=5.85001e-05
2026-09-30 22:11:53,256 step=6210 train=3.08100 val=None lr=5.81606e-05
2026-09-30 22:11:54,195 step=6220 train=2.89230 val=None lr=5.78229e-05
2026-09-30 22:11:54,971 step=6230 train=3.16206 val=None lr=5.7487e-05
2026-09-30 22:11:55,756 step=6240 train=2.80201 val=None lr=5.71529e-05
2026-09-30 22:11:56,528 step=6250 train=2.88725 val=None lr=5.68207e-05
2026-09-30 22:11:57,248 step=6260 train=2.70732 val=None lr=5.64902e-05
2026-09-30 22:11:57,942 step=6270 train=3.09182 val=None lr=5.61616e-05
2026-09-30 22:11:58,725 step=6280 train=3.05962 val=None lr=5.58348e-05
2026-09-30 22:11:59,433 step=6290 train=2.99181 val=None lr=5.55099e-05
2026-09-30 22:12:00,810 step=6300 train=3.32120 val=2.943617415428162 lr=5.51868e-05
2026-09-30 22:12:01,581 step=6310 train=2.87126 val=None lr=5.48655e-05
2026-09-30 22:12:02,513 step=6320 train=3.42786 val=None lr=5.45461e-05
2026-09-30 22:12:03,208 step=6330 train=3.04745 val=None lr=5.42286e-05
2026-09-30 22:12:03,920 step=6340 train=3.01220 val=None lr=5.39129e-05
2026-09-30 22:12:04,656 step=6350 train=2.83594 val=None lr=5.35991e-05
2026-09-30 22:12:05,363 step=6360 train=2.87435 val=None lr=5.32872e-05
2026-09-30 22:12:06,058 step=6370 train=3.18500 val=None lr=5.29771e-05
2026-09-30 22:12:06,943 step=6380 train=2.81371 val=None lr=5.2669e-05
2026-09-30 22:12:07,715 step=6390 train=2.91921 val=None lr=5.23627e-05
2026-09-30 22:12:08,998 step=6400 train=3.14812 val=2.939174509048462 lr=5.20583e-05
2026-09-30 22:12:09,727 step=6410 train=2.81234 val=None lr=5.17558e-05
2026-09-30 22:12:08,108 step=6420 train=2.97637 val=None lr=5.14553e-05
2026-09-30 22:12:08,875 step=6430 train=2.97371 val=None lr=5.11566e-05
2026-09-30 22:12:09,642 step=6440 train=3.21155 val=None lr=5.08599e-05
2026-09-30 22:12:10,300 step=6450 train=3.31071 val=None lr=5.05651e-05
2026-09-30 22:12:11,075 step=6460 train=2.87793 val=None lr=5.02722e-05
2026-09-30 22:12:11,898 step=6470 train=3.03931 val=None lr=4.99812e-05
2026-09-30 22:12:12,567 step=6480 train=3.09448 val=None lr=4.96922e-05
2026-09-30 22:12:13,227 step=6490 train=2.76197 val=None lr=4.94051e-05
2026-09-30 22:12:14,378 step=6500 train=3.06942 val=2.938038873672485 lr=4.912e-05
2026-09-30 22:12:15,715 step=6510 train=3.04387 val=None lr=4.88368e-05
2026-09-30 22:12:16,433 step=6520 train=2.68473 val=None lr=4.85555e-05
2026-09-30 22:12:17,103 step=6530 train=2.75516 val=None lr=4.82763e-05
2026-09-30 22:12:17,849 step=6540 train=3.07724 val=None lr=4.7999e-05
2026-09-30 22:12:18,693 step=6550 train=3.00871 val=None lr=4.77236e-05
2026-09-30 22:12:19,370 step=6560 train=2.94890 val=None lr=4.74503e-05
2026-09-30 22:12:20,046 step=6570 train=3.13193 val=None lr=4.71789e-05
2026-09-30 22:12:20,729 step=6580 train=2.89882 val=None lr=4.69095e-05
2026-09-30 22:12:21,414 step=6590 train=2.96606 val=None lr=4.66421e-05
2026-09-30 22:12:22,804 step=6600 train=3.12823 val=2.934219217300415 lr=4.63767e-05
2026-09-30 22:12:23,548 step=6610 train=2.76568 val=None lr=4.61132e-05
2026-09-30 22:12:24,292 step=6620 train=2.93834 val=None lr=4.58518e-05
2026-09-30 22:12:25,061 step=6630 train=3.23266 val=None lr=4.55924e-05
2026-09-30 22:12:25,876 step=6640 train=2.86438 val=None lr=4.5335e-05
2026-09-30 22:12:26,638 step=6650 train=2.92919 val=None lr=4.50796e-05
2026-09-30 22:12:27,348 step=6660 train=3.15039 val=None lr=4.48262e-05
2026-09-30 22:12:28,137 step=6670 train=2.96283 val=None lr=4.45749e-05
2026-09-30 22:12:28,917 step=6680 train=3.04404 val=None lr=4.43255e-05
2026-09-30 22:12:29,671 step=6690 train=3.10960 val=None lr=4.40783e-05
2026-09-30 22:12:31,020 step=6700 train=2.79147 val=2.931850588321686 lr=4.3833e-05
2026-09-30 22:12:31,851 step=6710 train=2.87411 val=None lr=4.35898e-05
2026-09-30 22:12:32,670 step=6720 train=2.69343 val=None lr=4.33486e-05
2026-09-30 22:12:33,375 step=6730 train=3.07419 val=None lr=4.31095e-05
2026-09-30 22:12:34,125 step=6740 train=3.17174 val=None lr=4.28724e-05
2026-09-30 22:12:34,937 step=6750 train=3.11654 val=None lr=4.26374e-05
2026-09-30 22:12:35,833 step=6760 train=3.11386 val=None lr=4.24044e-05
2026-09-30 22:12:36,682 step=6770 train=3.16048 val=None lr=4.21735e-05
2026-09-30 22:12:37,428 step=6780 train=3.23868 val=None lr=4.19447e-05
2026-09-30 22:12:38,180 step=6790 train=2.89097 val=None lr=4.1718e-05
2026-09-30 22:12:39,381 step=6800 train=3.03279 val=2.9288941979408265 lr=4.14933e-05
2026-09-30 22:12:39,997 step=6810 train=3.06700 val=None lr=4.12707e-05
2026-09-30 22:12:38,311 step=6820 train=3.04212 val=None lr=4.10502e-05
2026-09-30 22:12:39,202 step=6830 train=2.92408 val=None lr=4.08317e-05
2026-09-30 22:12:39,999 step=6840 train=3.18656 val=None lr=4.06154e-05
2026-09-30 22:12:40,862 step=6850 train=3.03956 val=None lr=4.04012e-05
2026-09-30 22:12:41,541 step=6860 train=3.12431 val=None lr=4.0189e-05
2026-09-30 22:12:42,207 step=6870 train=2.68596 val=None lr=3.9979e-05
2026-09-30 22:12:42,928 step=6880 train=3.18101 val=None lr=3.9771e-05
2026-09-30 22:12:43,727 step=6890 train=2.71595 val=None lr=3.95652e-05
2026-09-30 22:12:44,977 step=6900 train=2.84261 val=2.925207245349884 lr=3.93615e-05
2026-09-30 22:12:45,733 step=6910 train=2.91347 val=None lr=3.91598e-05
2026-09-30 22:12:46,451 step=6920 train=2.70811 val=None lr=3.89604e-05
2026-09-30 22:12:47,209 step=6930 train=3.05356 val=None lr=3.8763e-05
2026-09-30 22:12:47,874 step=6940 train=2.89354 val=None lr=3.85677e-05
2026-09-30 22:12:48,601 step=6950 train=3.23295 val=None lr=3.83746e-05
2026-09-30 22:12:49,451 step=6960 train=2.97738 val=None lr=3.81836e-05
2026-09-30 22:12:50,223 step=6970 train=3.15850 val=None lr=3.79948e-05
2026-09-30 22:12:50,992 step=6980 train=3.24821 val=None lr=3.78081e-05
2026-09-30 22:12:51,819 step=6990 train=3.08344 val=None lr=3.76235e-05
2026-09-30 22:12:53,247 step=7000 train=3.11641 val=2.9224377632141114 lr=3.74411e-05
2026-09-30 22:12:54,491 step=7010 train=2.77635 val=None lr=3.72608e-05
2026-09-30 22:12:55,593 step=7020 train=3.00117 val=None lr=3.70827e-05
2026-09-30 22:12:56,276 step=7030 train=2.79284 val=None lr=3.69067e-05
2026-09-30 22:12:56,963 step=7040 train=2.82162 val=None lr=3.67329e-05
2026-09-30 22:12:57,741 step=7050 train=2.98126 val=None lr=3.65612e-05
2026-09-30 22:12:58,550 step=7060 train=3.15277 val=None lr=3.63917e-05
2026-09-30 22:12:59,445 step=7070 train=2.83711 val=None lr=3.62244e-05
2026-09-30 22:13:00,185 step=7080 train=2.90106 val=None lr=3.60592e-05
2026-09-30 22:13:00,905 step=7090 train=2.96453 val=None lr=3.58962e-05
2026-09-30 22:13:02,123 step=7100 train=3.04545 val=2.9194748997688293 lr=3.57354e-05
2026-09-30 22:13:02,810 step=7110 train=3.11959 val=None lr=3.55768e-05
2026-09-30 22:13:03,543 step=7120 train=3.14353 val=None lr=3.54203e-05
2026-09-30 22:13:04,235 step=7130 train=2.97730 val=None lr=3.5266e-05
2026-09-30 22:13:04,928 step=7140 train=3.00369 val=None lr=3.51139e-05
2026-09-30 22:13:05,646 step=7150 train=3.00474 val=None lr=3.4964e-05
2026-09-30 22:13:06,405 step=7160 train=2.74601 val=None lr=3.48163e-05
2026-09-30 22:13:07,119 step=7170 train=2.88229 val=None lr=3.46708e-05
2026-09-30 22:13:07,831 step=7180 train=2.83619 val=None lr=3.45274e-05
2026-09-30 22:13:08,552 step=7190 train=2.94785 val=None lr=3.43863e-05
2026-09-30 22:13:09,820 step=7200 train=3.05697 val=2.918761169910431 lr=3.42473e-05
2026-09-30 22:13:08,156 step=7210 train=3.12405 val=None lr=3.41106e-05
2026-09-30 22:13:08,885 step=7220 train=2.73882 val=None lr=3.39761e-05
2026-09-30 22:13:09,600 step=7230 train=2.95270 val=None lr=3.38437e-05
2026-09-30 22:13:10,327 step=7240 train=3.09636 val=None lr=3.37136e-05
2026-09-30 22:13:11,058 step=7250 train=2.93578 val=None lr=3.35857e-05
2026-09-30 22:13:11,717 step=7260 train=2.67342 val=None lr=3.346e-05
2026-09-30 22:13:12,407 step=7270 train=2.73037 val=None lr=3.33365e-05
2026-09-30 22:13:13,255 step=7280 train=2.75768 val=None lr=3.32152e-05
2026-09-30 22:13:13,971 step=7290 train=2.96217 val=None lr=3.30962e-05
2026-09-30 22:13:15,244 step=7300 train=2.99164 val=2.9163791656494142 lr=3.29793e-05
2026-09-30 22:13:15,933 step=7310 train=3.12977 val=None lr=3.28647e-05
2026-09-30 22:13:16,767 step=7320 train=2.98236 val=None lr=3.27523e-05
2026-09-30 22:13:17,665 step=7330 train=3.03705 val=None lr=3.26422e-05
2026-09-30 22:13:18,469 step=7340 train=2.83560 val=None lr=3.25342e-05
2026-09-30 22:13:19,188 step=7350 train=2.93386 val=None lr=3.24285e-05
2026-09-30 22:13:19,965 step=7360 train=2.86090 val=None lr=3.2325e-05
2026-09-30 22:13:20,754 step=7370 train=3.04477 val=None lr=3.22238e-05
2026-09-30 22:13:21,530 step=7380 train=3.11055 val=None lr=3.21248e-05
2026-09-30 22:13:22,368 step=7390 train=3.02222 val=None lr=3.2028e-05
2026-09-30 22:13:23,851 step=7400 train=2.96811 val=2.9139463663101197 lr=3.19335e-05
2026-09-30 22:13:24,537 step=7410 train=3.21950 val=None lr=3.18412e-05
2026-09-30 22:13:25,269 step=7420 train=2.88439 val=None lr=3.17512e-05
2026-09-30 22:13:25,986 step=7430 train=2.98929 val=None lr=3.16634e-05
2026-09-30 22:13:26,712 step=7440 train=2.95764 val=None lr=3.15778e-05
2026-09-30 22:13:27,475 step=7450 train=2.90854 val=None lr=3.14945e-05
2026-09-30 22:13:28,201 step=7460 train=3.00498 val=None lr=3.14134e-05
2026-09-30 22:13:28,925 step=7470 train=2.86297 val=None lr=3.13346e-05
2026-09-30 22:13:29,616 step=7480 train=2.94245 val=None lr=3.12581e-05
2026-09-30 22:13:30,356 step=7490 train=3.05852 val=None lr=3.11837e-05
2026-09-30 22:13:31,662 step=7500 train=2.70285 val=2.911499786376953 lr=3.11117e-05
2026-09-30 22:13:32,835 step=7510 train=3.00871 val=None lr=3.10419e-05
2026-09-30 22:13:33,572 step=7520 train=2.99730 val=None lr=3.09743e-05
2026-09-30 22:13:34,341 step=7530 train=2.88912 val=None lr=3.0909e-05
2026-09-30 22:13:35,101 step=7540 train=2.72521 val=None lr=3.0846e-05
2026-09-30 22:13:35,819 step=7550 train=2.85668 val=None lr=3.07852e-05
2026-09-30 22:13:36,558 step=7560 train=2.92805 val=None lr=3.07267e-05
2026-09-30 22:13:37,251 step=7570 train=2.93966 val=None lr=3.06704e-05
2026-09-30 22:13:38,064 step=7580 train=2.97874 val=None lr=3.06164e-05
2026-09-30 22:13:38,828 step=7590 train=3.02481 val=None lr=3.05647e-05
2026-09-30 22:13:40,185 step=7600 train=2.85907 val=2.9100345969200134 lr=3.05152e-05
2026-09-30 22:13:38,486 step=7610 train=3.01308 val=None lr=3.0468e-05
2026-09-30 22:13:39,307 step=7620 train=2.93829 val=None lr=3.0423e-05
2026-09-30 22:13:40,035 step=7630 train=3.27596 val=None lr=3.03804e-05
2026-09-30 22:13:40,699 step=7640 train=2.94163 val=None lr=3.03399e-05
2026-09-30 22:13:41,398 step=7650 train=3.39948 val=None lr=3.03018e-05
2026-09-30 22:13:42,100 step=7660 train=2.78883 val=None lr=3.02659e-05
2026-09-30 22:13:42,804 step=7670 train=2.79459 val=None lr=3.02323e-05
2026-09-30 22:13:43,613 step=7680 train=2.82473 val=None lr=3.02009e-05
2026-09-30 22:13:44,621 step=7690 train=3.08384 val=None lr=3.01719e-05
2026-09-30 22:13:45,912 step=7700 train=3.17531 val=2.907700836658478 lr=3.01451e-05
2026-09-30 22:13:46,687 step=7710 train=3.35158 val=None lr=3.01205e-05
2026-09-30 22:13:47,527 step=7720 train=3.26946 val=None lr=3.00983e-05
2026-09-30 22:13:48,309 step=7730 train=2.93042 val=None lr=3.00783e-05
2026-09-30 22:13:49,038 step=7740 train=3.05069 val=None lr=3.00605e-05
2026-09-30 22:13:49,749 step=7750 train=3.03024 val=None lr=3.00451e-05
2026-09-30 22:13:50,434 step=7760 train=3.14371 val=None lr=3.00319e-05
2026-09-30 22:13:51,110 step=7770 train=2.96387 val=None lr=3.0021e-05
2026-09-30 22:13:51,836 step=7780 train=2.98854 val=None lr=3.00124e-05
2026-09-30 22:13:52,612 step=7790 train=2.93035 val=None lr=3.0006e-05
2026-09-30 22:13:53,875 step=7800 train=3.01690 val=2.9066662192344666 lr=3.00019e-05
2026-09-30 22:13:54,626 step=7810 train=3.02400 val=None lr=3.00001e-05
2026-09-30 22:13:55,230 step=7813 train=3.10676 val=2.9066802859306335 lr=3e-05
2026-09-30 22:13:55,767 Completed: final validation loss 2.906680
